Archive member included to satisfy reference by file (symbol)

.\CortexM3\ARM_GCC_541\Debug\RADAR_Movement_Detector.a(CyDmac.o)
                              .\CortexM3\ARM_GCC_541\Debug\Cm3Start.o (CyDmacConfigure)
.\CortexM3\ARM_GCC_541\Debug\RADAR_Movement_Detector.a(CyLib.o)
                              .\CortexM3\ARM_GCC_541\Debug\Cm3Start.o (CyHalt)
.\CortexM3\ARM_GCC_541\Debug\RADAR_Movement_Detector.a(cyPm.o)
                              .\CortexM3\ARM_GCC_541\Debug\RADAR_Movement_Detector.a(CyLib.o) (CyPmReadStatus)
.\CortexM3\ARM_GCC_541\Debug\RADAR_Movement_Detector.a(ErikaOS_ee_activate.o)
                              .\CortexM3\ARM_GCC_541\Debug\main.o (EE_oo_ActivateTask)
.\CortexM3\ARM_GCC_541\Debug\RADAR_Movement_Detector.a(ErikaOS_ee_altick.o)
                              .\CortexM3\ARM_GCC_541\Debug\main.o (EE_oo_IncrementCounter)
.\CortexM3\ARM_GCC_541\Debug\RADAR_Movement_Detector.a(ErikaOS_ee_evclear.o)
                              .\CortexM3\ARM_GCC_541\Debug\main.o (EE_oo_ClearEvent)
.\CortexM3\ARM_GCC_541\Debug\RADAR_Movement_Detector.a(ErikaOS_ee_evget.o)
                              .\CortexM3\ARM_GCC_541\Debug\main.o (EE_oo_GetEvent)
.\CortexM3\ARM_GCC_541\Debug\RADAR_Movement_Detector.a(ErikaOS_ee_evset.o)
                              .\CortexM3\ARM_GCC_541\Debug\main.o (EE_oo_SetEvent)
.\CortexM3\ARM_GCC_541\Debug\RADAR_Movement_Detector.a(ErikaOS_ee_evwait.o)
                              .\CortexM3\ARM_GCC_541\Debug\main.o (EE_oo_WaitEvent)
.\CortexM3\ARM_GCC_541\Debug\RADAR_Movement_Detector.a(ErikaOS_ee_irqendin.o)
                              .\CortexM3\ARM_GCC_541\Debug\main.o (EE_IRQ_end_post_stub)
.\CortexM3\ARM_GCC_541\Debug\RADAR_Movement_Detector.a(ErikaOS_ee_lookup.o)
                              .\CortexM3\ARM_GCC_541\Debug\RADAR_Movement_Detector.a(ErikaOS_ee_irqendin.o) (EE_oo_IRQ_disable_count)
.\CortexM3\ARM_GCC_541\Debug\RADAR_Movement_Detector.a(ErikaOS_ee_rq_exchg.o)
                              .\CortexM3\ARM_GCC_541\Debug\RADAR_Movement_Detector.a(ErikaOS_ee_activate.o) (EE_rq2stk_exchange)
.\CortexM3\ARM_GCC_541\Debug\RADAR_Movement_Detector.a(ErikaOS_ee_rq_first.o)
                              .\CortexM3\ARM_GCC_541\Debug\RADAR_Movement_Detector.a(ErikaOS_ee_activate.o) (EE_rq_queryfirst)
.\CortexM3\ARM_GCC_541\Debug\RADAR_Movement_Detector.a(ErikaOS_ee_rq_inser.o)
                              .\CortexM3\ARM_GCC_541\Debug\RADAR_Movement_Detector.a(ErikaOS_ee_activate.o) (EE_rq_insert)
.\CortexM3\ARM_GCC_541\Debug\RADAR_Movement_Detector.a(ErikaOS_ee_startos.o)
                              .\CortexM3\ARM_GCC_541\Debug\main.o (EE_oo_StartOS)
.\CortexM3\ARM_GCC_541\Debug\RADAR_Movement_Detector.a(ErikaOS_ee_terminat.o)
                              .\CortexM3\ARM_GCC_541\Debug\main.o (EE_oo_TerminateTask)
.\CortexM3\ARM_GCC_541\Debug\RADAR_Movement_Detector.a(ErikaOS_cortex_mx_ee_utils.o)
                              .\CortexM3\ARM_GCC_541\Debug\main.o (EE_system_init)
.\CortexM3\ARM_GCC_541\Debug\RADAR_Movement_Detector.a(ErikaOS_common_ee_hal_structs.o)
                              .\CortexM3\ARM_GCC_541\Debug\RADAR_Movement_Detector.a(ErikaOS_ee_irqendin.o) (EE_std_endcycle_next_tid)
.\CortexM3\ARM_GCC_541\Debug\RADAR_Movement_Detector.a(ErikaOS_eecfg.o)
                              .\CortexM3\ARM_GCC_541\Debug\RADAR_Movement_Detector.a(ErikaOS_ee_startos.o) (EE_oo_autostart_task_data)
.\CortexM3\ARM_GCC_541\Debug\RADAR_Movement_Detector.a(LED_green.o)
                              .\CortexM3\ARM_GCC_541\Debug\led.o (LED_green_Write)
.\CortexM3\ARM_GCC_541\Debug\RADAR_Movement_Detector.a(LED_orange.o)
                              .\CortexM3\ARM_GCC_541\Debug\led.o (LED_orange_Write)
.\CortexM3\ARM_GCC_541\Debug\RADAR_Movement_Detector.a(LED_red.o)
                              .\CortexM3\ARM_GCC_541\Debug\led.o (LED_red_Write)
.\CortexM3\ARM_GCC_541\Debug\RADAR_Movement_Detector.a(UART_LOG.o)
                              .\CortexM3\ARM_GCC_541\Debug\uart.o (UART_LOG_Start)
.\CortexM3\ARM_GCC_541\Debug\RADAR_Movement_Detector.a(UART_LOG_IntClock.o)
                              .\CortexM3\ARM_GCC_541\Debug\RADAR_Movement_Detector.a(UART_LOG.o) (UART_LOG_IntClock_Start)
.\CortexM3\ARM_GCC_541\Debug\RADAR_Movement_Detector.a(WaveDAC8.o)
                              .\CortexM3\ARM_GCC_541\Debug\dac_adc.o (WaveDAC8_Stop)
.\CortexM3\ARM_GCC_541\Debug\RADAR_Movement_Detector.a(WaveDAC8_DacClk.o)
                              .\CortexM3\ARM_GCC_541\Debug\RADAR_Movement_Detector.a(WaveDAC8.o) (WaveDAC8_DacClk_Start)
.\CortexM3\ARM_GCC_541\Debug\RADAR_Movement_Detector.a(WaveDAC8_Wave1_DMA_dma.o)
                              .\CortexM3\ARM_GCC_541\Debug\RADAR_Movement_Detector.a(WaveDAC8.o) (WaveDAC8_Wave1_DMA_DmaInitialize)
.\CortexM3\ARM_GCC_541\Debug\RADAR_Movement_Detector.a(WaveDAC8_Wave2_DMA_dma.o)
                              .\CortexM3\ARM_GCC_541\Debug\RADAR_Movement_Detector.a(WaveDAC8.o) (WaveDAC8_Wave2_DMA_DmaInitialize)
[...]
Memory Configuration

Name             Origin             Length             Attributes
rom              0x00000000         0x00040000         xr
ram              0x1fff8000         0x00010000         xrw
*default*        0x00000000         0xffffffff

Linker script and memory map

LOAD c:/program files (x86)/cypress/psoc creator/4.4/psoc creator/import/gnu/arm/5.4.1/bin/../lib/gcc/arm-none-eabi/5.4.1/armv7-m/crti.o
LOAD c:/program files (x86)/cypress/psoc creator/4.4/psoc creator/import/gnu/arm/5.4.1/bin/../lib/gcc/arm-none-eabi/5.4.1/armv7-m/crtbegin.o
LOAD c:/program files (x86)/cypress/psoc creator/4.4/psoc creator/import/gnu/arm/5.4.1/bin/../lib/gcc/arm-none-eabi/5.4.1/../../../../arm-none-eabi/lib/armv7-m/crt0.o
START GROUP
LOAD .\CortexM3\ARM_GCC_541\Debug\main.o
LOAD .\CortexM3\ARM_GCC_541\Debug\detector.o
LOAD .\CortexM3\ARM_GCC_541\Debug\led.o
LOAD .\CortexM3\ARM_GCC_541\Debug\uart.o
LOAD .\CortexM3\ARM_GCC_541\Debug\dma.o
LOAD .\CortexM3\ARM_GCC_541\Debug\dac_adc.o
LOAD .\CortexM3\ARM_GCC_541\Debug\cyfitter_cfg.o
LOAD .\CortexM3\ARM_GCC_541\Debug\cymetadata.o
LOAD .\CortexM3\ARM_GCC_541\Debug\Cm3Start.o
LOAD .\CortexM3\ARM_GCC_541\Debug\RADAR_Movement_Detector.a
LOAD C:\Program Files (x86)\Cypress\PSoC Creator\4.4\PSoC Creator\psoc\content\cycomponentlibrary\CyComponentLibrary.cylib\CortexM3\ARM_GCC_541\Debug\CyComponentLibrary.a
LOAD .\source\bsw\fft_application\libfft_application.a
END GROUP
START GROUP
LOAD c:/program files (x86)/cypress/psoc creator/4.4/psoc creator/import/gnu/arm/5.4.1/bin/../lib/gcc/arm-none-eabi/5.4.1/armv7-m\libgcc.a
LOAD c:/program files (x86)/cypress/psoc creator/4.4/psoc creator/import/gnu/arm/5.4.1/bin/../lib/gcc/arm-none-eabi/5.4.1/../../../../arm-none-eabi/lib/armv7-m\libg_nano.a
LOAD c:/program files (x86)/cypress/psoc creator/4.4/psoc creator/import/gnu/arm/5.4.1/bin/../lib/gcc/arm-none-eabi/5.4.1/../../../../arm-none-eabi/lib/armv7-m\libc_nano.a
END GROUP
START GROUP
LOAD c:/program files (x86)/cypress/psoc creator/4.4/psoc creator/import/gnu/arm/5.4.1/bin/../lib/gcc/arm-none-eabi/5.4.1/armv7-m\libgcc.a
LOAD c:/program files (x86)/cypress/psoc creator/4.4/psoc creator/import/gnu/arm/5.4.1/bin/../lib/gcc/arm-none-eabi/5.4.1/../../../../arm-none-eabi/lib/armv7-m\libc_nano.a
END GROUP
LOAD c:/program files (x86)/cypress/psoc creator/4.4/psoc creator/import/gnu/arm/5.4.1/bin/../lib/gcc/arm-none-eabi/5.4.1/armv7-m/crtend.o
LOAD c:/program files (x86)/cypress/psoc creator/4.4/psoc creator/import/gnu/arm/5.4.1/bin/../lib/gcc/arm-none-eabi/5.4.1/armv7-m/crtn.o
START GROUP
LOAD c:/program files (x86)/cypress/psoc creator/4.4/psoc creator/import/gnu/arm/5.4.1/bin/../lib/gcc/arm-none-eabi/5.4.1/armv7-m\libgcc.a
LOAD c:/program files (x86)/cypress/psoc creator/4.4/psoc creator/import/gnu/arm/5.4.1/bin/../lib/gcc/arm-none-eabi/5.4.1/../../../../arm-none-eabi/lib/armv7-m\libc.a
LOAD c:/program files (x86)/cypress/psoc creator/4.4/psoc creator/import/gnu/arm/5.4.1/bin/../lib/gcc/arm-none-eabi/5.4.1/../../../../arm-none-eabi/lib/armv7-m\libnosys.a
END GROUP
                0x00000000                CY_APPL_ORIGIN = 0x0
                0x00000100                CY_FLASH_ROW_SIZE = 0x100
                0x00000020                CY_ECC_ROW_SIZE = 0x20
                0x00000000                CY_EE_IN_BTLDR = 0x0
                0x00000000                CY_APPL_LOADABLE = 0x0
                0x00000800                CY_EE_SIZE = 0x800
                0x00000001                CY_APPL_NUM = 0x1
                0x00000001                CY_APPL_MAX = 0x1
                0x00000040                CY_METADATA_SIZE = 0x40
                0x00000000                CY_APPL_LOADABLE = 0x0
                0x00000000                CY_CHECKSUM_EXCLUDE_SIZE = ALIGN (0x0, CY_FLASH_ROW_SIZE)
                [!provide]                PROVIDE (__cy_heap_start, _end)
                0x00000001                PROVIDE (__cy_region_num, ((__cy_regions_end - __cy_regions) / 0x10))
                0x20008000                PROVIDE (__cy_stack, (ORIGIN (ram) + LENGTH (ram)))
                [!provide]                PROVIDE (__cy_heap_end, (__cy_stack - 0x800))

.cybootloader   0x00000000        0x0
 *(.cybootloader)
                0x00000000                appl1_start = CY_APPL_ORIGIN?CY_APPL_ORIGIN:ALIGN (CY_FLASH_ROW_SIZE)
                0x0001ff00                appl2_start = (appl1_start + ALIGN ((((LENGTH (rom) - appl1_start) - (0x2 * CY_FLASH_ROW_SIZE)) / 0x2), CY_FLASH_ROW_SIZE))
                0x00000000                appl_start = (CY_APPL_NUM == 0x1)?appl1_start:appl2_start
                0x00000000                ecc_offset = ((appl_start / CY_FLASH_ROW_SIZE) * CY_ECC_ROW_SIZE)
                0x00000000                ee_offset = (CY_APPL_LOADABLE && ! (CY_EE_IN_BTLDR))?((CY_EE_SIZE / CY_APPL_MAX) * (CY_APPL_NUM - 0x1)):0x0
                0x00000800                ee_size = (CY_APPL_LOADABLE && ! (CY_EE_IN_BTLDR))?(CY_EE_SIZE / CY_APPL_MAX):CY_EE_SIZE
                [!provide]                PROVIDE (CY_ECC_OFFSET, ecc_offset)

.text           0x00000000     0x25a6
 CREATE_OBJECT_SYMBOLS
                0x00000000                PROVIDE (__cy_interrupt_vector, RomVectors)
 *(.romvectors)
 .romvectors    0x00000000       0x10 .\CortexM3\ARM_GCC_541\Debug\Cm3Start.o
                0x00000000                RomVectors
                0x00000001                ASSERT ((. != __cy_interrupt_vector), No interrupt vector)
                0x00000001                ASSERT (CY_APPL_ORIGIN?(SIZEOF (.cybootloader) <= CY_APPL_ORIGIN):0x1, Wrong image location)
                0x00000010                PROVIDE (__cy_reset, Reset)
 *(.text.Reset)
 .text.Reset    0x00000010       0x18 .\CortexM3\ARM_GCC_541\Debug\Cm3Start.o
                0x00000010                Reset
                0x00000001                ASSERT ((. != __cy_reset), No reset code)
 *(.dma_init)
                0x00000001                ASSERT ((((appl_start + .) <= 0x10000) || 0x1), DMA Init must be within the first 64k of flash)
 *(.text .text.* .gnu.linkonce.t.*)
 .text          0x00000028       0x5c c:/program files (x86)/cypress/psoc creator/4.4/psoc creator/import/gnu/arm/5.4.1/bin/../lib/gcc/arm-none-eabi/5.4.1/armv7-m/crtbegin.o
 .text.ISR2_systick_handler
                0x00000084        0xc .\CortexM3\ARM_GCC_541\Debug\main.o
                0x00000084                ISR2_systick_handler
 .text.systick_handler
                0x00000090       0x98 .\CortexM3\ARM_GCC_541\Debug\main.o
                0x00000090                systick_handler
 .text.main     0x00000128       0x28 .\CortexM3\ARM_GCC_541\Debug\main.o
                0x00000128                main
 .text.Functsk_init
                0x00000150       0x30 .\CortexM3\ARM_GCC_541\Debug\main.o
                0x00000150                Functsk_init
 .text.Functsk_control
                0x00000180       0x2c .\CortexM3\ARM_GCC_541\Debug\main.o
                0x00000180                Functsk_control
 .text.Functsk_background
                0x000001ac        0x4 .\CortexM3\ARM_GCC_541\Debug\main.o
                0x000001ac                Functsk_background
 .text.ISR2_isr_UART_Rx
                0x000001b0       0x24 .\CortexM3\ARM_GCC_541\Debug\main.o
                0x000001b0                ISR2_isr_UART_Rx
 .text.isr_UART_Rx
                0x000001d4       0x98 .\CortexM3\ARM_GCC_541\Debug\main.o
                0x000001d4                isr_UART_Rx
 .text.ISR2_isr_DMA_ADC_MEM
                0x0000026c        0xc .\CortexM3\ARM_GCC_541\Debug\main.o
                0x0000026c                ISR2_isr_DMA_ADC_MEM
 .text.isr_DMA_ADC_MEM
                0x00000278       0x98 .\CortexM3\ARM_GCC_541\Debug\main.o
                0x00000278                isr_DMA_ADC_MEM
 .text.ISR2_isr_pushButton
                0x00000310        0xc .\CortexM3\ARM_GCC_541\Debug\main.o
                0x00000310                ISR2_isr_pushButton
 .text.isr_pushButton
                0x0000031c       0x98 .\CortexM3\ARM_GCC_541\Debug\main.o
                0x0000031c                isr_pushButton
 .text.DETECTOR_initDrivers
                0x000003b4       0x18 .\CortexM3\ARM_GCC_541\Debug\detector.o
                0x000003b4                DETECTOR_initDrivers
 .text.DETECTOR_setLedState
                0x000003cc       0x48 .\CortexM3\ARM_GCC_541\Debug\detector.o
                0x000003cc                DETECTOR_setLedState
 .text.DETECTOR_init
                0x00000414       0x34 .\CortexM3\ARM_GCC_541\Debug\detector.o
                0x00000414                DETECTOR_init
 .text.DETECTOR_processEvents
                0x00000448      0x104 .\CortexM3\ARM_GCC_541\Debug\detector.o
                0x00000448                DETECTOR_processEvents
 .text.LED_Set  0x0000054c       0x60 .\CortexM3\ARM_GCC_541\Debug\led.o
                0x0000054c                LED_Set
 .text.UART_init
                0x000005ac        0xc .\CortexM3\ARM_GCC_541\Debug\uart.o
                0x000005ac                UART_init
 .text.DMA_Init
                0x000005b8       0x9c .\CortexM3\ARM_GCC_541\Debug\dma.o
                0x000005b8                DMA_Init
 .text.DMA_Set  0x00000654       0x54 .\CortexM3\ARM_GCC_541\Debug\dma.o
                0x00000654                DMA_Set
 .text.ADC_Init
                0x000006a8        0x8 .\CortexM3\ARM_GCC_541\Debug\dac_adc.o
                0x000006a8                ADC_Init
 .text.DAC_Init
                0x000006b0        0x4 .\CortexM3\ARM_GCC_541\Debug\dac_adc.o
                0x000006b0                DAC_Init
 .text.DAC_Set  0x000006b4       0x18 .\CortexM3\ARM_GCC_541\Debug\dac_adc.o
                0x000006b4                DAC_Set
 .text.ADC_Set  0x000006cc       0x18 .\CortexM3\ARM_GCC_541\Debug\dac_adc.o
                0x000006cc                ADC_Set
 .text.CyClockStartupError
                0x000006e4        0x4 .\CortexM3\ARM_GCC_541\Debug\cyfitter_cfg.o
 .text.cfg_write_bytes32
                0x000006e8       0x34 .\CortexM3\ARM_GCC_541\Debug\cyfitter_cfg.o
 .text.AnalogSetDefault
                0x0000071c       0x40 .\CortexM3\ARM_GCC_541\Debug\cyfitter_cfg.o
 .text.CYMEMZERO
                0x0000075c        0xc .\CortexM3\ARM_GCC_541\Debug\cyfitter_cfg.o
 .text.CYCONFIGCPY
                0x00000768        0x8 .\CortexM3\ARM_GCC_541\Debug\cyfitter_cfg.o
 .text.ClockSetup
                0x00000770      0x108 .\CortexM3\ARM_GCC_541\Debug\cyfitter_cfg.o
 .text.ADC_DelSig_AMux_Set
                0x00000878       0x1c .\CortexM3\ARM_GCC_541\Debug\cyfitter_cfg.o
                0x00000878                ADC_DelSig_AMux_Set
 .text.ADC_DelSig_AMux_Unset
                0x00000894       0x1c .\CortexM3\ARM_GCC_541\Debug\cyfitter_cfg.o
                0x00000894                ADC_DelSig_AMux_Unset
 .text.cyfitter_cfg
                0x000008b0      0x12c .\CortexM3\ARM_GCC_541\Debug\cyfitter_cfg.o
                0x000008b0                cyfitter_cfg
 .text.IntDefaultHandler
                0x000009dc       0x10 .\CortexM3\ARM_GCC_541\Debug\Cm3Start.o
                0x000009dc                IntDefaultHandler
 .text.Start_c  0x000009ec       0x4c .\CortexM3\ARM_GCC_541\Debug\Cm3Start.o
                0x000009ec                Start_c
 .text.initialize_psoc
                0x00000a38       0x6c .\CortexM3\ARM_GCC_541\Debug\Cm3Start.o
                0x00000a38                initialize_psoc
 .text.CyDmacConfigure
                0x00000aa4       0x34 .\CortexM3\ARM_GCC_541\Debug\RADAR_Movement_Detector.a(CyDmac.o)
                0x00000aa4                CyDmacConfigure
 .text.CyDmaChEnable
                0x00000ad8       0x38 .\CortexM3\ARM_GCC_541\Debug\RADAR_Movement_Detector.a(CyDmac.o)
                0x00000ad8                CyDmaChEnable
 .text.CyDmaChDisable
                0x00000b10       0x24 .\CortexM3\ARM_GCC_541\Debug\RADAR_Movement_Detector.a(CyDmac.o)
                0x00000b10                CyDmaChDisable
 .text.CyDmaChPriority
                0x00000b34       0x24 .\CortexM3\ARM_GCC_541\Debug\RADAR_Movement_Detector.a(CyDmac.o)
                0x00000b34                CyDmaChPriority
 .text.CyDmaChSetExtendedAddress
                0x00000b58       0x34 .\CortexM3\ARM_GCC_541\Debug\RADAR_Movement_Detector.a(CyDmac.o)
                0x00000b58                CyDmaChSetExtendedAddress
 .text.CyDmaChSetInitialTd
                0x00000b8c       0x18 .\CortexM3\ARM_GCC_541\Debug\RADAR_Movement_Detector.a(CyDmac.o)
                0x00000b8c                CyDmaChSetInitialTd
 .text.CyDmaChSetConfiguration
                0x00000ba4       0x44 .\CortexM3\ARM_GCC_541\Debug\RADAR_Movement_Detector.a(CyDmac.o)
                0x00000ba4                CyDmaChSetConfiguration
 .text.CyDmaTdAllocate
                0x00000be8       0x34 .\CortexM3\ARM_GCC_541\Debug\RADAR_Movement_Detector.a(CyDmac.o)
                0x00000be8                CyDmaTdAllocate
 .text.CyDmaTdSetConfiguration
                0x00000c1c       0x28 .\CortexM3\ARM_GCC_541\Debug\RADAR_Movement_Detector.a(CyDmac.o)
                0x00000c1c                CyDmaTdSetConfiguration
 .text.CyDmaTdSetAddress
                0x00000c44       0x1c .\CortexM3\ARM_GCC_541\Debug\RADAR_Movement_Detector.a(CyDmac.o)
                0x00000c44                CyDmaTdSetAddress
 .text.CyHalt   0x00000c60        0x4 .\CortexM3\ARM_GCC_541\Debug\RADAR_Movement_Detector.a(CyLib.o)
                0x00000c60                CyHalt
 .text.CyDelayUs
                0x00000c64       0x14 .\CortexM3\ARM_GCC_541\Debug\RADAR_Movement_Detector.a(CyLib.o)
                0x00000c64                CyDelayUs
 .text.CyIntSetVector
                0x00000c78       0x28 .\CortexM3\ARM_GCC_541\Debug\RADAR_Movement_Detector.a(CyLib.o)
                0x00000c78                CyIntSetVector
 .text.CyIntSetPriority
                0x00000ca0       0x30 .\CortexM3\ARM_GCC_541\Debug\RADAR_Movement_Detector.a(CyLib.o)
                0x00000ca0                CyIntSetPriority
 .text.EE_oo_ActivateTask
                0x00000cd0       0xe8 .\CortexM3\ARM_GCC_541\Debug\RADAR_Movement_Detector.a(ErikaOS_ee_activate.o)
                0x00000cd0                EE_oo_ActivateTask
 .text.EE_oo_handle_action_callback
                0x00000db8        0xc .\CortexM3\ARM_GCC_541\Debug\RADAR_Movement_Detector.a(ErikaOS_ee_altick.o)
 .text.EE_oo_handle_action_task
                0x00000dc4       0x4c .\CortexM3\ARM_GCC_541\Debug\RADAR_Movement_Detector.a(ErikaOS_ee_altick.o)
 .text.EE_oo_handle_action_event
                0x00000e10       0x60 .\CortexM3\ARM_GCC_541\Debug\RADAR_Movement_Detector.a(ErikaOS_ee_altick.o)
 .text.EE_oo_handle_action
                0x00000e70       0x28 .\CortexM3\ARM_GCC_541\Debug\RADAR_Movement_Detector.a(ErikaOS_ee_altick.o)
 .text.EE_oo_counter_object_insert
                0x00000e98       0x9c .\CortexM3\ARM_GCC_541\Debug\RADAR_Movement_Detector.a(ErikaOS_ee_altick.o)
                0x00000e98                EE_oo_counter_object_insert
 .text.EE_oo_IncrementCounterImplementation
                0x00000f34      0x100 .\CortexM3\ARM_GCC_541\Debug\RADAR_Movement_Detector.a(ErikaOS_ee_altick.o)
                0x00000f34                EE_oo_IncrementCounterImplementation
 .text.EE_oo_IncrementCounter
                0x00001034       0xb0 .\CortexM3\ARM_GCC_541\Debug\RADAR_Movement_Detector.a(ErikaOS_ee_altick.o)
                0x00001034                EE_oo_IncrementCounter
 .text.EE_oo_ClearEvent
                0x000010e4       0x5c .\CortexM3\ARM_GCC_541\Debug\RADAR_Movement_Detector.a(ErikaOS_ee_evclear.o)
                0x000010e4                EE_oo_ClearEvent
 .text.EE_oo_GetEvent
                0x00001140       0x40 .\CortexM3\ARM_GCC_541\Debug\RADAR_Movement_Detector.a(ErikaOS_ee_evget.o)
                0x00001140                EE_oo_GetEvent
 .text.EE_oo_SetEvent
                0x00001180      0x100 .\CortexM3\ARM_GCC_541\Debug\RADAR_Movement_Detector.a(ErikaOS_ee_evset.o)
                0x00001180                EE_oo_SetEvent
 .text.EE_oo_WaitEvent
                0x00001280      0x110 .\CortexM3\ARM_GCC_541\Debug\RADAR_Movement_Detector.a(ErikaOS_ee_evwait.o)
                0x00001280                EE_oo_WaitEvent
 .text.EE_IRQ_run_next_task
                0x00001390       0x30 .\CortexM3\ARM_GCC_541\Debug\RADAR_Movement_Detector.a(ErikaOS_ee_irqendin.o)
 .text.EE_IRQ_end_instance
                0x000013c0       0x68 .\CortexM3\ARM_GCC_541\Debug\RADAR_Movement_Detector.a(ErikaOS_ee_irqendin.o)
                0x000013c0                EE_IRQ_end_instance
 .text.EE_IRQ_end_post_stub
                0x00001428       0x14 .\CortexM3\ARM_GCC_541\Debug\RADAR_Movement_Detector.a(ErikaOS_ee_irqendin.o)
                0x00001428                EE_IRQ_end_post_stub
 .text.EE_rq2stk_exchange
                0x0000143c       0x88 .\CortexM3\ARM_GCC_541\Debug\RADAR_Movement_Detector.a(ErikaOS_ee_rq_exchg.o)
                0x0000143c                EE_rq2stk_exchange
 .text.EE_rq_queryfirst
                0x000014c4       0x44 .\CortexM3\ARM_GCC_541\Debug\RADAR_Movement_Detector.a(ErikaOS_ee_rq_first.o)
                0x000014c4                EE_rq_queryfirst
 .text.EE_rq_insert
                0x00001508       0x74 .\CortexM3\ARM_GCC_541\Debug\RADAR_Movement_Detector.a(ErikaOS_ee_rq_inser.o)
                0x00001508                EE_rq_insert
 .text.compute_task_tid
                0x0000157c       0x10 .\CortexM3\ARM_GCC_541\Debug\RADAR_Movement_Detector.a(ErikaOS_ee_startos.o)
 .text.EE_oo_start_os
                0x0000158c        0xc .\CortexM3\ARM_GCC_541\Debug\RADAR_Movement_Detector.a(ErikaOS_ee_startos.o)
 .text.EE_oo_autostart_tasks
                0x00001598       0x60 .\CortexM3\ARM_GCC_541\Debug\RADAR_Movement_Detector.a(ErikaOS_ee_startos.o)
 .text.EE_oo_autostart_os
                0x000015f8        0xc .\CortexM3\ARM_GCC_541\Debug\RADAR_Movement_Detector.a(ErikaOS_ee_startos.o)
 .text.EE_oo_StartOS
                0x00001604       0x8c .\CortexM3\ARM_GCC_541\Debug\RADAR_Movement_Detector.a(ErikaOS_ee_startos.o)
                0x00001604                EE_oo_StartOS
 .text.EE_oo_TerminateTask
                0x00001690       0x3c .\CortexM3\ARM_GCC_541\Debug\RADAR_Movement_Detector.a(ErikaOS_ee_terminat.o)
                0x00001690                EE_oo_TerminateTask
 .text.EE_system_init
                0x000016cc       0x78 .\CortexM3\ARM_GCC_541\Debug\RADAR_Movement_Detector.a(ErikaOS_cortex_mx_ee_utils.o)
                0x000016cc                EE_system_init
 .text.LED_green_Write
                0x00001744       0x18 .\CortexM3\ARM_GCC_541\Debug\RADAR_Movement_Detector.a(LED_green.o)
                0x00001744                LED_green_Write
 .text.LED_orange_Write
                0x0000175c       0x18 .\CortexM3\ARM_GCC_541\Debug\RADAR_Movement_Detector.a(LED_orange.o)
                0x0000175c                LED_orange_Write
 .text.LED_red_Write
                0x00001774       0x18 .\CortexM3\ARM_GCC_541\Debug\RADAR_Movement_Detector.a(LED_red.o)
                0x00001774                LED_red_Write
 .text.UART_LOG_Init
                0x0000178c       0x24 .\CortexM3\ARM_GCC_541\Debug\RADAR_Movement_Detector.a(UART_LOG.o)
                0x0000178c                UART_LOG_Init
 .text.UART_LOG_Enable
                0x000017b0       0x38 .\CortexM3\ARM_GCC_541\Debug\RADAR_Movement_Detector.a(UART_LOG.o)
                0x000017b0                UART_LOG_Enable
 .text.UART_LOG_Start
                0x000017e8       0x1c .\CortexM3\ARM_GCC_541\Debug\RADAR_Movement_Detector.a(UART_LOG.o)
                0x000017e8                UART_LOG_Start
 .text.UART_LOG_ReadRxData
                0x00001804        0xc .\CortexM3\ARM_GCC_541\Debug\RADAR_Movement_Detector.a(UART_LOG.o)
                0x00001804                UART_LOG_ReadRxData
 .text.UART_LOG_ReadRxStatus
                0x00001810       0x10 .\CortexM3\ARM_GCC_541\Debug\RADAR_Movement_Detector.a(UART_LOG.o)
                0x00001810                UART_LOG_ReadRxStatus
 .text.UART_LOG_GetByte
                0x00001820       0x14 .\CortexM3\ARM_GCC_541\Debug\RADAR_Movement_Detector.a(UART_LOG.o)
                0x00001820                UART_LOG_GetByte
 .text.UART_LOG_IntClock_Start
                0x00001834       0x1c .\CortexM3\ARM_GCC_541\Debug\RADAR_Movement_Detector.a(UART_LOG_IntClock.o)
                0x00001834                UART_LOG_IntClock_Start
 .text.WaveDAC8_Enable
                0x00001850       0x28 .\CortexM3\ARM_GCC_541\Debug\RADAR_Movement_Detector.a(WaveDAC8.o)
                0x00001850                WaveDAC8_Enable
 .text.WaveDAC8_Stop
                0x00001878       0x20 .\CortexM3\ARM_GCC_541\Debug\RADAR_Movement_Detector.a(WaveDAC8.o)
                0x00001878                WaveDAC8_Stop
 .text.WaveDAC8_Wave1Setup
                0x00001898       0x40 .\CortexM3\ARM_GCC_541\Debug\RADAR_Movement_Detector.a(WaveDAC8.o)
                0x00001898                WaveDAC8_Wave1Setup
 .text.WaveDAC8_Wave2Setup
                0x000018d8       0x40 .\CortexM3\ARM_GCC_541\Debug\RADAR_Movement_Detector.a(WaveDAC8.o)
                0x000018d8                WaveDAC8_Wave2Setup
 .text.WaveDAC8_Init
                0x00001918       0x40 .\CortexM3\ARM_GCC_541\Debug\RADAR_Movement_Detector.a(WaveDAC8.o)
                0x00001918                WaveDAC8_Init
 .text.WaveDAC8_Start
                0x00001958       0x1c .\CortexM3\ARM_GCC_541\Debug\RADAR_Movement_Detector.a(WaveDAC8.o)
                0x00001958                WaveDAC8_Start
 .text.WaveDAC8_DacClk_Start
                0x00001974       0x1c .\CortexM3\ARM_GCC_541\Debug\RADAR_Movement_Detector.a(WaveDAC8_DacClk.o)
                0x00001974                WaveDAC8_DacClk_Start
 .text.WaveDAC8_DacClk_Stop
                0x00001990       0x1c .\CortexM3\ARM_GCC_541\Debug\RADAR_Movement_Detector.a(WaveDAC8_DacClk.o)
                0x00001990                WaveDAC8_DacClk_Stop
 .text.WaveDAC8_Wave1_DMA_DmaInitialize
                0x000019ac       0x3c .\CortexM3\ARM_GCC_541\Debug\RADAR_Movement_Detector.a(WaveDAC8_Wave1_DMA_dma.o)
                0x000019ac                WaveDAC8_Wave1_DMA_DmaInitialize
 .text.WaveDAC8_Wave2_DMA_DmaInitialize
                0x000019e8       0x3c .\CortexM3\ARM_GCC_541\Debug\RADAR_Movement_Detector.a(WaveDAC8_Wave2_DMA_dma.o)
                0x000019e8                WaveDAC8_Wave2_DMA_DmaInitialize
 .text.WaveDAC8_VDAC8_Enable
                0x00001a24       0x1c .\CortexM3\ARM_GCC_541\Debug\RADAR_Movement_Detector.a(WaveDAC8_VDAC8.o)
                0x00001a24                WaveDAC8_VDAC8_Enable
 .text.WaveDAC8_VDAC8_Stop
                0x00001a40       0x1c .\CortexM3\ARM_GCC_541\Debug\RADAR_Movement_Detector.a(WaveDAC8_VDAC8.o)
                0x00001a40                WaveDAC8_VDAC8_Stop
 .text.WaveDAC8_VDAC8_SetSpeed
                0x00001a5c       0x1c .\CortexM3\ARM_GCC_541\Debug\RADAR_Movement_Detector.a(WaveDAC8_VDAC8.o)
                0x00001a5c                WaveDAC8_VDAC8_SetSpeed
 .text.WaveDAC8_VDAC8_SetValue
                0x00001a78        0xc .\CortexM3\ARM_GCC_541\Debug\RADAR_Movement_Detector.a(WaveDAC8_VDAC8.o)
                0x00001a78                WaveDAC8_VDAC8_SetValue
 .text.WaveDAC8_VDAC8_DacTrim
                0x00001a84       0x24 .\CortexM3\ARM_GCC_541\Debug\RADAR_Movement_Detector.a(WaveDAC8_VDAC8.o)
                0x00001a84                WaveDAC8_VDAC8_DacTrim
 .text.WaveDAC8_VDAC8_SetRange
                0x00001aa8       0x20 .\CortexM3\ARM_GCC_541\Debug\RADAR_Movement_Detector.a(WaveDAC8_VDAC8.o)
                0x00001aa8                WaveDAC8_VDAC8_SetRange
 .text.WaveDAC8_VDAC8_Init
                0x00001ac8       0x2c .\CortexM3\ARM_GCC_541\Debug\RADAR_Movement_Detector.a(WaveDAC8_VDAC8.o)
                0x00001ac8                WaveDAC8_VDAC8_Init
 .text.ADC_DelSig_GainCompensation
                0x00001af4       0xdc .\CortexM3\ARM_GCC_541\Debug\RADAR_Movement_Detector.a(ADC_DelSig.o)
 .text.ADC_DelSig_SetDSMRef0Reg
                0x00001bd0       0x4c .\CortexM3\ARM_GCC_541\Debug\RADAR_Movement_Detector.a(ADC_DelSig.o)
 .text.ADC_DelSig_InitConfig
                0x00001c1c       0xe8 .\CortexM3\ARM_GCC_541\Debug\RADAR_Movement_Detector.a(ADC_DelSig.o)
 .text.ADC_DelSig_Init
                0x00001d04       0xc4 .\CortexM3\ARM_GCC_541\Debug\RADAR_Movement_Detector.a(ADC_DelSig.o)
                0x00001d04                ADC_DelSig_Init
 .text.ADC_DelSig_Enable
                0x00001dc8       0xd8 .\CortexM3\ARM_GCC_541\Debug\RADAR_Movement_Detector.a(ADC_DelSig.o)
                0x00001dc8                ADC_DelSig_Enable
 .text.ADC_DelSig_Start
                0x00001ea0       0x28 .\CortexM3\ARM_GCC_541\Debug\RADAR_Movement_Detector.a(ADC_DelSig.o)
                0x00001ea0                ADC_DelSig_Start
 .text.ADC_DelSig_StartConvert
                0x00001ec8       0x10 .\CortexM3\ARM_GCC_541\Debug\RADAR_Movement_Detector.a(ADC_DelSig.o)
                0x00001ec8                ADC_DelSig_StartConvert
 .text.ADC_DelSig_StopConvert
                0x00001ed8       0x10 .\CortexM3\ARM_GCC_541\Debug\RADAR_Movement_Detector.a(ADC_DelSig.o)
                0x00001ed8                ADC_DelSig_StopConvert
 .text.ADC_DelSig_ISR1
                0x00001ee8        0x4 .\CortexM3\ARM_GCC_541\Debug\RADAR_Movement_Detector.a(ADC_DelSig_INT.o)
                0x00001ee8                ADC_DelSig_ISR1
 .text.ADC_DelSig_AMux_Start
                0x00001eec       0x20 .\CortexM3\ARM_GCC_541\Debug\RADAR_Movement_Detector.a(ADC_DelSig_AMux.o)
                0x00001eec                ADC_DelSig_AMux_Start
 .text.ADC_DelSig_AMux_Select
                0x00001f0c       0x18 .\CortexM3\ARM_GCC_541\Debug\RADAR_Movement_Detector.a(ADC_DelSig_AMux.o)
                0x00001f0c                ADC_DelSig_AMux_Select
 .text.ADC_DelSig_Ext_CP_Clk_GetDividerRegister
                0x00001f24        0xc .\CortexM3\ARM_GCC_541\Debug\RADAR_Movement_Detector.a(ADC_DelSig_Ext_CP_Clk.o)
                0x00001f24                ADC_DelSig_Ext_CP_Clk_GetDividerRegister
 .text.ADC_DelSig_Ext_CP_Clk_SetModeRegister
                0x00001f30       0x14 .\CortexM3\ARM_GCC_541\Debug\RADAR_Movement_Detector.a(ADC_DelSig_Ext_CP_Clk.o)
                0x00001f30                ADC_DelSig_Ext_CP_Clk_SetModeRegister
 .text.ADC_DelSig_Ext_CP_Clk_GetSourceRegister
                0x00001f44       0x10 .\CortexM3\ARM_GCC_541\Debug\RADAR_Movement_Detector.a(ADC_DelSig_Ext_CP_Clk.o)
                0x00001f44                ADC_DelSig_Ext_CP_Clk_GetSourceRegister
 .text.ADC_DelSig_Ext_CP_Clk_SetDividerRegister
                0x00001f54       0xd8 .\CortexM3\ARM_GCC_541\Debug\RADAR_Movement_Detector.a(ADC_DelSig_Ext_CP_Clk.o)
                0x00001f54                ADC_DelSig_Ext_CP_Clk_SetDividerRegister
 .text.ADC_DelSig_theACLK_GetDividerRegister
                0x0000202c        0xc .\CortexM3\ARM_GCC_541\Debug\RADAR_Movement_Detector.a(ADC_DelSig_theACLK.o)
                0x0000202c                ADC_DelSig_theACLK_GetDividerRegister
 .text.ADC_DelSig_theACLK_SetModeRegister
                0x00002038       0x14 .\CortexM3\ARM_GCC_541\Debug\RADAR_Movement_Detector.a(ADC_DelSig_theACLK.o)
                0x00002038                ADC_DelSig_theACLK_SetModeRegister
 .text.ADC_DelSig_theACLK_GetSourceRegister
                0x0000204c       0x10 .\CortexM3\ARM_GCC_541\Debug\RADAR_Movement_Detector.a(ADC_DelSig_theACLK.o)
                0x0000204c                ADC_DelSig_theACLK_GetSourceRegister
 .text.ADC_DelSig_theACLK_SetDividerRegister
                0x0000205c       0xd8 .\CortexM3\ARM_GCC_541\Debug\RADAR_Movement_Detector.a(ADC_DelSig_theACLK.o)
                0x0000205c                ADC_DelSig_theACLK_SetDividerRegister
 .text.DMA_ADC_MEM_DmaInitialize
                0x00002134       0x3c .\CortexM3\ARM_GCC_541\Debug\RADAR_Movement_Detector.a(DMA_ADC_MEM_dma.o)
                0x00002134                DMA_ADC_MEM_DmaInitialize
 .text.DMA_MEM_UART_DmaInitialize
                0x00002170       0x3c .\CortexM3\ARM_GCC_541\Debug\RADAR_Movement_Detector.a(DMA_MEM_UART_dma.o)
                0x00002170                DMA_MEM_UART_DmaInitialize
 .text.Clock_DMA_MEM_UART_Start
                0x000021ac       0x1c .\CortexM3\ARM_GCC_541\Debug\RADAR_Movement_Detector.a(Clock_DMA_MEM_UART.o)
                0x000021ac                Clock_DMA_MEM_UART_Start
 .text          0x000021c8       0x20 .\CortexM3\ARM_GCC_541\Debug\RADAR_Movement_Detector.a(CyBootAsmGnu.o)
                0x000021c8                CyDelayCycles
                0x000021d8                CyEnterCriticalSection
                0x000021e0                CyExitCriticalSection
 .text          0x000021e8       0x7c .\CortexM3\ARM_GCC_541\Debug\RADAR_Movement_Detector.a(ErikaOS_ee_gnu_change_context_isr.o)
                0x000021e8                EE_set_switch_context_pri
                0x00002202                EE_switch_context
                0x0000220c                EE_cortex_mx_pendsv_ISR
                0x00002248                EE_cortex_mx_svc_ISR
 .text          0x00002264       0x24 .\CortexM3\ARM_GCC_541\Debug\RADAR_Movement_Detector.a(ErikaOS_ee_gnu_irq_stack.o)
                0x00002264                EE_cortex_mx_change_IRQ_stack
                0x00002276                EE_cortex_mx_change_IRQ_stack_back
 .text          0x00002288       0x68 .\CortexM3\ARM_GCC_541\Debug\RADAR_Movement_Detector.a(ErikaOS_ee_gnu_multi_context.o)
                0x00002288                EE_cortex_mx_change_context
 .text          0x000022f0       0x80 .\CortexM3\ARM_GCC_541\Debug\RADAR_Movement_Detector.a(ErikaOS_ee_gnu_oo.o)
                0x000022f0                EE_hal_terminate_savestk
                0x0000233a                EE_hal_terminate_task
 .text.EE_thread_not_terminated
                0x00002370       0x10 .\CortexM3\ARM_GCC_541\Debug\RADAR_Movement_Detector.a(ErikaOS_ee_tnterm.o)
                0x00002370                EE_thread_not_terminated
 .text.EE_oo_thread_stub
                0x00002380       0x10 .\CortexM3\ARM_GCC_541\Debug\RADAR_Movement_Detector.a(ErikaOS_ee_tstub.o)
                0x00002380                EE_oo_thread_stub
 .text.EE_std_run_task_code
                0x00002390       0x18 .\CortexM3\ARM_GCC_541\Debug\RADAR_Movement_Detector.a(ErikaOS_cortex_mx_ee_context.o)
                0x00002390                EE_std_run_task_code
 .text.EE_std_need_context_change
                0x000023a8       0x28 .\CortexM3\ARM_GCC_541\Debug\RADAR_Movement_Detector.a(ErikaOS_cortex_mx_ee_context.o)
                0x000023a8                EE_std_need_context_change
 .text.EE_thread_rnact_max
                0x000023d0       0x20 .\CortexM3\ARM_GCC_541\Debug\RADAR_Movement_Detector.a(ErikaOS_ee_thendin.o)
 .text.EE_thread_endcycle_next
                0x000023f0       0x30 .\CortexM3\ARM_GCC_541\Debug\RADAR_Movement_Detector.a(ErikaOS_ee_thendin.o)
 .text.EE_thread_end_instance
                0x00002420      0x108 .\CortexM3\ARM_GCC_541\Debug\RADAR_Movement_Detector.a(ErikaOS_ee_thendin.o)
                0x00002420                EE_thread_end_instance
 .text.__errno  0x00002528        0xc c:/program files (x86)/cypress/psoc creator/4.4/psoc creator/import/gnu/arm/5.4.1/bin/../lib/gcc/arm-none-eabi/5.4.1/../../../../arm-none-eabi/lib/armv7-m\libg_nano.a(lib_a-errno.o)
                0x00002528                __errno
 .text.__libc_init_array
                0x00002534       0x4c c:/program files (x86)/cypress/psoc creator/4.4/psoc creator/import/gnu/arm/5.4.1/bin/../lib/gcc/arm-none-eabi/5.4.1/../../../../arm-none-eabi/lib/armv7-m\libg_nano.a(lib_a-init.o)
                0x00002534                __libc_init_array
 .text.memcpy   0x00002580       0x16 c:/program files (x86)/cypress/psoc creator/4.4/psoc creator/import/gnu/arm/5.4.1/bin/../lib/gcc/arm-none-eabi/5.4.1/../../../../arm-none-eabi/lib/armv7-m\libg_nano.a(lib_a-memcpy-stub.o)
                0x00002580                memcpy
 .text.memset   0x00002596       0x10 c:/program files (x86)/cypress/psoc creator/4.4/psoc creator/import/gnu/arm/5.4.1/bin/../lib/gcc/arm-none-eabi/5.4.1/../../../../arm-none-eabi/lib/armv7-m\libg_nano.a(lib_a-memset.o)
                0x00002596                memset
 *(.plt)
 *(.gnu.warning)
 *(.glue_7t)
 .glue_7t       0x000025a6        0x0 linker stubs
 *(.glue_7)
 .glue_7        0x000025a6        0x0 linker stubs
 *(.vfp11_veneer)
 .vfp11_veneer  0x000025a6        0x0 linker stubs
 *(.bootloader)
 *(.ARM.extab* .gnu.linkonce.armextab.*)
 *(.gcc_except_table)

.v4_bx          0x000025a8        0x0
 .v4_bx         0x000025a8        0x0 linker stubs

.iplt           0x000025a8        0x0
 .iplt          0x000025a8        0x0 c:/program files (x86)/cypress/psoc creator/4.4/psoc creator/import/gnu/arm/5.4.1/bin/../lib/gcc/arm-none-eabi/5.4.1/armv7-m/crtbegin.o

.eh_frame_hdr
 *(.eh_frame_hdr)

.eh_frame       0x000025a8        0x4
 *(.eh_frame)
 .eh_frame      0x000025a8        0x0 c:/program files (x86)/cypress/psoc creator/4.4/psoc creator/import/gnu/arm/5.4.1/bin/../lib/gcc/arm-none-eabi/5.4.1/armv7-m/crtbegin.o
 .eh_frame      0x000025a8        0x4 c:/program files (x86)/cypress/psoc creator/4.4/psoc creator/import/gnu/arm/5.4.1/bin/../lib/gcc/arm-none-eabi/5.4.1/armv7-m/crtend.o
                [!provide]                PROVIDE (__exidx_start, .)

.ARM.exidx
 *(.ARM.exidx* .gnu.linkonce.armexidx.*)
                0x000025ac                __exidx_end = .

.rodata         0x000025ac      0x6fc
 *(.rodata .rodata.* .gnu.linkonce.r.*)
 .rodata        0x000025ac       0x3c .\CortexM3\ARM_GCC_541\Debug\cyfitter_cfg.o
                0x000025ac                ADC_DelSig_AMux__addrTable
                0x000025b4                ADC_DelSig_AMux__maskTable
 .rodata        0x000025e8      0x100 .\CortexM3\ARM_GCC_541\Debug\RADAR_Movement_Detector.a(ErikaOS_ee_lookup.o)
                0x000025e8                EE_rq_lookup
 .rodata        0x000026e8       0xb0 .\CortexM3\ARM_GCC_541\Debug\RADAR_Movement_Detector.a(ErikaOS_eecfg.o)
                0x000026e8                EE_oo_autostart_task_data
                0x000026f4                EE_oo_action_ROM
                0x00002708                EE_oo_counter_object_ROM
                0x00002714                EE_ALARM_ID
                0x00002718                EE_alarm_ROM
                0x0000271c                EE_counter_ROM
                0x00002728                EE_th_is_extended
                0x00002734                EE_th_rnact_max
                0x00002740                EE_th_dispatch_prio
                0x0000274c                EE_EVENT_ID
                0x00002764                EE_th_ready_prio
                0x00002770                EE_terminate_real_th_body
                0x0000277c                EE_hal_thread_body
                0x00002788                EE_std_thread_tos
 .rodata.str1.4
                0x00002798       0x8c .\CortexM3\ARM_GCC_541\Debug\RADAR_Movement_Detector.a(ErikaOS_eecfg.o)
 .rodata        0x00002824      0x44c .\CortexM3\ARM_GCC_541\Debug\RADAR_Movement_Detector.a(WaveDAC8.o)
                0x00002824                WaveDAC8_wave1
                0x00002c0c                WaveDAC8_wave2
 .rodata.str1.1
                0x00002c70        0x2 c:/program files (x86)/cypress/psoc creator/4.4/psoc creator/import/gnu/arm/5.4.1/bin/../lib/gcc/arm-none-eabi/5.4.1/../../../../arm-none-eabi/lib/armv7-m\libg_nano.a(lib_a-impure.o)
                0x00002c74                . = ALIGN (0x4)
 *fill*         0x00002c72        0x2 
 *(.init)
 .init          0x00002c74        0x4 c:/program files (x86)/cypress/psoc creator/4.4/psoc creator/import/gnu/arm/5.4.1/bin/../lib/gcc/arm-none-eabi/5.4.1/armv7-m/crti.o
                0x00002c74                _init
 .init          0x00002c78        0x8 c:/program files (x86)/cypress/psoc creator/4.4/psoc creator/import/gnu/arm/5.4.1/bin/../lib/gcc/arm-none-eabi/5.4.1/armv7-m/crtn.o
                0x00002c80                . = ALIGN (0x4)
                0x00002c80                __preinit_array_start = .
 *(.preinit_array)
                0x00002c80                __preinit_array_end = .
                0x00002c80                . = ALIGN (0x4)
                0x00002c80                __init_array_start = .
 *(SORT(.init_array.*))
 *(.init_array)
 .init_array    0x00002c80        0x4 c:/program files (x86)/cypress/psoc creator/4.4/psoc creator/import/gnu/arm/5.4.1/bin/../lib/gcc/arm-none-eabi/5.4.1/armv7-m/crtbegin.o
 .init_array    0x00002c84        0x4 .\CortexM3\ARM_GCC_541\Debug\Cm3Start.o
                0x00002c88                __init_array_end = .
                0x00002c88                . = ALIGN (0x4)
 *(.fini)
 .fini          0x00002c88        0x4 c:/program files (x86)/cypress/psoc creator/4.4/psoc creator/import/gnu/arm/5.4.1/bin/../lib/gcc/arm-none-eabi/5.4.1/armv7-m/crti.o
                0x00002c88                _fini
 .fini          0x00002c8c        0x8 c:/program files (x86)/cypress/psoc creator/4.4/psoc creator/import/gnu/arm/5.4.1/bin/../lib/gcc/arm-none-eabi/5.4.1/armv7-m/crtn.o
                0x00002c94                . = ALIGN (0x4)
                0x00002c94                __fini_array_start = .
 *(.fini_array)
 .fini_array    0x00002c94        0x4 c:/program files (x86)/cypress/psoc creator/4.4/psoc creator/import/gnu/arm/5.4.1/bin/../lib/gcc/arm-none-eabi/5.4.1/armv7-m/crtbegin.o
 *(SORT(.fini_array.*))
                0x00002c98                __fini_array_end = .
                0x00002c98                . = ALIGN (0x4)
 *crtbegin.o(.ctors)
 *(EXCLUDE_FILE(*crtend.o) .ctors)
 *(SORT(.ctors.*))
 *crtend.o(.ctors)
                0x00002c98                . = ALIGN (0x4)
 *crtbegin.o(.dtors)
 *(EXCLUDE_FILE(*crtend.o) .dtors)
 *(SORT(.dtors.*))
 *crtend.o(.dtors)
                0x00002c98                . = ALIGN (0x4)
                0x00002c98                __cy_regions = .
                0x00002c98        0x4 LONG 0x2ca8 __cy_region_init_ram
                0x00002c9c        0x4 LONG 0x1fff80c8 __cy_region_start_data
                0x00002ca0        0x4 LONG 0x198 __cy_region_init_size_ram
                0x00002ca4        0x4 LONG 0x1098 __cy_region_zero_size_ram
                0x00002ca8                __cy_regions_end = .
                0x00002ca8                . = ALIGN (0x8)
                0x00002ca8                _etext = .

.cy_checksum_exclude
                0x00002ca8        0x0
 *(.cy_checksum_exclude)

.ramvectors     0x1fff8000       0xc0
                0x1fff8000                __cy_region_start_ram = .
 *(.ramvectors)
 .ramvectors    0x1fff8000       0xc0 .\CortexM3\ARM_GCC_541\Debug\Cm3Start.o
                0x1fff8000                CyRamVectors

.noinit         0x1fff80c0        0x1
 *(.noinit)
 .noinit        0x1fff80c0        0x1 .\CortexM3\ARM_GCC_541\Debug\RADAR_Movement_Detector.a(CyLib.o)
                0x1fff80c0                CyResetStatus

.data           0x1fff80c8      0x198 load address 0x00002ca8
                0x1fff80c8                __cy_region_start_data = .
 *(.jcr)
 .jcr           0x1fff80c8        0x0 c:/program files (x86)/cypress/psoc creator/4.4/psoc creator/import/gnu/arm/5.4.1/bin/../lib/gcc/arm-none-eabi/5.4.1/armv7-m/crtbegin.o
 .jcr           0x1fff80c8        0x4 c:/program files (x86)/cypress/psoc creator/4.4/psoc creator/import/gnu/arm/5.4.1/bin/../lib/gcc/arm-none-eabi/5.4.1/armv7-m/crtend.o
 *(.got.plt)
 *(.got)
 *(.shdata)
 *(.data .data.* .gnu.linkonce.d.*)
 .data          0x1fff80cc        0x8 .\CortexM3\ARM_GCC_541\Debug\RADAR_Movement_Detector.a(CyDmac.o)
 .data          0x1fff80d4       0x10 .\CortexM3\ARM_GCC_541\Debug\RADAR_Movement_Detector.a(CyLib.o)
                0x1fff80d4                cydelay_32k_ms
                0x1fff80d8                cydelay_freq_khz
                0x1fff80dc                cydelay_freq_mhz
                0x1fff80e0                cydelay_freq_hz
 .data          0x1fff80e4      0x10c .\CortexM3\ARM_GCC_541\Debug\RADAR_Movement_Detector.a(ErikaOS_eecfg.o)
                0x1fff80e4                EE_ALARM_NAME
                0x1fff80e8                EE_counter_RAM
                0x1fff80f0                EE_th_terminate_nextask
                0x1fff80fc                EE_rq_pairs_next
                0x1fff8108                EE_rq_link
                0x1fff8114                EE_th_rnact
                0x1fff8120                EE_rq_queues_tail
                0x1fff8160                EE_rq_queues_head
                0x1fff81a0                EE_stkfirst
                0x1fff81a4                EE_th_next
                0x1fff81b0                EE_th_status
                0x1fff81bc                EE_EVENT_NAME
                0x1fff81d4                EE_TASK_NAME
                0x1fff81e0                EE_cortex_mx_IRQ_tos
                0x1fff81e4                EE_cortex_mx_system_tos
 .data          0x1fff81f0        0x1 .\CortexM3\ARM_GCC_541\Debug\RADAR_Movement_Detector.a(WaveDAC8_Wave1_DMA_dma.o)
                0x1fff81f0                WaveDAC8_Wave1_DMA_DmaHandle
 .data          0x1fff81f1        0x1 .\CortexM3\ARM_GCC_541\Debug\RADAR_Movement_Detector.a(WaveDAC8_Wave2_DMA_dma.o)
                0x1fff81f1                WaveDAC8_Wave2_DMA_DmaHandle
 .data          0x1fff81f2        0x1 .\CortexM3\ARM_GCC_541\Debug\RADAR_Movement_Detector.a(ADC_DelSig.o)
                0x1fff81f2                ADC_DelSig_Config
 .data          0x1fff81f3        0x1 .\CortexM3\ARM_GCC_541\Debug\RADAR_Movement_Detector.a(ADC_DelSig_AMux.o)
 .data          0x1fff81f4        0x1 .\CortexM3\ARM_GCC_541\Debug\RADAR_Movement_Detector.a(DMA_ADC_MEM_dma.o)
                0x1fff81f4                DMA_ADC_MEM_DmaHandle
 .data          0x1fff81f5        0x1 .\CortexM3\ARM_GCC_541\Debug\RADAR_Movement_Detector.a(DMA_MEM_UART_dma.o)
                0x1fff81f5                DMA_MEM_UART_DmaHandle
 .data          0x1fff81f6        0x4 .\CortexM3\ARM_GCC_541\Debug\RADAR_Movement_Detector.a(ErikaOS_ee_gnu_irq_stack.o)
 *fill*         0x1fff81fa        0x2 
 .data.impure_data
                0x1fff81fc       0x60 c:/program files (x86)/cypress/psoc creator/4.4/psoc creator/import/gnu/arm/5.4.1/bin/../lib/gcc/arm-none-eabi/5.4.1/../../../../arm-none-eabi/lib/armv7-m\libg_nano.a(lib_a-impure.o)
 .data._impure_ptr
                0x1fff825c        0x4 c:/program files (x86)/cypress/psoc creator/4.4/psoc creator/import/gnu/arm/5.4.1/bin/../lib/gcc/arm-none-eabi/5.4.1/../../../../arm-none-eabi/lib/armv7-m\libg_nano.a(lib_a-impure.o)
                0x1fff825c                _impure_ptr
                0x1fff8260                . = ALIGN (0x8)
 *(.ram)
                0x1fff8260                _edata = .

.igot.plt       0x1fff8260        0x0 load address 0x00002e40
 .igot.plt      0x1fff8260        0x0 c:/program files (x86)/cypress/psoc creator/4.4/psoc creator/import/gnu/arm/5.4.1/bin/../lib/gcc/arm-none-eabi/5.4.1/armv7-m/crtbegin.o

.bss            0x1fff8260     0x1098 load address 0x00002e40
                0x1fff8260                PROVIDE (__bss_start__, .)
 *(.shbss)
 *(.bss .bss.* .gnu.linkonce.b.*)
 .bss           0x1fff8260       0x1c c:/program files (x86)/cypress/psoc creator/4.4/psoc creator/import/gnu/arm/5.4.1/bin/../lib/gcc/arm-none-eabi/5.4.1/armv7-m/crtbegin.o
 .bss           0x1fff827c        0x3 .\CortexM3\ARM_GCC_541\Debug\led.o
 *fill*         0x1fff827f        0x1 
 .bss           0x1fff8280       0x34 .\CortexM3\ARM_GCC_541\Debug\RADAR_Movement_Detector.a(ErikaOS_eecfg.o)
                0x1fff8280                EE_th_waswaiting
                0x1fff828c                EE_th_event_waitmask
                0x1fff8298                EE_th_event_active
                0x1fff82a4                EE_rq_free
                0x1fff82a8                EE_rq_bitmask
                0x1fff82ac                EE_sys_ceiling
                0x1fff82b0                EE_cortex_mx_active_tos
 .bss           0x1fff82b4        0x2 .\CortexM3\ARM_GCC_541\Debug\RADAR_Movement_Detector.a(UART_LOG.o)
                0x1fff82b4                UART_LOG_initVar
 .bss           0x1fff82b6        0x5 .\CortexM3\ARM_GCC_541\Debug\RADAR_Movement_Detector.a(WaveDAC8.o)
                0x1fff82ba                WaveDAC8_initVar
 *fill*         0x1fff82bb        0x1 
 .bss           0x1fff82bc        0xc .\CortexM3\ARM_GCC_541\Debug\RADAR_Movement_Detector.a(ADC_DelSig.o)
                0x1fff82c0                ADC_DelSig_stopConversion
                0x1fff82c1                ADC_DelSig_convDone
                0x1fff82c2                ADC_DelSig_initVar
                0x1fff82c3                ADC_DelSig_started
                0x1fff82c4                ADC_DelSig_Offset
 *(COMMON)
 COMMON         0x1fff82c8        0x5 .\CortexM3\ARM_GCC_541\Debug\main.o
                0x1fff82c8                movementDetector
 *fill*         0x1fff82cd        0x3 
 COMMON         0x1fff82d0        0x7 .\CortexM3\ARM_GCC_541\Debug\detector.o
                0x1fff82d0                DMA_ADC_MEM_TD
                0x1fff82d4                DMA_MEM_UART_TD
                0x1fff82d5                DMA_MEM_UART_Chan
                0x1fff82d6                DMA_ADC_MEM_Chan
 *fill*         0x1fff82d7        0x1 
 COMMON         0x1fff82d8      0x800 .\CortexM3\ARM_GCC_541\Debug\dma.o
                0x1fff82d8                ADCBuffer
 COMMON         0x1fff8ad8        0x8 .\CortexM3\ARM_GCC_541\Debug\RADAR_Movement_Detector.a(ErikaOS_ee_lookup.o)
                0x1fff8ad8                EE_oo_IRQ_disable_count
                0x1fff8adc                EE_oo_IRQ_suspend_status
 COMMON         0x1fff8ae0        0x4 .\CortexM3\ARM_GCC_541\Debug\RADAR_Movement_Detector.a(ErikaOS_ee_startos.o)
                0x1fff8ae0                EE_oo_started
 COMMON         0x1fff8ae4        0x8 .\CortexM3\ARM_GCC_541\Debug\RADAR_Movement_Detector.a(ErikaOS_common_ee_hal_structs.o)
                0x1fff8ae4                EE_IRQ_nesting_level
                0x1fff8ae8                EE_std_endcycle_next_tid
 COMMON         0x1fff8aec      0x808 .\CortexM3\ARM_GCC_541\Debug\RADAR_Movement_Detector.a(ErikaOS_eecfg.o)
                0x1fff8aec                EE_cortex_mx_stack_3
                0x1fff8ed4                EE_rq_pairs_tid
                0x1fff8ee0                EE_terminate_data
                0x1fff8eec                EE_oo_counter_object_RAM
                0x1fff8efc                EE_cortex_mx_stack_2
                0x1fff90f0                EE_ApplicationMode
                0x1fff90f4                EE_cortex_mx_stack_9
 COMMON         0x1fff92f4        0x4 .\CortexM3\ARM_GCC_541\Debug\RADAR_Movement_Detector.a(ADC_DelSig.o)
                0x1fff92f4                ADC_DelSig_CountsPerVolt
                0x1fff92f8                . = ALIGN (0x8)
 *(.ram.b)
                0x1fff92f8                _end = .
                0x1fff92f8                __end = .
                0x1fff92f8                PROVIDE (end, .)
                0x1fff92f8                PROVIDE (__bss_end__, .)
                0x00002ca8                __cy_region_init_ram = LOADADDR (.data)
                0x00000198                __cy_region_init_size_ram = (_edata - ADDR (.data))
                0x00001098                __cy_region_zero_size_ram = (_end - _edata)

.heap           0x1fff92f8     0x2000 load address 0x00002e40
                0x1fff92f8                . = _end
                0x1fffb2f8                . = (. + 0x2000)
 *fill*         0x1fff92f8     0x2000 
                0x1fffb2f8                __cy_heap_limit = .

.stack          0x20007800      0x800
                0x20007800                __cy_stack_limit = .
                0x20008000                . = (. + 0x800)
 *fill*         0x20007800      0x800 
                0x00000001                ASSERT ((__cy_stack_limit >= __cy_heap_limit), region RAM overflowed with stack)
                0x00000000                cy_checksum_exclude_size = (CY_APPL_LOADABLE == 0x1)?SIZEOF (.cy_checksum_exclude):0x0
                0x00000001                ASSERT ((cy_checksum_exclude_size <= CY_CHECKSUM_EXCLUDE_SIZE), CY_BOOT: Section .cy_checksum_exclude size exceedes specified limit.)

.cyloadermeta
 *(.cyloadermeta)

.cyloadablemeta
 *(.cyloadablemeta)

.cyconfigecc    0x80000000      0x498
 *(.cyconfigecc)
 .cyconfigecc   0x80000000      0x498 .\CortexM3\ARM_GCC_541\Debug\cymetadata.o
                0x80000000                cy_meta_configecc

.cycustnvl      0x90000000        0x4
 *(.cycustnvl)
 .cycustnvl     0x90000000        0x4 .\CortexM3\ARM_GCC_541\Debug\cymetadata.o
                0x90000000                cy_meta_custnvl

.cywolatch      0x90100000        0x4
 *(.cywolatch)
 .cywolatch     0x90100000        0x4 .\CortexM3\ARM_GCC_541\Debug\cymetadata.o
                0x90100000                cy_meta_wonvl

.cyeeprom       0x90200000        0x0
 *(.cyeeprom)
                0x00000001                ASSERT ((. <= ((0x90200000 + ee_offset) + ee_size)), .cyeeprom data will not fit in EEPROM)

.cyflashprotect
                0x90400000      0x100
 *(.cyflashprotect)
 .cyflashprotect
                0x90400000      0x100 .\CortexM3\ARM_GCC_541\Debug\cymetadata.o
                0x90400000                cy_meta_flashprotect

.cymeta         0x90500000        0xc
 *(.cymeta)
 .cymeta        0x90500000        0xc .\CortexM3\ARM_GCC_541\Debug\cymetadata.o
                0x90500000                cy_metadata

.rel.dyn        0x00002e40        0x0 load address 0x9050000c
 .rel.iplt      0x00002e40        0x0 c:/program files (x86)/cypress/psoc creator/4.4/psoc creator/import/gnu/arm/5.4.1/bin/../lib/gcc/arm-none-eabi/5.4.1/armv7-m/crtbegin.o

.stab
 *(.stab)

.stabstr
 *(.stabstr)

.debug
 *(.debug)

.line
 *(.line)

.debug_srcinfo
 *(.debug_srcinfo)

.debug_sfnames
 *(.debug_sfnames)

.debug_aranges  0x00000000     0x1140
 *(.debug_aranges)
 .debug_aranges
                0x00000000       0x80 .\CortexM3\ARM_GCC_541\Debug\main.o
 .debug_aranges
                0x00000080       0x38 .\CortexM3\ARM_GCC_541\Debug\detector.o
 .debug_aranges
                0x000000b8       0x30 .\CortexM3\ARM_GCC_541\Debug\led.o
 .debug_aranges
                0x000000e8       0x20 .\CortexM3\ARM_GCC_541\Debug\uart.o
 .debug_aranges
                0x00000108       0x28 .\CortexM3\ARM_GCC_541\Debug\dma.o
 .debug_aranges
                0x00000130       0x38 .\CortexM3\ARM_GCC_541\Debug\dac_adc.o
 .debug_aranges
                0x00000168       0x68 .\CortexM3\ARM_GCC_541\Debug\cyfitter_cfg.o
 .debug_aranges
                0x000001d0       0x18 .\CortexM3\ARM_GCC_541\Debug\cymetadata.o
 .debug_aranges
                0x000001e8       0x48 .\CortexM3\ARM_GCC_541\Debug\Cm3Start.o
 .debug_aranges
                0x00000230       0xd8 .\CortexM3\ARM_GCC_541\Debug\RADAR_Movement_Detector.a(CyDmac.o)
 .debug_aranges
                0x00000308      0x2a0 .\CortexM3\ARM_GCC_541\Debug\RADAR_Movement_Detector.a(CyLib.o)
 .debug_aranges
                0x000005a8       0x98 .\CortexM3\ARM_GCC_541\Debug\RADAR_Movement_Detector.a(cyPm.o)
 .debug_aranges
                0x00000640       0x20 .\CortexM3\ARM_GCC_541\Debug\RADAR_Movement_Detector.a(ErikaOS_ee_activate.o)
 .debug_aranges
                0x00000660       0x58 .\CortexM3\ARM_GCC_541\Debug\RADAR_Movement_Detector.a(ErikaOS_ee_altick.o)
 .debug_aranges
                0x000006b8       0x20 .\CortexM3\ARM_GCC_541\Debug\RADAR_Movement_Detector.a(ErikaOS_ee_evclear.o)
 .debug_aranges
                0x000006d8       0x20 .\CortexM3\ARM_GCC_541\Debug\RADAR_Movement_Detector.a(ErikaOS_ee_evget.o)
 .debug_aranges
                0x000006f8       0x20 .\CortexM3\ARM_GCC_541\Debug\RADAR_Movement_Detector.a(ErikaOS_ee_evset.o)
 .debug_aranges
                0x00000718       0x20 .\CortexM3\ARM_GCC_541\Debug\RADAR_Movement_Detector.a(ErikaOS_ee_evwait.o)
 .debug_aranges
                0x00000738       0x30 .\CortexM3\ARM_GCC_541\Debug\RADAR_Movement_Detector.a(ErikaOS_ee_irqendin.o)
 .debug_aranges
                0x00000768       0x18 .\CortexM3\ARM_GCC_541\Debug\RADAR_Movement_Detector.a(ErikaOS_ee_lookup.o)
 .debug_aranges
                0x00000780       0x20 .\CortexM3\ARM_GCC_541\Debug\RADAR_Movement_Detector.a(ErikaOS_ee_rq_exchg.o)
 .debug_aranges
                0x000007a0       0x20 .\CortexM3\ARM_GCC_541\Debug\RADAR_Movement_Detector.a(ErikaOS_ee_rq_first.o)
 .debug_aranges
                0x000007c0       0x20 .\CortexM3\ARM_GCC_541\Debug\RADAR_Movement_Detector.a(ErikaOS_ee_rq_inser.o)
 .debug_aranges
                0x000007e0       0x40 .\CortexM3\ARM_GCC_541\Debug\RADAR_Movement_Detector.a(ErikaOS_ee_startos.o)
 .debug_aranges
                0x00000820       0x20 .\CortexM3\ARM_GCC_541\Debug\RADAR_Movement_Detector.a(ErikaOS_ee_terminat.o)
 .debug_aranges
                0x00000840       0x20 .\CortexM3\ARM_GCC_541\Debug\RADAR_Movement_Detector.a(ErikaOS_cortex_mx_ee_utils.o)
 .debug_aranges
                0x00000860       0x18 .\CortexM3\ARM_GCC_541\Debug\RADAR_Movement_Detector.a(ErikaOS_common_ee_hal_structs.o)
 .debug_aranges
                0x00000878       0x18 .\CortexM3\ARM_GCC_541\Debug\RADAR_Movement_Detector.a(ErikaOS_eecfg.o)
 .debug_aranges
                0x00000890       0x38 .\CortexM3\ARM_GCC_541\Debug\RADAR_Movement_Detector.a(LED_green.o)
 .debug_aranges
                0x000008c8       0x38 .\CortexM3\ARM_GCC_541\Debug\RADAR_Movement_Detector.a(LED_orange.o)
 .debug_aranges
                0x00000900       0x38 .\CortexM3\ARM_GCC_541\Debug\RADAR_Movement_Detector.a(LED_red.o)
 .debug_aranges
                0x00000938       0xf0 .\CortexM3\ARM_GCC_541\Debug\RADAR_Movement_Detector.a(UART_LOG.o)
 .debug_aranges
                0x00000a28       0x70 .\CortexM3\ARM_GCC_541\Debug\RADAR_Movement_Detector.a(UART_LOG_IntClock.o)
 .debug_aranges
                0x00000a98       0x50 .\CortexM3\ARM_GCC_541\Debug\RADAR_Movement_Detector.a(WaveDAC8.o)
 .debug_aranges
                0x00000ae8       0x70 .\CortexM3\ARM_GCC_541\Debug\RADAR_Movement_Detector.a(WaveDAC8_DacClk.o)
 .debug_aranges
                0x00000b58       0x28 .\CortexM3\ARM_GCC_541\Debug\RADAR_Movement_Detector.a(WaveDAC8_Wave1_DMA_dma.o)
 .debug_aranges
                0x00000b80       0x28 .\CortexM3\ARM_GCC_541\Debug\RADAR_Movement_Detector.a(WaveDAC8_Wave2_DMA_dma.o)
 .debug_aranges
                0x00000ba8       0x58 .\CortexM3\ARM_GCC_541\Debug\RADAR_Movement_Detector.a(WaveDAC8_VDAC8.o)
 .debug_aranges
                0x00000c00       0xe8 .\CortexM3\ARM_GCC_541\Debug\RADAR_Movement_Detector.a(ADC_DelSig.o)
 .debug_aranges
                0x00000ce8       0x38 .\CortexM3\ARM_GCC_541\Debug\RADAR_Movement_Detector.a(ADC_DelSig_INT.o)
 .debug_aranges
                0x00000d20       0x30 .\CortexM3\ARM_GCC_541\Debug\RADAR_Movement_Detector.a(ADC_DelSig_AMux.o)
 .debug_aranges
                0x00000d50       0x70 .\CortexM3\ARM_GCC_541\Debug\RADAR_Movement_Detector.a(ADC_DelSig_Ext_CP_Clk.o)
 .debug_aranges
                0x00000dc0       0x80 .\CortexM3\ARM_GCC_541\Debug\RADAR_Movement_Detector.a(ADC_DelSig_theACLK.o)
 .debug_aranges
                0x00000e40       0x28 .\CortexM3\ARM_GCC_541\Debug\RADAR_Movement_Detector.a(DMA_ADC_MEM_dma.o)
 .debug_aranges
                0x00000e68       0x28 .\CortexM3\ARM_GCC_541\Debug\RADAR_Movement_Detector.a(DMA_MEM_UART_dma.o)
 .debug_aranges
                0x00000e90       0x70 .\CortexM3\ARM_GCC_541\Debug\RADAR_Movement_Detector.a(Clock_DMA_MEM_UART.o)
 .debug_aranges
                0x00000f00       0x20 .\CortexM3\ARM_GCC_541\Debug\RADAR_Movement_Detector.a(CyBootAsmGnu.o)
 .debug_aranges
                0x00000f20       0x20 .\CortexM3\ARM_GCC_541\Debug\RADAR_Movement_Detector.a(ErikaOS_ee_gnu_change_context_isr.o)
 .debug_aranges
                0x00000f40       0x20 .\CortexM3\ARM_GCC_541\Debug\RADAR_Movement_Detector.a(ErikaOS_ee_gnu_irq_stack.o)
 .debug_aranges
                0x00000f60       0x20 .\CortexM3\ARM_GCC_541\Debug\RADAR_Movement_Detector.a(ErikaOS_ee_gnu_multi_context.o)
 .debug_aranges
                0x00000f80       0x20 .\CortexM3\ARM_GCC_541\Debug\RADAR_Movement_Detector.a(ErikaOS_ee_gnu_oo.o)
 .debug_aranges
                0x00000fa0       0x88 .\CortexM3\ARM_GCC_541\Debug\RADAR_Movement_Detector.a(CyFlash.o)
 .debug_aranges
                0x00001028       0x80 .\CortexM3\ARM_GCC_541\Debug\RADAR_Movement_Detector.a(CySpc.o)
 .debug_aranges
                0x000010a8       0x20 .\CortexM3\ARM_GCC_541\Debug\RADAR_Movement_Detector.a(ErikaOS_ee_tnterm.o)
 .debug_aranges
                0x000010c8       0x20 .\CortexM3\ARM_GCC_541\Debug\RADAR_Movement_Detector.a(ErikaOS_ee_tstub.o)
 .debug_aranges
                0x000010e8       0x28 .\CortexM3\ARM_GCC_541\Debug\RADAR_Movement_Detector.a(ErikaOS_cortex_mx_ee_context.o)
 .debug_aranges
                0x00001110       0x30 .\CortexM3\ARM_GCC_541\Debug\RADAR_Movement_Detector.a(ErikaOS_ee_thendin.o)

.debug_pubnames
 *(.debug_pubnames)

.debug_info     0x00000000    0x12544
 *(.debug_info .gnu.linkonce.wi.*)
 .debug_info    0x00000000      0xb19 .\CortexM3\ARM_GCC_541\Debug\main.o
 .debug_info    0x00000b19      0x75d .\CortexM3\ARM_GCC_541\Debug\detector.o
 .debug_info    0x00001276      0x45b .\CortexM3\ARM_GCC_541\Debug\led.o
 .debug_info    0x000016d1      0x2b3 .\CortexM3\ARM_GCC_541\Debug\uart.o
 .debug_info    0x00001984      0x4c7 .\CortexM3\ARM_GCC_541\Debug\dma.o
 .debug_info    0x00001e4b      0x30d .\CortexM3\ARM_GCC_541\Debug\dac_adc.o
 .debug_info    0x00002158      0x615 .\CortexM3\ARM_GCC_541\Debug\cyfitter_cfg.o
 .debug_info    0x0000276d      0x136 .\CortexM3\ARM_GCC_541\Debug\cymetadata.o
 .debug_info    0x000028a3      0x3cf .\CortexM3\ARM_GCC_541\Debug\Cm3Start.o
 .debug_info    0x00002c72      0x94e .\CortexM3\ARM_GCC_541\Debug\RADAR_Movement_Detector.a(CyDmac.o)
 .debug_info    0x000035c0     0x1374 .\CortexM3\ARM_GCC_541\Debug\RADAR_Movement_Detector.a(CyLib.o)
 .debug_info    0x00004934      0xa2a .\CortexM3\ARM_GCC_541\Debug\RADAR_Movement_Detector.a(cyPm.o)
 .debug_info    0x0000535e      0x80d .\CortexM3\ARM_GCC_541\Debug\RADAR_Movement_Detector.a(ErikaOS_ee_activate.o)
 .debug_info    0x00005b6b      0xc3b .\CortexM3\ARM_GCC_541\Debug\RADAR_Movement_Detector.a(ErikaOS_ee_altick.o)
 .debug_info    0x000067a6      0x5a7 .\CortexM3\ARM_GCC_541\Debug\RADAR_Movement_Detector.a(ErikaOS_ee_evclear.o)
 .debug_info    0x00006d4d      0x4ca .\CortexM3\ARM_GCC_541\Debug\RADAR_Movement_Detector.a(ErikaOS_ee_evget.o)
 .debug_info    0x00007217      0x7c3 .\CortexM3\ARM_GCC_541\Debug\RADAR_Movement_Detector.a(ErikaOS_ee_evset.o)
 .debug_info    0x000079da      0x84e .\CortexM3\ARM_GCC_541\Debug\RADAR_Movement_Detector.a(ErikaOS_ee_evwait.o)
 .debug_info    0x00008228      0x5cb .\CortexM3\ARM_GCC_541\Debug\RADAR_Movement_Detector.a(ErikaOS_ee_irqendin.o)
 .debug_info    0x000087f3      0x3d0 .\CortexM3\ARM_GCC_541\Debug\RADAR_Movement_Detector.a(ErikaOS_ee_lookup.o)
 .debug_info    0x00008bc3      0x46f .\CortexM3\ARM_GCC_541\Debug\RADAR_Movement_Detector.a(ErikaOS_ee_rq_exchg.o)
 .debug_info    0x00009032      0x421 .\CortexM3\ARM_GCC_541\Debug\RADAR_Movement_Detector.a(ErikaOS_ee_rq_first.o)
 .debug_info    0x00009453      0x475 .\CortexM3\ARM_GCC_541\Debug\RADAR_Movement_Detector.a(ErikaOS_ee_rq_inser.o)
 .debug_info    0x000098c8     0x2040 .\CortexM3\ARM_GCC_541\Debug\RADAR_Movement_Detector.a(ErikaOS_ee_startos.o)
 .debug_info    0x0000b908      0x589 .\CortexM3\ARM_GCC_541\Debug\RADAR_Movement_Detector.a(ErikaOS_ee_terminat.o)
 .debug_info    0x0000be91      0x543 .\CortexM3\ARM_GCC_541\Debug\RADAR_Movement_Detector.a(ErikaOS_cortex_mx_ee_utils.o)
 .debug_info    0x0000c3d4      0x3cb .\CortexM3\ARM_GCC_541\Debug\RADAR_Movement_Detector.a(ErikaOS_common_ee_hal_structs.o)
 .debug_info    0x0000c79f      0x8d7 .\CortexM3\ARM_GCC_541\Debug\RADAR_Movement_Detector.a(ErikaOS_eecfg.o)
 .debug_info    0x0000d076      0x11f .\CortexM3\ARM_GCC_541\Debug\RADAR_Movement_Detector.a(LED_green.o)
 .debug_info    0x0000d195      0x11f .\CortexM3\ARM_GCC_541\Debug\RADAR_Movement_Detector.a(LED_orange.o)
 .debug_info    0x0000d2b4      0x11f .\CortexM3\ARM_GCC_541\Debug\RADAR_Movement_Detector.a(LED_red.o)
 .debug_info    0x0000d3d3      0x60c .\CortexM3\ARM_GCC_541\Debug\RADAR_Movement_Detector.a(UART_LOG.o)
 .debug_info    0x0000d9df      0x283 .\CortexM3\ARM_GCC_541\Debug\RADAR_Movement_Detector.a(UART_LOG_IntClock.o)
 .debug_info    0x0000dc62      0x519 .\CortexM3\ARM_GCC_541\Debug\RADAR_Movement_Detector.a(WaveDAC8.o)
 .debug_info    0x0000e17b      0x283 .\CortexM3\ARM_GCC_541\Debug\RADAR_Movement_Detector.a(WaveDAC8_DacClk.o)
 .debug_info    0x0000e3fe      0x1a7 .\CortexM3\ARM_GCC_541\Debug\RADAR_Movement_Detector.a(WaveDAC8_Wave1_DMA_dma.o)
 .debug_info    0x0000e5a5      0x1a8 .\CortexM3\ARM_GCC_541\Debug\RADAR_Movement_Detector.a(WaveDAC8_Wave2_DMA_dma.o)
 .debug_info    0x0000e74d      0x1de .\CortexM3\ARM_GCC_541\Debug\RADAR_Movement_Detector.a(WaveDAC8_VDAC8.o)
 .debug_info    0x0000e92b      0xa18 .\CortexM3\ARM_GCC_541\Debug\RADAR_Movement_Detector.a(ADC_DelSig.o)
 .debug_info    0x0000f343       0xd3 .\CortexM3\ARM_GCC_541\Debug\RADAR_Movement_Detector.a(ADC_DelSig_INT.o)
 .debug_info    0x0000f416      0x165 .\CortexM3\ARM_GCC_541\Debug\RADAR_Movement_Detector.a(ADC_DelSig_AMux.o)
 .debug_info    0x0000f57b      0x283 .\CortexM3\ARM_GCC_541\Debug\RADAR_Movement_Detector.a(ADC_DelSig_Ext_CP_Clk.o)
 .debug_info    0x0000f7fe      0x2c4 .\CortexM3\ARM_GCC_541\Debug\RADAR_Movement_Detector.a(ADC_DelSig_theACLK.o)
 .debug_info    0x0000fac2      0x1a8 .\CortexM3\ARM_GCC_541\Debug\RADAR_Movement_Detector.a(DMA_ADC_MEM_dma.o)
 .debug_info    0x0000fc6a      0x1aa .\CortexM3\ARM_GCC_541\Debug\RADAR_Movement_Detector.a(DMA_MEM_UART_dma.o)
 .debug_info    0x0000fe14      0x283 .\CortexM3\ARM_GCC_541\Debug\RADAR_Movement_Detector.a(Clock_DMA_MEM_UART.o)
 .debug_info    0x00010097       0xd0 .\CortexM3\ARM_GCC_541\Debug\RADAR_Movement_Detector.a(CyBootAsmGnu.o)
 .debug_info    0x00010167       0xe8 .\CortexM3\ARM_GCC_541\Debug\RADAR_Movement_Detector.a(ErikaOS_ee_gnu_change_context_isr.o)
 .debug_info    0x0001024f       0xdf .\CortexM3\ARM_GCC_541\Debug\RADAR_Movement_Detector.a(ErikaOS_ee_gnu_irq_stack.o)
 .debug_info    0x0001032e       0xe3 .\CortexM3\ARM_GCC_541\Debug\RADAR_Movement_Detector.a(ErikaOS_ee_gnu_multi_context.o)
 .debug_info    0x00010411       0xd8 .\CortexM3\ARM_GCC_541\Debug\RADAR_Movement_Detector.a(ErikaOS_ee_gnu_oo.o)
 .debug_info    0x000104e9      0x64d .\CortexM3\ARM_GCC_541\Debug\RADAR_Movement_Detector.a(CyFlash.o)
 .debug_info    0x00010b36      0x550 .\CortexM3\ARM_GCC_541\Debug\RADAR_Movement_Detector.a(CySpc.o)
 .debug_info    0x00011086      0x43d .\CortexM3\ARM_GCC_541\Debug\RADAR_Movement_Detector.a(ErikaOS_ee_tnterm.o)
 .debug_info    0x000114c3      0x487 .\CortexM3\ARM_GCC_541\Debug\RADAR_Movement_Detector.a(ErikaOS_ee_tstub.o)
 .debug_info    0x0001194a      0x501 .\CortexM3\ARM_GCC_541\Debug\RADAR_Movement_Detector.a(ErikaOS_cortex_mx_ee_context.o)
 .debug_info    0x00011e4b      0x6f9 .\CortexM3\ARM_GCC_541\Debug\RADAR_Movement_Detector.a(ErikaOS_ee_thendin.o)

.debug_abbrev   0x00000000     0x4bef
 *(.debug_abbrev)
 .debug_abbrev  0x00000000      0x28d .\CortexM3\ARM_GCC_541\Debug\main.o
 .debug_abbrev  0x0000028d      0x18e .\CortexM3\ARM_GCC_541\Debug\detector.o
 .debug_abbrev  0x0000041b      0x1a9 .\CortexM3\ARM_GCC_541\Debug\led.o
 .debug_abbrev  0x000005c4       0xb6 .\CortexM3\ARM_GCC_541\Debug\uart.o
 .debug_abbrev  0x0000067a      0x145 .\CortexM3\ARM_GCC_541\Debug\dma.o
 .debug_abbrev  0x000007bf      0x10b .\CortexM3\ARM_GCC_541\Debug\dac_adc.o
 .debug_abbrev  0x000008ca      0x21e .\CortexM3\ARM_GCC_541\Debug\cyfitter_cfg.o
 .debug_abbrev  0x00000ae8       0x77 .\CortexM3\ARM_GCC_541\Debug\cymetadata.o
 .debug_abbrev  0x00000b5f      0x1e8 .\CortexM3\ARM_GCC_541\Debug\Cm3Start.o
 .debug_abbrev  0x00000d47      0x1b2 .\CortexM3\ARM_GCC_541\Debug\RADAR_Movement_Detector.a(CyDmac.o)
 .debug_abbrev  0x00000ef9      0x254 .\CortexM3\ARM_GCC_541\Debug\RADAR_Movement_Detector.a(CyLib.o)
 .debug_abbrev  0x0000114d      0x1ab .\CortexM3\ARM_GCC_541\Debug\RADAR_Movement_Detector.a(cyPm.o)
 .debug_abbrev  0x000012f8      0x284 .\CortexM3\ARM_GCC_541\Debug\RADAR_Movement_Detector.a(ErikaOS_ee_activate.o)
 .debug_abbrev  0x0000157c      0x362 .\CortexM3\ARM_GCC_541\Debug\RADAR_Movement_Detector.a(ErikaOS_ee_altick.o)
 .debug_abbrev  0x000018de      0x1e0 .\CortexM3\ARM_GCC_541\Debug\RADAR_Movement_Detector.a(ErikaOS_ee_evclear.o)
 .debug_abbrev  0x00001abe      0x150 .\CortexM3\ARM_GCC_541\Debug\RADAR_Movement_Detector.a(ErikaOS_ee_evget.o)
 .debug_abbrev  0x00001c0e      0x27f .\CortexM3\ARM_GCC_541\Debug\RADAR_Movement_Detector.a(ErikaOS_ee_evset.o)
 .debug_abbrev  0x00001e8d      0x25d .\CortexM3\ARM_GCC_541\Debug\RADAR_Movement_Detector.a(ErikaOS_ee_evwait.o)
 .debug_abbrev  0x000020ea      0x1da .\CortexM3\ARM_GCC_541\Debug\RADAR_Movement_Detector.a(ErikaOS_ee_irqendin.o)
 .debug_abbrev  0x000022c4       0xcf .\CortexM3\ARM_GCC_541\Debug\RADAR_Movement_Detector.a(ErikaOS_ee_lookup.o)
 .debug_abbrev  0x00002393       0xfc .\CortexM3\ARM_GCC_541\Debug\RADAR_Movement_Detector.a(ErikaOS_ee_rq_exchg.o)
 .debug_abbrev  0x0000248f       0xed .\CortexM3\ARM_GCC_541\Debug\RADAR_Movement_Detector.a(ErikaOS_ee_rq_first.o)
 .debug_abbrev  0x0000257c      0x109 .\CortexM3\ARM_GCC_541\Debug\RADAR_Movement_Detector.a(ErikaOS_ee_rq_inser.o)
 .debug_abbrev  0x00002685      0x4a7 .\CortexM3\ARM_GCC_541\Debug\RADAR_Movement_Detector.a(ErikaOS_ee_startos.o)
 .debug_abbrev  0x00002b2c      0x1de .\CortexM3\ARM_GCC_541\Debug\RADAR_Movement_Detector.a(ErikaOS_ee_terminat.o)
 .debug_abbrev  0x00002d0a      0x1f0 .\CortexM3\ARM_GCC_541\Debug\RADAR_Movement_Detector.a(ErikaOS_cortex_mx_ee_utils.o)
 .debug_abbrev  0x00002efa       0xcf .\CortexM3\ARM_GCC_541\Debug\RADAR_Movement_Detector.a(ErikaOS_common_ee_hal_structs.o)
 .debug_abbrev  0x00002fc9      0x127 .\CortexM3\ARM_GCC_541\Debug\RADAR_Movement_Detector.a(ErikaOS_eecfg.o)
 .debug_abbrev  0x000030f0       0x90 .\CortexM3\ARM_GCC_541\Debug\RADAR_Movement_Detector.a(LED_green.o)
 .debug_abbrev  0x00003180       0x90 .\CortexM3\ARM_GCC_541\Debug\RADAR_Movement_Detector.a(LED_orange.o)
 .debug_abbrev  0x00003210       0x90 .\CortexM3\ARM_GCC_541\Debug\RADAR_Movement_Detector.a(LED_red.o)
 .debug_abbrev  0x000032a0      0x175 .\CortexM3\ARM_GCC_541\Debug\RADAR_Movement_Detector.a(UART_LOG.o)
 .debug_abbrev  0x00003415      0x139 .\CortexM3\ARM_GCC_541\Debug\RADAR_Movement_Detector.a(UART_LOG_IntClock.o)
 .debug_abbrev  0x0000354e      0x114 .\CortexM3\ARM_GCC_541\Debug\RADAR_Movement_Detector.a(WaveDAC8.o)
 .debug_abbrev  0x00003662      0x139 .\CortexM3\ARM_GCC_541\Debug\RADAR_Movement_Detector.a(WaveDAC8_DacClk.o)
 .debug_abbrev  0x0000379b       0xcd .\CortexM3\ARM_GCC_541\Debug\RADAR_Movement_Detector.a(WaveDAC8_Wave1_DMA_dma.o)
 .debug_abbrev  0x00003868       0xcd .\CortexM3\ARM_GCC_541\Debug\RADAR_Movement_Detector.a(WaveDAC8_Wave2_DMA_dma.o)
 .debug_abbrev  0x00003935       0xf7 .\CortexM3\ARM_GCC_541\Debug\RADAR_Movement_Detector.a(WaveDAC8_VDAC8.o)
 .debug_abbrev  0x00003a2c      0x1eb .\CortexM3\ARM_GCC_541\Debug\RADAR_Movement_Detector.a(ADC_DelSig.o)
 .debug_abbrev  0x00003c17       0x42 .\CortexM3\ARM_GCC_541\Debug\RADAR_Movement_Detector.a(ADC_DelSig_INT.o)
 .debug_abbrev  0x00003c59       0xb1 .\CortexM3\ARM_GCC_541\Debug\RADAR_Movement_Detector.a(ADC_DelSig_AMux.o)
 .debug_abbrev  0x00003d0a      0x139 .\CortexM3\ARM_GCC_541\Debug\RADAR_Movement_Detector.a(ADC_DelSig_Ext_CP_Clk.o)
 .debug_abbrev  0x00003e43      0x121 .\CortexM3\ARM_GCC_541\Debug\RADAR_Movement_Detector.a(ADC_DelSig_theACLK.o)
 .debug_abbrev  0x00003f64       0xcd .\CortexM3\ARM_GCC_541\Debug\RADAR_Movement_Detector.a(DMA_ADC_MEM_dma.o)
 .debug_abbrev  0x00004031       0xcd .\CortexM3\ARM_GCC_541\Debug\RADAR_Movement_Detector.a(DMA_MEM_UART_dma.o)
 .debug_abbrev  0x000040fe      0x139 .\CortexM3\ARM_GCC_541\Debug\RADAR_Movement_Detector.a(Clock_DMA_MEM_UART.o)
 .debug_abbrev  0x00004237       0x14 .\CortexM3\ARM_GCC_541\Debug\RADAR_Movement_Detector.a(CyBootAsmGnu.o)
 .debug_abbrev  0x0000424b       0x14 .\CortexM3\ARM_GCC_541\Debug\RADAR_Movement_Detector.a(ErikaOS_ee_gnu_change_context_isr.o)
 .debug_abbrev  0x0000425f       0x14 .\CortexM3\ARM_GCC_541\Debug\RADAR_Movement_Detector.a(ErikaOS_ee_gnu_irq_stack.o)
 .debug_abbrev  0x00004273       0x14 .\CortexM3\ARM_GCC_541\Debug\RADAR_Movement_Detector.a(ErikaOS_ee_gnu_multi_context.o)
 .debug_abbrev  0x00004287       0x14 .\CortexM3\ARM_GCC_541\Debug\RADAR_Movement_Detector.a(ErikaOS_ee_gnu_oo.o)
 .debug_abbrev  0x0000429b      0x1a7 .\CortexM3\ARM_GCC_541\Debug\RADAR_Movement_Detector.a(CyFlash.o)
 .debug_abbrev  0x00004442      0x194 .\CortexM3\ARM_GCC_541\Debug\RADAR_Movement_Detector.a(CySpc.o)
 .debug_abbrev  0x000045d6      0x157 .\CortexM3\ARM_GCC_541\Debug\RADAR_Movement_Detector.a(ErikaOS_ee_tnterm.o)
 .debug_abbrev  0x0000472d      0x143 .\CortexM3\ARM_GCC_541\Debug\RADAR_Movement_Detector.a(ErikaOS_ee_tstub.o)
 .debug_abbrev  0x00004870      0x156 .\CortexM3\ARM_GCC_541\Debug\RADAR_Movement_Detector.a(ErikaOS_cortex_mx_ee_context.o)
 .debug_abbrev  0x000049c6      0x229 .\CortexM3\ARM_GCC_541\Debug\RADAR_Movement_Detector.a(ErikaOS_ee_thendin.o)

.debug_line     0x00000000     0x63b4
 *(.debug_line)
 .debug_line    0x00000000      0x650 .\CortexM3\ARM_GCC_541\Debug\main.o
 .debug_line    0x00000650      0x310 .\CortexM3\ARM_GCC_541\Debug\detector.o
 .debug_line    0x00000960      0x2f8 .\CortexM3\ARM_GCC_541\Debug\led.o
 .debug_line    0x00000c58       0x75 .\CortexM3\ARM_GCC_541\Debug\uart.o
 .debug_line    0x00000ccd      0x29e .\CortexM3\ARM_GCC_541\Debug\dma.o
 .debug_line    0x00000f6b      0x27e .\CortexM3\ARM_GCC_541\Debug\dac_adc.o
 .debug_line    0x000011e9      0x20d .\CortexM3\ARM_GCC_541\Debug\cyfitter_cfg.o
 .debug_line    0x000013f6      0x141 .\CortexM3\ARM_GCC_541\Debug\cymetadata.o
 .debug_line    0x00001537      0x241 .\CortexM3\ARM_GCC_541\Debug\Cm3Start.o
 .debug_line    0x00001778      0x2e4 .\CortexM3\ARM_GCC_541\Debug\RADAR_Movement_Detector.a(CyDmac.o)
 .debug_line    0x00001a5c      0x816 .\CortexM3\ARM_GCC_541\Debug\RADAR_Movement_Detector.a(CyLib.o)
 .debug_line    0x00002272      0x367 .\CortexM3\ARM_GCC_541\Debug\RADAR_Movement_Detector.a(cyPm.o)
 .debug_line    0x000025d9      0x1e6 .\CortexM3\ARM_GCC_541\Debug\RADAR_Movement_Detector.a(ErikaOS_ee_activate.o)
 .debug_line    0x000027bf      0x2f1 .\CortexM3\ARM_GCC_541\Debug\RADAR_Movement_Detector.a(ErikaOS_ee_altick.o)
 .debug_line    0x00002ab0      0x1c1 .\CortexM3\ARM_GCC_541\Debug\RADAR_Movement_Detector.a(ErikaOS_ee_evclear.o)
 .debug_line    0x00002c71      0x14b .\CortexM3\ARM_GCC_541\Debug\RADAR_Movement_Detector.a(ErikaOS_ee_evget.o)
 .debug_line    0x00002dbc      0x1e3 .\CortexM3\ARM_GCC_541\Debug\RADAR_Movement_Detector.a(ErikaOS_ee_evset.o)
 .debug_line    0x00002f9f      0x1ef .\CortexM3\ARM_GCC_541\Debug\RADAR_Movement_Detector.a(ErikaOS_ee_evwait.o)
 .debug_line    0x0000318e      0x190 .\CortexM3\ARM_GCC_541\Debug\RADAR_Movement_Detector.a(ErikaOS_ee_irqendin.o)
 .debug_line    0x0000331e      0x10b .\CortexM3\ARM_GCC_541\Debug\RADAR_Movement_Detector.a(ErikaOS_ee_lookup.o)
 .debug_line    0x00003429      0x14b .\CortexM3\ARM_GCC_541\Debug\RADAR_Movement_Detector.a(ErikaOS_ee_rq_exchg.o)
 .debug_line    0x00003574      0x142 .\CortexM3\ARM_GCC_541\Debug\RADAR_Movement_Detector.a(ErikaOS_ee_rq_first.o)
 .debug_line    0x000036b6      0x146 .\CortexM3\ARM_GCC_541\Debug\RADAR_Movement_Detector.a(ErikaOS_ee_rq_inser.o)
 .debug_line    0x000037fc      0x3e8 .\CortexM3\ARM_GCC_541\Debug\RADAR_Movement_Detector.a(ErikaOS_ee_startos.o)
 .debug_line    0x00003be4      0x1ac .\CortexM3\ARM_GCC_541\Debug\RADAR_Movement_Detector.a(ErikaOS_ee_terminat.o)
 .debug_line    0x00003d90      0x17a .\CortexM3\ARM_GCC_541\Debug\RADAR_Movement_Detector.a(ErikaOS_cortex_mx_ee_utils.o)
 .debug_line    0x00003f0a       0xed .\CortexM3\ARM_GCC_541\Debug\RADAR_Movement_Detector.a(ErikaOS_common_ee_hal_structs.o)
 .debug_line    0x00003ff7      0x12c .\CortexM3\ARM_GCC_541\Debug\RADAR_Movement_Detector.a(ErikaOS_eecfg.o)
 .debug_line    0x00004123       0x96 .\CortexM3\ARM_GCC_541\Debug\RADAR_Movement_Detector.a(LED_green.o)
 .debug_line    0x000041b9       0x97 .\CortexM3\ARM_GCC_541\Debug\RADAR_Movement_Detector.a(LED_orange.o)
 .debug_line    0x00004250       0x94 .\CortexM3\ARM_GCC_541\Debug\RADAR_Movement_Detector.a(LED_red.o)
 .debug_line    0x000042e4      0x2c4 .\CortexM3\ARM_GCC_541\Debug\RADAR_Movement_Detector.a(UART_LOG.o)
 .debug_line    0x000045a8      0x180 .\CortexM3\ARM_GCC_541\Debug\RADAR_Movement_Detector.a(UART_LOG_IntClock.o)
 .debug_line    0x00004728      0x156 .\CortexM3\ARM_GCC_541\Debug\RADAR_Movement_Detector.a(WaveDAC8.o)
 .debug_line    0x0000487e      0x17e .\CortexM3\ARM_GCC_541\Debug\RADAR_Movement_Detector.a(WaveDAC8_DacClk.o)
 .debug_line    0x000049fc       0x8f .\CortexM3\ARM_GCC_541\Debug\RADAR_Movement_Detector.a(WaveDAC8_Wave1_DMA_dma.o)
 .debug_line    0x00004a8b       0x8f .\CortexM3\ARM_GCC_541\Debug\RADAR_Movement_Detector.a(WaveDAC8_Wave2_DMA_dma.o)
 .debug_line    0x00004b1a       0xea .\CortexM3\ARM_GCC_541\Debug\RADAR_Movement_Detector.a(WaveDAC8_VDAC8.o)
 .debug_line    0x00004c04      0x372 .\CortexM3\ARM_GCC_541\Debug\RADAR_Movement_Detector.a(ADC_DelSig.o)
 .debug_line    0x00004f76       0x87 .\CortexM3\ARM_GCC_541\Debug\RADAR_Movement_Detector.a(ADC_DelSig_INT.o)
 .debug_line    0x00004ffd       0xb3 .\CortexM3\ARM_GCC_541\Debug\RADAR_Movement_Detector.a(ADC_DelSig_AMux.o)
 .debug_line    0x000050b0      0x184 .\CortexM3\ARM_GCC_541\Debug\RADAR_Movement_Detector.a(ADC_DelSig_Ext_CP_Clk.o)
 .debug_line    0x00005234      0x1a4 .\CortexM3\ARM_GCC_541\Debug\RADAR_Movement_Detector.a(ADC_DelSig_theACLK.o)
 .debug_line    0x000053d8       0x88 .\CortexM3\ARM_GCC_541\Debug\RADAR_Movement_Detector.a(DMA_ADC_MEM_dma.o)
 .debug_line    0x00005460       0x89 .\CortexM3\ARM_GCC_541\Debug\RADAR_Movement_Detector.a(DMA_MEM_UART_dma.o)
 .debug_line    0x000054e9      0x181 .\CortexM3\ARM_GCC_541\Debug\RADAR_Movement_Detector.a(Clock_DMA_MEM_UART.o)
 .debug_line    0x0000566a       0x66 .\CortexM3\ARM_GCC_541\Debug\RADAR_Movement_Detector.a(CyBootAsmGnu.o)
 .debug_line    0x000056d0       0xac .\CortexM3\ARM_GCC_541\Debug\RADAR_Movement_Detector.a(ErikaOS_ee_gnu_change_context_isr.o)
 .debug_line    0x0000577c       0x72 .\CortexM3\ARM_GCC_541\Debug\RADAR_Movement_Detector.a(ErikaOS_ee_gnu_irq_stack.o)
 .debug_line    0x000057ee       0x9b .\CortexM3\ARM_GCC_541\Debug\RADAR_Movement_Detector.a(ErikaOS_ee_gnu_multi_context.o)
 .debug_line    0x00005889       0x97 .\CortexM3\ARM_GCC_541\Debug\RADAR_Movement_Detector.a(ErikaOS_ee_gnu_oo.o)
 .debug_line    0x00005920      0x21a .\CortexM3\ARM_GCC_541\Debug\RADAR_Movement_Detector.a(CyFlash.o)
 .debug_line    0x00005b3a      0x260 .\CortexM3\ARM_GCC_541\Debug\RADAR_Movement_Detector.a(CySpc.o)
 .debug_line    0x00005d9a      0x169 .\CortexM3\ARM_GCC_541\Debug\RADAR_Movement_Detector.a(ErikaOS_ee_tnterm.o)
 .debug_line    0x00005f03      0x160 .\CortexM3\ARM_GCC_541\Debug\RADAR_Movement_Detector.a(ErikaOS_ee_tstub.o)
 .debug_line    0x00006063      0x19a .\CortexM3\ARM_GCC_541\Debug\RADAR_Movement_Detector.a(ErikaOS_cortex_mx_ee_context.o)
 .debug_line    0x000061fd      0x1b7 .\CortexM3\ARM_GCC_541\Debug\RADAR_Movement_Detector.a(ErikaOS_ee_thendin.o)

.debug_frame    0x00000000     0x26cc
 *(.debug_frame)
 .debug_frame   0x00000000      0x1b4 .\CortexM3\ARM_GCC_541\Debug\main.o
 .debug_frame   0x000001b4       0x88 .\CortexM3\ARM_GCC_541\Debug\detector.o
 .debug_frame   0x0000023c       0x6c .\CortexM3\ARM_GCC_541\Debug\led.o
 .debug_frame   0x000002a8       0x2c .\CortexM3\ARM_GCC_541\Debug\uart.o
 .debug_frame   0x000002d4       0x4c .\CortexM3\ARM_GCC_541\Debug\dma.o
 .debug_frame   0x00000320       0x74 .\CortexM3\ARM_GCC_541\Debug\dac_adc.o
 .debug_frame   0x00000394      0x104 .\CortexM3\ARM_GCC_541\Debug\cyfitter_cfg.o
 .debug_frame   0x00000498       0xb8 .\CortexM3\ARM_GCC_541\Debug\Cm3Start.o
 .debug_frame   0x00000550      0x1f8 .\CortexM3\ARM_GCC_541\Debug\RADAR_Movement_Detector.a(CyDmac.o)
 .debug_frame   0x00000748      0x738 .\CortexM3\ARM_GCC_541\Debug\RADAR_Movement_Detector.a(CyLib.o)
 .debug_frame   0x00000e80      0x1f8 .\CortexM3\ARM_GCC_541\Debug\RADAR_Movement_Detector.a(cyPm.o)
 .debug_frame   0x00001078       0x30 .\CortexM3\ARM_GCC_541\Debug\RADAR_Movement_Detector.a(ErikaOS_ee_activate.o)
 .debug_frame   0x000010a8      0x10c .\CortexM3\ARM_GCC_541\Debug\RADAR_Movement_Detector.a(ErikaOS_ee_altick.o)
 .debug_frame   0x000011b4       0x38 .\CortexM3\ARM_GCC_541\Debug\RADAR_Movement_Detector.a(ErikaOS_ee_evclear.o)
 .debug_frame   0x000011ec       0x20 .\CortexM3\ARM_GCC_541\Debug\RADAR_Movement_Detector.a(ErikaOS_ee_evget.o)
 .debug_frame   0x0000120c       0x30 .\CortexM3\ARM_GCC_541\Debug\RADAR_Movement_Detector.a(ErikaOS_ee_evset.o)
 .debug_frame   0x0000123c       0x30 .\CortexM3\ARM_GCC_541\Debug\RADAR_Movement_Detector.a(ErikaOS_ee_evwait.o)
 .debug_frame   0x0000126c       0x58 .\CortexM3\ARM_GCC_541\Debug\RADAR_Movement_Detector.a(ErikaOS_ee_irqendin.o)
 .debug_frame   0x000012c4       0x3c .\CortexM3\ARM_GCC_541\Debug\RADAR_Movement_Detector.a(ErikaOS_ee_rq_exchg.o)
 .debug_frame   0x00001300       0x20 .\CortexM3\ARM_GCC_541\Debug\RADAR_Movement_Detector.a(ErikaOS_ee_rq_first.o)
 .debug_frame   0x00001320       0x30 .\CortexM3\ARM_GCC_541\Debug\RADAR_Movement_Detector.a(ErikaOS_ee_rq_inser.o)
 .debug_frame   0x00001350       0x90 .\CortexM3\ARM_GCC_541\Debug\RADAR_Movement_Detector.a(ErikaOS_ee_startos.o)
 .debug_frame   0x000013e0       0x2c .\CortexM3\ARM_GCC_541\Debug\RADAR_Movement_Detector.a(ErikaOS_ee_terminat.o)
 .debug_frame   0x0000140c       0x30 .\CortexM3\ARM_GCC_541\Debug\RADAR_Movement_Detector.a(ErikaOS_cortex_mx_ee_utils.o)
 .debug_frame   0x0000143c       0x50 .\CortexM3\ARM_GCC_541\Debug\RADAR_Movement_Detector.a(LED_green.o)
 .debug_frame   0x0000148c       0x50 .\CortexM3\ARM_GCC_541\Debug\RADAR_Movement_Detector.a(LED_orange.o)
 .debug_frame   0x000014dc       0x50 .\CortexM3\ARM_GCC_541\Debug\RADAR_Movement_Detector.a(LED_red.o)
 .debug_frame   0x0000152c      0x250 .\CortexM3\ARM_GCC_541\Debug\RADAR_Movement_Detector.a(UART_LOG.o)
 .debug_frame   0x0000177c       0xe0 .\CortexM3\ARM_GCC_541\Debug\RADAR_Movement_Detector.a(UART_LOG_IntClock.o)
 .debug_frame   0x0000185c       0xe0 .\CortexM3\ARM_GCC_541\Debug\RADAR_Movement_Detector.a(WaveDAC8.o)
 .debug_frame   0x0000193c       0xe0 .\CortexM3\ARM_GCC_541\Debug\RADAR_Movement_Detector.a(WaveDAC8_DacClk.o)
 .debug_frame   0x00001a1c       0x54 .\CortexM3\ARM_GCC_541\Debug\RADAR_Movement_Detector.a(WaveDAC8_Wave1_DMA_dma.o)
 .debug_frame   0x00001a70       0x54 .\CortexM3\ARM_GCC_541\Debug\RADAR_Movement_Detector.a(WaveDAC8_Wave2_DMA_dma.o)
 .debug_frame   0x00001ac4       0xb4 .\CortexM3\ARM_GCC_541\Debug\RADAR_Movement_Detector.a(WaveDAC8_VDAC8.o)
 .debug_frame   0x00001b78      0x278 .\CortexM3\ARM_GCC_541\Debug\RADAR_Movement_Detector.a(ADC_DelSig.o)
 .debug_frame   0x00001df0       0x50 .\CortexM3\ARM_GCC_541\Debug\RADAR_Movement_Detector.a(ADC_DelSig_INT.o)
 .debug_frame   0x00001e40       0x64 .\CortexM3\ARM_GCC_541\Debug\RADAR_Movement_Detector.a(ADC_DelSig_AMux.o)
 .debug_frame   0x00001ea4       0xe0 .\CortexM3\ARM_GCC_541\Debug\RADAR_Movement_Detector.a(ADC_DelSig_Ext_CP_Clk.o)
 .debug_frame   0x00001f84      0x100 .\CortexM3\ARM_GCC_541\Debug\RADAR_Movement_Detector.a(ADC_DelSig_theACLK.o)
 .debug_frame   0x00002084       0x54 .\CortexM3\ARM_GCC_541\Debug\RADAR_Movement_Detector.a(DMA_ADC_MEM_dma.o)
 .debug_frame   0x000020d8       0x54 .\CortexM3\ARM_GCC_541\Debug\RADAR_Movement_Detector.a(DMA_MEM_UART_dma.o)
 .debug_frame   0x0000212c       0xe0 .\CortexM3\ARM_GCC_541\Debug\RADAR_Movement_Detector.a(Clock_DMA_MEM_UART.o)
 .debug_frame   0x0000220c      0x194 .\CortexM3\ARM_GCC_541\Debug\RADAR_Movement_Detector.a(CyFlash.o)
 .debug_frame   0x000023a0      0x180 .\CortexM3\ARM_GCC_541\Debug\RADAR_Movement_Detector.a(CySpc.o)
 .debug_frame   0x00002520       0x2c .\CortexM3\ARM_GCC_541\Debug\RADAR_Movement_Detector.a(ErikaOS_ee_tnterm.o)
 .debug_frame   0x0000254c       0x2c .\CortexM3\ARM_GCC_541\Debug\RADAR_Movement_Detector.a(ErikaOS_ee_tstub.o)
 .debug_frame   0x00002578       0x3c .\CortexM3\ARM_GCC_541\Debug\RADAR_Movement_Detector.a(ErikaOS_cortex_mx_ee_context.o)
 .debug_frame   0x000025b4       0x5c .\CortexM3\ARM_GCC_541\Debug\RADAR_Movement_Detector.a(ErikaOS_ee_thendin.o)
 .debug_frame   0x00002610       0x20 c:/program files (x86)/cypress/psoc creator/4.4/psoc creator/import/gnu/arm/5.4.1/bin/../lib/gcc/arm-none-eabi/5.4.1/../../../../arm-none-eabi/lib/armv7-m\libg_nano.a(lib_a-errno.o)
 .debug_frame   0x00002630       0x28 c:/program files (x86)/cypress/psoc creator/4.4/psoc creator/import/gnu/arm/5.4.1/bin/../lib/gcc/arm-none-eabi/5.4.1/../../../../arm-none-eabi/lib/armv7-m\libg_nano.a(lib_a-exit.o)
 .debug_frame   0x00002658       0x2c c:/program files (x86)/cypress/psoc creator/4.4/psoc creator/import/gnu/arm/5.4.1/bin/../lib/gcc/arm-none-eabi/5.4.1/../../../../arm-none-eabi/lib/armv7-m\libg_nano.a(lib_a-init.o)
 .debug_frame   0x00002684       0x28 c:/program files (x86)/cypress/psoc creator/4.4/psoc creator/import/gnu/arm/5.4.1/bin/../lib/gcc/arm-none-eabi/5.4.1/../../../../arm-none-eabi/lib/armv7-m\libg_nano.a(lib_a-memcpy-stub.o)
 .debug_frame   0x000026ac       0x20 c:/program files (x86)/cypress/psoc creator/4.4/psoc creator/import/gnu/arm/5.4.1/bin/../lib/gcc/arm-none-eabi/5.4.1/../../../../arm-none-eabi/lib/armv7-m\libg_nano.a(lib_a-memset.o)

.debug_str      0x00000000     0x4c40
 *(.debug_str)
 .debug_str     0x00000000      0x648 .\CortexM3\ARM_GCC_541\Debug\main.o
                                0x6e4 (size before relaxing)
 .debug_str     0x00000648      0x360 .\CortexM3\ARM_GCC_541\Debug\detector.o
                                0x6ce (size before relaxing)
 .debug_str     0x000009a8       0xa0 .\CortexM3\ARM_GCC_541\Debug\led.o
                                0x53a (size before relaxing)
 .debug_str     0x00000a48       0x4a .\CortexM3\ARM_GCC_541\Debug\uart.o
                                0x3e5 (size before relaxing)
 .debug_str     0x00000a92      0x11c .\CortexM3\ARM_GCC_541\Debug\dma.o
                                0x615 (size before relaxing)
 .debug_str     0x00000bae       0x9c .\CortexM3\ARM_GCC_541\Debug\dac_adc.o
                                0x536 (size before relaxing)
 .debug_str     0x00000c4a      0x1c3 .\CortexM3\ARM_GCC_541\Debug\cyfitter_cfg.o
                                0x3b7 (size before relaxing)
 .debug_str     0x00000e0d       0x75 .\CortexM3\ARM_GCC_541\Debug\cymetadata.o
                                0x224 (size before relaxing)
 .debug_str     0x00000e82      0x14f .\CortexM3\ARM_GCC_541\Debug\Cm3Start.o
                                0x35a (size before relaxing)
 .debug_str     0x00000fd1      0x303 .\CortexM3\ARM_GCC_541\Debug\RADAR_Movement_Detector.a(CyDmac.o)
                                0x58a (size before relaxing)
 .debug_str     0x000012d4      0x7f4 .\CortexM3\ARM_GCC_541\Debug\RADAR_Movement_Detector.a(CyLib.o)
                                0xa87 (size before relaxing)
 .debug_str     0x00001ac8      0x365 .\CortexM3\ARM_GCC_541\Debug\RADAR_Movement_Detector.a(cyPm.o)
                                0x773 (size before relaxing)
 .debug_str     0x00001e2d      0x5be .\CortexM3\ARM_GCC_541\Debug\RADAR_Movement_Detector.a(ErikaOS_ee_activate.o)
                                0x845 (size before relaxing)
 .debug_str     0x000023eb      0x25f .\CortexM3\ARM_GCC_541\Debug\RADAR_Movement_Detector.a(ErikaOS_ee_altick.o)
                                0xaa0 (size before relaxing)
 .debug_str     0x0000264a       0x2c .\CortexM3\ARM_GCC_541\Debug\RADAR_Movement_Detector.a(ErikaOS_ee_evclear.o)
                                0x61d (size before relaxing)
 .debug_str     0x00002676       0x5b .\CortexM3\ARM_GCC_541\Debug\RADAR_Movement_Detector.a(ErikaOS_ee_evget.o)
                                0x58d (size before relaxing)
 .debug_str     0x000026d1       0x2a .\CortexM3\ARM_GCC_541\Debug\RADAR_Movement_Detector.a(ErikaOS_ee_evset.o)
                                0x81d (size before relaxing)
 .debug_str     0x000026fb       0x8d .\CortexM3\ARM_GCC_541\Debug\RADAR_Movement_Detector.a(ErikaOS_ee_evwait.o)
                                0x861 (size before relaxing)
 .debug_str     0x00002788       0xc8 .\CortexM3\ARM_GCC_541\Debug\RADAR_Movement_Detector.a(ErikaOS_ee_irqendin.o)
                                0x6fa (size before relaxing)
 .debug_str     0x00002850       0x2b .\CortexM3\ARM_GCC_541\Debug\RADAR_Movement_Detector.a(ErikaOS_ee_lookup.o)
                                0x4c9 (size before relaxing)
 .debug_str     0x0000287b       0x8a .\CortexM3\ARM_GCC_541\Debug\RADAR_Movement_Detector.a(ErikaOS_ee_rq_exchg.o)
                                0x53b (size before relaxing)
 .debug_str     0x00002905       0x2d .\CortexM3\ARM_GCC_541\Debug\RADAR_Movement_Detector.a(ErikaOS_ee_rq_first.o)
                                0x506 (size before relaxing)
 .debug_str     0x00002932       0x38 .\CortexM3\ARM_GCC_541\Debug\RADAR_Movement_Detector.a(ErikaOS_ee_rq_inser.o)
                                0x540 (size before relaxing)
 .debug_str     0x0000296a      0x8a8 .\CortexM3\ARM_GCC_541\Debug\RADAR_Movement_Detector.a(ErikaOS_ee_startos.o)
                               0x176c (size before relaxing)
 .debug_str     0x00003212       0x5b .\CortexM3\ARM_GCC_541\Debug\RADAR_Movement_Detector.a(ErikaOS_ee_terminat.o)
                                0x62a (size before relaxing)
 .debug_str     0x0000326d       0x71 .\CortexM3\ARM_GCC_541\Debug\RADAR_Movement_Detector.a(ErikaOS_cortex_mx_ee_utils.o)
                                0x598 (size before relaxing)
 .debug_str     0x000032de       0x37 .\CortexM3\ARM_GCC_541\Debug\RADAR_Movement_Detector.a(ErikaOS_common_ee_hal_structs.o)
                                0x4d5 (size before relaxing)
 .debug_str     0x00003315      0x19d .\CortexM3\ARM_GCC_541\Debug\RADAR_Movement_Detector.a(ErikaOS_eecfg.o)
                                0x823 (size before relaxing)
 .debug_str     0x000034b2       0x6a .\CortexM3\ARM_GCC_541\Debug\RADAR_Movement_Detector.a(LED_green.o)
                                0x236 (size before relaxing)
 .debug_str     0x0000351c       0x63 .\CortexM3\ARM_GCC_541\Debug\RADAR_Movement_Detector.a(LED_orange.o)
                                0x23b (size before relaxing)
 .debug_str     0x0000357f       0x57 .\CortexM3\ARM_GCC_541\Debug\RADAR_Movement_Detector.a(LED_red.o)
                                0x22c (size before relaxing)
 .debug_str     0x000035d6      0x2fb .\CortexM3\ARM_GCC_541\Debug\RADAR_Movement_Detector.a(UART_LOG.o)
                                0x531 (size before relaxing)
 .debug_str     0x000038d1      0x1ab .\CortexM3\ARM_GCC_541\Debug\RADAR_Movement_Detector.a(UART_LOG_IntClock.o)
                                0x3a6 (size before relaxing)
 .debug_str     0x00003a7c      0x220 .\CortexM3\ARM_GCC_541\Debug\RADAR_Movement_Detector.a(WaveDAC8.o)
                                0x477 (size before relaxing)
 .debug_str     0x00003c9c      0x14c .\CortexM3\ARM_GCC_541\Debug\RADAR_Movement_Detector.a(WaveDAC8_DacClk.o)
                                0x38e (size before relaxing)
 .debug_str     0x00003de8       0xa6 .\CortexM3\ARM_GCC_541\Debug\RADAR_Movement_Detector.a(WaveDAC8_Wave1_DMA_dma.o)
                                0x2e0 (size before relaxing)
 .debug_str     0x00003e8e       0x6b .\CortexM3\ARM_GCC_541\Debug\RADAR_Movement_Detector.a(WaveDAC8_Wave2_DMA_dma.o)
                                0x2e0 (size before relaxing)
 .debug_str     0x00003ef9       0x77 .\CortexM3\ARM_GCC_541\Debug\RADAR_Movement_Detector.a(WaveDAC8_VDAC8.o)
                                0x2b9 (size before relaxing)
 .debug_str     0x00003f70      0x43d .\CortexM3\ARM_GCC_541\Debug\RADAR_Movement_Detector.a(ADC_DelSig.o)
                                0x728 (size before relaxing)
 .debug_str     0x000043ad       0x68 .\CortexM3\ARM_GCC_541\Debug\RADAR_Movement_Detector.a(ADC_DelSig_INT.o)
                                0x223 (size before relaxing)
 .debug_str     0x00004415       0x7b .\CortexM3\ARM_GCC_541\Debug\RADAR_Movement_Detector.a(ADC_DelSig_AMux.o)
                                0x270 (size before relaxing)
 .debug_str     0x00004490      0x170 .\CortexM3\ARM_GCC_541\Debug\RADAR_Movement_Detector.a(ADC_DelSig_Ext_CP_Clk.o)
                                0x3d6 (size before relaxing)
 .debug_str     0x00004600      0x1a3 .\CortexM3\ARM_GCC_541\Debug\RADAR_Movement_Detector.a(ADC_DelSig_theACLK.o)
                                0x403 (size before relaxing)
 .debug_str     0x000047a3       0x56 .\CortexM3\ARM_GCC_541\Debug\RADAR_Movement_Detector.a(DMA_ADC_MEM_dma.o)
                                0x2c4 (size before relaxing)
 .debug_str     0x000047f9       0x59 .\CortexM3\ARM_GCC_541\Debug\RADAR_Movement_Detector.a(DMA_MEM_UART_dma.o)
                                0x2c8 (size before relaxing)
 .debug_str     0x00004852      0x182 .\CortexM3\ARM_GCC_541\Debug\RADAR_Movement_Detector.a(Clock_DMA_MEM_UART.o)
                                0x3b2 (size before relaxing)
 .debug_str     0x000049d4       0x6c .\CortexM3\ARM_GCC_541\Debug\RADAR_Movement_Detector.a(CyFlash.o)
                                0x400 (size before relaxing)
 .debug_str     0x00004a40       0x64 .\CortexM3\ARM_GCC_541\Debug\RADAR_Movement_Detector.a(CySpc.o)
                                0x378 (size before relaxing)
 .debug_str     0x00004aa4       0x56 .\CortexM3\ARM_GCC_541\Debug\RADAR_Movement_Detector.a(ErikaOS_ee_tnterm.o)
                                0x53c (size before relaxing)
 .debug_str     0x00004afa       0x55 .\CortexM3\ARM_GCC_541\Debug\RADAR_Movement_Detector.a(ErikaOS_ee_tstub.o)
                                0x613 (size before relaxing)
 .debug_str     0x00004b4f       0x8a .\CortexM3\ARM_GCC_541\Debug\RADAR_Movement_Detector.a(ErikaOS_cortex_mx_ee_context.o)
                                0x5ca (size before relaxing)
 .debug_str     0x00004bd9       0x67 .\CortexM3\ARM_GCC_541\Debug\RADAR_Movement_Detector.a(ErikaOS_ee_thendin.o)
                                0x790 (size before relaxing)

.debug_loc      0x00000000     0x4f83
 *(.debug_loc)
 .debug_loc     0x00000000      0x27c .\CortexM3\ARM_GCC_541\Debug\main.o
 .debug_loc     0x0000027c      0x113 .\CortexM3\ARM_GCC_541\Debug\detector.o
 .debug_loc     0x0000038f      0x2bf .\CortexM3\ARM_GCC_541\Debug\led.o
 .debug_loc     0x0000064e      0x10a .\CortexM3\ARM_GCC_541\Debug\dma.o
 .debug_loc     0x00000758       0x74 .\CortexM3\ARM_GCC_541\Debug\dac_adc.o
 .debug_loc     0x000007cc      0x219 .\CortexM3\ARM_GCC_541\Debug\cyfitter_cfg.o
 .debug_loc     0x000009e5      0x144 .\CortexM3\ARM_GCC_541\Debug\Cm3Start.o
 .debug_loc     0x00000b29      0xb8e .\CortexM3\ARM_GCC_541\Debug\RADAR_Movement_Detector.a(CyDmac.o)
 .debug_loc     0x000016b7      0xa11 .\CortexM3\ARM_GCC_541\Debug\RADAR_Movement_Detector.a(CyLib.o)
 .debug_loc     0x000020c8      0x1e4 .\CortexM3\ARM_GCC_541\Debug\RADAR_Movement_Detector.a(cyPm.o)
 .debug_loc     0x000022ac      0x12d .\CortexM3\ARM_GCC_541\Debug\RADAR_Movement_Detector.a(ErikaOS_ee_activate.o)
 .debug_loc     0x000023d9      0x46c .\CortexM3\ARM_GCC_541\Debug\RADAR_Movement_Detector.a(ErikaOS_ee_altick.o)
 .debug_loc     0x00002845       0xbc .\CortexM3\ARM_GCC_541\Debug\RADAR_Movement_Detector.a(ErikaOS_ee_evclear.o)
 .debug_loc     0x00002901       0xa4 .\CortexM3\ARM_GCC_541\Debug\RADAR_Movement_Detector.a(ErikaOS_ee_evget.o)
 .debug_loc     0x000029a5      0x16b .\CortexM3\ARM_GCC_541\Debug\RADAR_Movement_Detector.a(ErikaOS_ee_evset.o)
 .debug_loc     0x00002b10      0x13f .\CortexM3\ARM_GCC_541\Debug\RADAR_Movement_Detector.a(ErikaOS_ee_evwait.o)
 .debug_loc     0x00002c4f       0x62 .\CortexM3\ARM_GCC_541\Debug\RADAR_Movement_Detector.a(ErikaOS_ee_irqendin.o)
 .debug_loc     0x00002cb1       0x4a .\CortexM3\ARM_GCC_541\Debug\RADAR_Movement_Detector.a(ErikaOS_ee_rq_exchg.o)
 .debug_loc     0x00002cfb       0x36 .\CortexM3\ARM_GCC_541\Debug\RADAR_Movement_Detector.a(ErikaOS_ee_rq_first.o)
 .debug_loc     0x00002d31       0x1e .\CortexM3\ARM_GCC_541\Debug\RADAR_Movement_Detector.a(ErikaOS_ee_rq_inser.o)
 .debug_loc     0x00002d4f      0x1d8 .\CortexM3\ARM_GCC_541\Debug\RADAR_Movement_Detector.a(ErikaOS_ee_startos.o)
 .debug_loc     0x00002f27       0x50 .\CortexM3\ARM_GCC_541\Debug\RADAR_Movement_Detector.a(ErikaOS_ee_terminat.o)
 .debug_loc     0x00002f77       0x13 .\CortexM3\ARM_GCC_541\Debug\RADAR_Movement_Detector.a(ErikaOS_cortex_mx_ee_utils.o)
 .debug_loc     0x00002f8a       0x42 .\CortexM3\ARM_GCC_541\Debug\RADAR_Movement_Detector.a(LED_green.o)
 .debug_loc     0x00002fcc       0x42 .\CortexM3\ARM_GCC_541\Debug\RADAR_Movement_Detector.a(LED_orange.o)
 .debug_loc     0x0000300e       0x42 .\CortexM3\ARM_GCC_541\Debug\RADAR_Movement_Detector.a(LED_red.o)
 .debug_loc     0x00003050      0x258 .\CortexM3\ARM_GCC_541\Debug\RADAR_Movement_Detector.a(UART_LOG.o)
 .debug_loc     0x000032a8      0x128 .\CortexM3\ARM_GCC_541\Debug\RADAR_Movement_Detector.a(UART_LOG_IntClock.o)
 .debug_loc     0x000033d0      0x11b .\CortexM3\ARM_GCC_541\Debug\RADAR_Movement_Detector.a(WaveDAC8.o)
 .debug_loc     0x000034eb      0x128 .\CortexM3\ARM_GCC_541\Debug\RADAR_Movement_Detector.a(WaveDAC8_DacClk.o)
 .debug_loc     0x00003613       0x84 .\CortexM3\ARM_GCC_541\Debug\RADAR_Movement_Detector.a(WaveDAC8_Wave1_DMA_dma.o)
 .debug_loc     0x00003697       0x84 .\CortexM3\ARM_GCC_541\Debug\RADAR_Movement_Detector.a(WaveDAC8_Wave2_DMA_dma.o)
 .debug_loc     0x0000371b       0x79 .\CortexM3\ARM_GCC_541\Debug\RADAR_Movement_Detector.a(WaveDAC8_VDAC8.o)
 .debug_loc     0x00003794      0x681 .\CortexM3\ARM_GCC_541\Debug\RADAR_Movement_Detector.a(ADC_DelSig.o)
 .debug_loc     0x00003e15       0x6c .\CortexM3\ARM_GCC_541\Debug\RADAR_Movement_Detector.a(ADC_DelSig_AMux.o)
 .debug_loc     0x00003e81      0x12c .\CortexM3\ARM_GCC_541\Debug\RADAR_Movement_Detector.a(ADC_DelSig_Ext_CP_Clk.o)
 .debug_loc     0x00003fad      0x14d .\CortexM3\ARM_GCC_541\Debug\RADAR_Movement_Detector.a(ADC_DelSig_theACLK.o)
 .debug_loc     0x000040fa       0x84 .\CortexM3\ARM_GCC_541\Debug\RADAR_Movement_Detector.a(DMA_ADC_MEM_dma.o)
 .debug_loc     0x0000417e       0x84 .\CortexM3\ARM_GCC_541\Debug\RADAR_Movement_Detector.a(DMA_MEM_UART_dma.o)
 .debug_loc     0x00004202      0x128 .\CortexM3\ARM_GCC_541\Debug\RADAR_Movement_Detector.a(Clock_DMA_MEM_UART.o)