Archive member included to satisfy reference by file (symbol)

.\CortexM3\ARM_GCC_541\Debug\RADAR_Movement_Detector.a(CyDmac.o)
                              .\CortexM3\ARM_GCC_541\Debug\Cm3Start.o (CyDmacConfigure)
.\CortexM3\ARM_GCC_541\Debug\RADAR_Movement_Detector.a(CyLib.o)
                              .\CortexM3\ARM_GCC_541\Debug\Cm3Start.o (CyHalt)
.\CortexM3\ARM_GCC_541\Debug\RADAR_Movement_Detector.a(cyPm.o)
                              .\CortexM3\ARM_GCC_541\Debug\RADAR_Movement_Detector.a(CyLib.o) (CyPmReadStatus)
.\CortexM3\ARM_GCC_541\Debug\RADAR_Movement_Detector.a(ErikaOS_ee_activate.o)
                              .\CortexM3\ARM_GCC_541\Debug\main.o (EE_oo_ActivateTask)
.\CortexM3\ARM_GCC_541\Debug\RADAR_Movement_Detector.a(ErikaOS_ee_altick.o)
                              .\CortexM3\ARM_GCC_541\Debug\main.o (EE_oo_IncrementCounter)
.\CortexM3\ARM_GCC_541\Debug\RADAR_Movement_Detector.a(ErikaOS_ee_evclear.o)
                              .\CortexM3\ARM_GCC_541\Debug\main.o (EE_oo_ClearEvent)
.\CortexM3\ARM_GCC_541\Debug\RADAR_Movement_Detector.a(ErikaOS_ee_evget.o)
                              .\CortexM3\ARM_GCC_541\Debug\main.o (EE_oo_GetEvent)
.\CortexM3\ARM_GCC_541\Debug\RADAR_Movement_Detector.a(ErikaOS_ee_evset.o)
                              .\CortexM3\ARM_GCC_541\Debug\main.o (EE_oo_SetEvent)
.\CortexM3\ARM_GCC_541\Debug\RADAR_Movement_Detector.a(ErikaOS_ee_evwait.o)
                              .\CortexM3\ARM_GCC_541\Debug\main.o (EE_oo_WaitEvent)
.\CortexM3\ARM_GCC_541\Debug\RADAR_Movement_Detector.a(ErikaOS_ee_irqendin.o)
                              .\CortexM3\ARM_GCC_541\Debug\main.o (EE_IRQ_end_post_stub)
.\CortexM3\ARM_GCC_541\Debug\RADAR_Movement_Detector.a(ErikaOS_ee_lookup.o)
                              .\CortexM3\ARM_GCC_541\Debug\RADAR_Movement_Detector.a(ErikaOS_ee_irqendin.o) (EE_oo_IRQ_disable_count)
.\CortexM3\ARM_GCC_541\Debug\RADAR_Movement_Detector.a(ErikaOS_ee_rq_exchg.o)
                              .\CortexM3\ARM_GCC_541\Debug\RADAR_Movement_Detector.a(ErikaOS_ee_activate.o) (EE_rq2stk_exchange)
.\CortexM3\ARM_GCC_541\Debug\RADAR_Movement_Detector.a(ErikaOS_ee_rq_first.o)
                              .\CortexM3\ARM_GCC_541\Debug\RADAR_Movement_Detector.a(ErikaOS_ee_activate.o) (EE_rq_queryfirst)
.\CortexM3\ARM_GCC_541\Debug\RADAR_Movement_Detector.a(ErikaOS_ee_rq_inser.o)
                              .\CortexM3\ARM_GCC_541\Debug\RADAR_Movement_Detector.a(ErikaOS_ee_activate.o) (EE_rq_insert)
.\CortexM3\ARM_GCC_541\Debug\RADAR_Movement_Detector.a(ErikaOS_ee_startos.o)
                              .\CortexM3\ARM_GCC_541\Debug\main.o (EE_oo_StartOS)
.\CortexM3\ARM_GCC_541\Debug\RADAR_Movement_Detector.a(ErikaOS_ee_terminat.o)
                              .\CortexM3\ARM_GCC_541\Debug\main.o (EE_oo_TerminateTask)
.\CortexM3\ARM_GCC_541\Debug\RADAR_Movement_Detector.a(ErikaOS_cortex_mx_ee_utils.o)
                              .\CortexM3\ARM_GCC_541\Debug\main.o (EE_system_init)
.\CortexM3\ARM_GCC_541\Debug\RADAR_Movement_Detector.a(ErikaOS_common_ee_hal_structs.o)
                              .\CortexM3\ARM_GCC_541\Debug\RADAR_Movement_Detector.a(ErikaOS_ee_irqendin.o) (EE_std_endcycle_next_tid)
.\CortexM3\ARM_GCC_541\Debug\RADAR_Movement_Detector.a(ErikaOS_eecfg.o)
                              .\CortexM3\ARM_GCC_541\Debug\RADAR_Movement_Detector.a(ErikaOS_ee_startos.o) (EE_oo_autostart_task_data)
.\CortexM3\ARM_GCC_541\Debug\RADAR_Movement_Detector.a(LED_green.o)
                              .\CortexM3\ARM_GCC_541\Debug\led.o (LED_green_Write)
.\CortexM3\ARM_GCC_541\Debug\RADAR_Movement_Detector.a(LED_orange.o)
                              .\CortexM3\ARM_GCC_541\Debug\led.o (LED_orange_Write)
.\CortexM3\ARM_GCC_541\Debug\RADAR_Movement_Detector.a(LED_red.o)
                              .\CortexM3\ARM_GCC_541\Debug\led.o (LED_red_Write)
.\CortexM3\ARM_GCC_541\Debug\RADAR_Movement_Detector.a(UART_LOG.o)
                              .\CortexM3\ARM_GCC_541\Debug\uart.o (UART_LOG_Start)
.\CortexM3\ARM_GCC_541\Debug\RADAR_Movement_Detector.a(UART_LOG_IntClock.o)
                              .\CortexM3\ARM_GCC_541\Debug\RADAR_Movement_Detector.a(UART_LOG.o) (UART_LOG_IntClock_Start)
.\CortexM3\ARM_GCC_541\Debug\RADAR_Movement_Detector.a(ADC_DelSig.o)
                              .\CortexM3\ARM_GCC_541\Debug\dac_adc.o (ADC_DelSig_Start)
.\CortexM3\ARM_GCC_541\Debug\RADAR_Movement_Detector.a(ADC_DelSig_INT.o)
                              .\CortexM3\ARM_GCC_541\Debug\RADAR_Movement_Detector.a(ADC_DelSig.o) (ADC_DelSig_ISR1)
.\CortexM3\ARM_GCC_541\Debug\RADAR_Movement_Detector.a(ADC_DelSig_AMux.o)
                              .\CortexM3\ARM_GCC_541\Debug\RADAR_Movement_Detector.a(ADC_DelSig.o) (ADC_DelSig_AMux_Select)
.\CortexM3\ARM_GCC_541\Debug\RADAR_Movement_Detector.a(ADC_DelSig_Ext_CP_Clk.o)
                              .\CortexM3\ARM_GCC_541\Debug\RADAR_Movement_Detector.a(ADC_DelSig.o) (ADC_DelSig_Ext_CP_Clk_SetModeRegister)
[...]
Memory Configuration

Name             Origin             Length             Attributes
rom              0x00000000         0x00040000         xr
ram              0x1fff8000         0x00010000         xrw
*default*        0x00000000         0xffffffff

Linker script and memory map

LOAD c:/program files (x86)/cypress/psoc creator/4.4/psoc creator/import/gnu/arm/5.4.1/bin/../lib/gcc/arm-none-eabi/5.4.1/armv7-m/crti.o
LOAD c:/program files (x86)/cypress/psoc creator/4.4/psoc creator/import/gnu/arm/5.4.1/bin/../lib/gcc/arm-none-eabi/5.4.1/armv7-m/crtbegin.o
LOAD c:/program files (x86)/cypress/psoc creator/4.4/psoc creator/import/gnu/arm/5.4.1/bin/../lib/gcc/arm-none-eabi/5.4.1/../../../../arm-none-eabi/lib/armv7-m/crt0.o
START GROUP
LOAD .\CortexM3\ARM_GCC_541\Debug\main.o
LOAD .\CortexM3\ARM_GCC_541\Debug\detector.o
LOAD .\CortexM3\ARM_GCC_541\Debug\cfar.o
LOAD .\CortexM3\ARM_GCC_541\Debug\led.o
LOAD .\CortexM3\ARM_GCC_541\Debug\uart.o
LOAD .\CortexM3\ARM_GCC_541\Debug\dma.o
LOAD .\CortexM3\ARM_GCC_541\Debug\dac_adc.o
LOAD .\CortexM3\ARM_GCC_541\Debug\cyfitter_cfg.o
LOAD .\CortexM3\ARM_GCC_541\Debug\cymetadata.o
LOAD .\CortexM3\ARM_GCC_541\Debug\Cm3Start.o
LOAD .\CortexM3\ARM_GCC_541\Debug\RADAR_Movement_Detector.a
LOAD C:\Program Files (x86)\Cypress\PSoC Creator\4.4\PSoC Creator\psoc\content\cycomponentlibrary\CyComponentLibrary.cylib\CortexM3\ARM_GCC_541\Debug\CyComponentLibrary.a
LOAD .\source\bsw\fft_application\libfft_application.a
LOAD c:/program files (x86)/cypress/psoc creator/4.4/psoc creator/import/gnu/arm/5.4.1/bin/../lib/gcc/arm-none-eabi/5.4.1/../../../../arm-none-eabi/lib/armv7-m\libm.a
END GROUP
START GROUP
LOAD c:/program files (x86)/cypress/psoc creator/4.4/psoc creator/import/gnu/arm/5.4.1/bin/../lib/gcc/arm-none-eabi/5.4.1/armv7-m\libgcc.a
LOAD c:/program files (x86)/cypress/psoc creator/4.4/psoc creator/import/gnu/arm/5.4.1/bin/../lib/gcc/arm-none-eabi/5.4.1/../../../../arm-none-eabi/lib/armv7-m\libg_nano.a
LOAD c:/program files (x86)/cypress/psoc creator/4.4/psoc creator/import/gnu/arm/5.4.1/bin/../lib/gcc/arm-none-eabi/5.4.1/../../../../arm-none-eabi/lib/armv7-m\libc_nano.a
END GROUP
START GROUP
LOAD c:/program files (x86)/cypress/psoc creator/4.4/psoc creator/import/gnu/arm/5.4.1/bin/../lib/gcc/arm-none-eabi/5.4.1/armv7-m\libgcc.a
LOAD c:/program files (x86)/cypress/psoc creator/4.4/psoc creator/import/gnu/arm/5.4.1/bin/../lib/gcc/arm-none-eabi/5.4.1/../../../../arm-none-eabi/lib/armv7-m\libc_nano.a
END GROUP
LOAD c:/program files (x86)/cypress/psoc creator/4.4/psoc creator/import/gnu/arm/5.4.1/bin/../lib/gcc/arm-none-eabi/5.4.1/armv7-m/crtend.o
LOAD c:/program files (x86)/cypress/psoc creator/4.4/psoc creator/import/gnu/arm/5.4.1/bin/../lib/gcc/arm-none-eabi/5.4.1/armv7-m/crtn.o
START GROUP
LOAD c:/program files (x86)/cypress/psoc creator/4.4/psoc creator/import/gnu/arm/5.4.1/bin/../lib/gcc/arm-none-eabi/5.4.1/armv7-m\libgcc.a
LOAD c:/program files (x86)/cypress/psoc creator/4.4/psoc creator/import/gnu/arm/5.4.1/bin/../lib/gcc/arm-none-eabi/5.4.1/../../../../arm-none-eabi/lib/armv7-m\libc.a
LOAD c:/program files (x86)/cypress/psoc creator/4.4/psoc creator/import/gnu/arm/5.4.1/bin/../lib/gcc/arm-none-eabi/5.4.1/../../../../arm-none-eabi/lib/armv7-m\libnosys.a
END GROUP
                0x00000000                CY_APPL_ORIGIN = 0x0
                0x00000100                CY_FLASH_ROW_SIZE = 0x100
                0x00000020                CY_ECC_ROW_SIZE = 0x20
                0x00000000                CY_EE_IN_BTLDR = 0x0
                0x00000000                CY_APPL_LOADABLE = 0x0
                0x00000800                CY_EE_SIZE = 0x800
                0x00000001                CY_APPL_NUM = 0x1
                0x00000001                CY_APPL_MAX = 0x1
                0x00000040                CY_METADATA_SIZE = 0x40
                0x00000000                CY_APPL_LOADABLE = 0x0
                0x00000000                CY_CHECKSUM_EXCLUDE_SIZE = ALIGN (0x0, CY_FLASH_ROW_SIZE)
                [!provide]                PROVIDE (__cy_heap_start, _end)
                0x00000001                PROVIDE (__cy_region_num, ((__cy_regions_end - __cy_regions) / 0x10))
                0x20008000                PROVIDE (__cy_stack, (ORIGIN (ram) + LENGTH (ram)))
                [!provide]                PROVIDE (__cy_heap_end, (__cy_stack - 0x800))

.cybootloader   0x00000000        0x0
 *(.cybootloader)
                0x00000000                appl1_start = CY_APPL_ORIGIN?CY_APPL_ORIGIN:ALIGN (CY_FLASH_ROW_SIZE)
                0x0001ff00                appl2_start = (appl1_start + ALIGN ((((LENGTH (rom) - appl1_start) - (0x2 * CY_FLASH_ROW_SIZE)) / 0x2), CY_FLASH_ROW_SIZE))
                0x00000000                appl_start = (CY_APPL_NUM == 0x1)?appl1_start:appl2_start
                0x00000000                ecc_offset = ((appl_start / CY_FLASH_ROW_SIZE) * CY_ECC_ROW_SIZE)
                0x00000000                ee_offset = (CY_APPL_LOADABLE && ! (CY_EE_IN_BTLDR))?((CY_EE_SIZE / CY_APPL_MAX) * (CY_APPL_NUM - 0x1)):0x0
                0x00000800                ee_size = (CY_APPL_LOADABLE && ! (CY_EE_IN_BTLDR))?(CY_EE_SIZE / CY_APPL_MAX):CY_EE_SIZE
                [!provide]                PROVIDE (CY_ECC_OFFSET, ecc_offset)

.text           0x00000000     0x599c
 CREATE_OBJECT_SYMBOLS
                0x00000000                PROVIDE (__cy_interrupt_vector, RomVectors)
 *(.romvectors)
 .romvectors    0x00000000       0x10 .\CortexM3\ARM_GCC_541\Debug\Cm3Start.o
                0x00000000                RomVectors
                0x00000001                ASSERT ((. != __cy_interrupt_vector), No interrupt vector)
                0x00000001                ASSERT (CY_APPL_ORIGIN?(SIZEOF (.cybootloader) <= CY_APPL_ORIGIN):0x1, Wrong image location)
                0x00000010                PROVIDE (__cy_reset, Reset)
 *(.text.Reset)
 .text.Reset    0x00000010       0x18 .\CortexM3\ARM_GCC_541\Debug\Cm3Start.o
                0x00000010                Reset
                0x00000001                ASSERT ((. != __cy_reset), No reset code)
 *(.dma_init)
                0x00000001                ASSERT ((((appl_start + .) <= 0x10000) || 0x1), DMA Init must be within the first 64k of flash)
 *(.text .text.* .gnu.linkonce.t.*)
 .text          0x00000028       0x5c c:/program files (x86)/cypress/psoc creator/4.4/psoc creator/import/gnu/arm/5.4.1/bin/../lib/gcc/arm-none-eabi/5.4.1/armv7-m/crtbegin.o
 .text.ISR2_systick_handler
                0x00000084        0xc .\CortexM3\ARM_GCC_541\Debug\main.o
                0x00000084                ISR2_systick_handler
 .text.systick_handler
                0x00000090       0x98 .\CortexM3\ARM_GCC_541\Debug\main.o
                0x00000090                systick_handler
 .text.main     0x00000128       0x28 .\CortexM3\ARM_GCC_541\Debug\main.o
                0x00000128                main
 .text.Functsk_init
                0x00000150       0x30 .\CortexM3\ARM_GCC_541\Debug\main.o
                0x00000150                Functsk_init
 .text.Functsk_control
                0x00000180       0x2c .\CortexM3\ARM_GCC_541\Debug\main.o
                0x00000180                Functsk_control
 .text.Functsk_background
                0x000001ac        0x4 .\CortexM3\ARM_GCC_541\Debug\main.o
                0x000001ac                Functsk_background
 .text.ISR2_isr_UART_Rx
                0x000001b0       0x44 .\CortexM3\ARM_GCC_541\Debug\main.o
                0x000001b0                ISR2_isr_UART_Rx
 .text.isr_UART_Rx
                0x000001f4       0x98 .\CortexM3\ARM_GCC_541\Debug\main.o
                0x000001f4                isr_UART_Rx
 .text.ISR2_isr_DMA_ADC_MEM
                0x0000028c        0xc .\CortexM3\ARM_GCC_541\Debug\main.o
                0x0000028c                ISR2_isr_DMA_ADC_MEM
 .text.isr_DMA_ADC_MEM
                0x00000298       0x98 .\CortexM3\ARM_GCC_541\Debug\main.o
                0x00000298                isr_DMA_ADC_MEM
 .text.ISR2_isr_pushButton
                0x00000330        0xc .\CortexM3\ARM_GCC_541\Debug\main.o
                0x00000330                ISR2_isr_pushButton
 .text.isr_pushButton
                0x0000033c       0x98 .\CortexM3\ARM_GCC_541\Debug\main.o
                0x0000033c                isr_pushButton
 .text.ISR2_isr_DMA_MEM_UART
                0x000003d4       0x14 .\CortexM3\ARM_GCC_541\Debug\main.o
                0x000003d4                ISR2_isr_DMA_MEM_UART
 .text.isr_DMA_MEM_UART
                0x000003e8       0x98 .\CortexM3\ARM_GCC_541\Debug\main.o
                0x000003e8                isr_DMA_MEM_UART
 .text.isr_DMA_FFT_UART
                0x00000480       0x94 .\CortexM3\ARM_GCC_541\Debug\main.o
                0x00000480                isr_DMA_FFT_UART
 .text.DETECTOR_initDrivers
                0x00000514       0x14 .\CortexM3\ARM_GCC_541\Debug\detector.o
                0x00000514                DETECTOR_initDrivers
 .text.DETECTOR_setLedState
                0x00000528       0x30 .\CortexM3\ARM_GCC_541\Debug\detector.o
                0x00000528                DETECTOR_setLedState
 .text.DETECTOR_init
                0x00000558       0x28 .\CortexM3\ARM_GCC_541\Debug\detector.o
                0x00000558                DETECTOR_init
 .text.DETECTOR_processEvents
                0x00000580      0x174 .\CortexM3\ARM_GCC_541\Debug\detector.o
                0x00000580                DETECTOR_processEvents
 *fill*         0x000006f4        0x4 
 .text.CFAR_init
                0x000006f8       0x28 .\CortexM3\ARM_GCC_541\Debug\cfar.o
                0x000006f8                CFAR_init
 .text.CFAR_reset_output
                0x00000720       0x50 .\CortexM3\ARM_GCC_541\Debug\cfar.o
                0x00000720                CFAR_reset_output
 .text.calculateCFAR
                0x00000770      0x1c0 .\CortexM3\ARM_GCC_541\Debug\cfar.o
                0x00000770                calculateCFAR
 .text.LED_Set  0x00000930       0x60 .\CortexM3\ARM_GCC_541\Debug\led.o
                0x00000930                LED_Set
 .text.UART_init
                0x00000990        0xc .\CortexM3\ARM_GCC_541\Debug\uart.o
                0x00000990                UART_init
 .text.DMA_Init
                0x0000099c      0x134 .\CortexM3\ARM_GCC_541\Debug\dma.o
                0x0000099c                DMA_Init
 .text.DMA_Set  0x00000ad0       0xa4 .\CortexM3\ARM_GCC_541\Debug\dma.o
                0x00000ad0                DMA_Set
 .text.ADC_Init
                0x00000b74        0x8 .\CortexM3\ARM_GCC_541\Debug\dac_adc.o
                0x00000b74                ADC_Init
 .text.ADC_Set  0x00000b7c       0x18 .\CortexM3\ARM_GCC_541\Debug\dac_adc.o
                0x00000b7c                ADC_Set
 .text.CyClockStartupError
                0x00000b94        0x4 .\CortexM3\ARM_GCC_541\Debug\cyfitter_cfg.o
 .text.cfg_write_bytes32
                0x00000b98       0x34 .\CortexM3\ARM_GCC_541\Debug\cyfitter_cfg.o
 .text.AnalogSetDefault
                0x00000bcc       0x38 .\CortexM3\ARM_GCC_541\Debug\cyfitter_cfg.o
 .text.CYMEMZERO
                0x00000c04        0xc .\CortexM3\ARM_GCC_541\Debug\cyfitter_cfg.o
 .text.CYCONFIGCPY
                0x00000c10        0x8 .\CortexM3\ARM_GCC_541\Debug\cyfitter_cfg.o
 .text.ClockSetup
                0x00000c18      0x108 .\CortexM3\ARM_GCC_541\Debug\cyfitter_cfg.o
 .text.ADC_DelSig_AMux_Set
                0x00000d20       0x1c .\CortexM3\ARM_GCC_541\Debug\cyfitter_cfg.o
                0x00000d20                ADC_DelSig_AMux_Set
 .text.ADC_DelSig_AMux_Unset
                0x00000d3c       0x1c .\CortexM3\ARM_GCC_541\Debug\cyfitter_cfg.o
                0x00000d3c                ADC_DelSig_AMux_Unset
 .text.cyfitter_cfg
                0x00000d58      0x128 .\CortexM3\ARM_GCC_541\Debug\cyfitter_cfg.o
                0x00000d58                cyfitter_cfg
 .text.IntDefaultHandler
                0x00000e80       0x10 .\CortexM3\ARM_GCC_541\Debug\Cm3Start.o
                0x00000e80                IntDefaultHandler
 .text._sbrk    0x00000e90       0x30 .\CortexM3\ARM_GCC_541\Debug\Cm3Start.o
                0x00000e90                _sbrk
 .text.Start_c  0x00000ec0       0x4c .\CortexM3\ARM_GCC_541\Debug\Cm3Start.o
                0x00000ec0                Start_c
 .text.initialize_psoc
                0x00000f0c       0x6c .\CortexM3\ARM_GCC_541\Debug\Cm3Start.o
                0x00000f0c                initialize_psoc
 .text.CyDmacConfigure
                0x00000f78       0x34 .\CortexM3\ARM_GCC_541\Debug\RADAR_Movement_Detector.a(CyDmac.o)
                0x00000f78                CyDmacConfigure
 .text.CyDmaChEnable
                0x00000fac       0x38 .\CortexM3\ARM_GCC_541\Debug\RADAR_Movement_Detector.a(CyDmac.o)
                0x00000fac                CyDmaChEnable
 .text.CyDmaChDisable
                0x00000fe4       0x24 .\CortexM3\ARM_GCC_541\Debug\RADAR_Movement_Detector.a(CyDmac.o)
                0x00000fe4                CyDmaChDisable
 .text.CyDmaChPriority
                0x00001008       0x24 .\CortexM3\ARM_GCC_541\Debug\RADAR_Movement_Detector.a(CyDmac.o)
                0x00001008                CyDmaChPriority
 .text.CyDmaChSetExtendedAddress
                0x0000102c       0x34 .\CortexM3\ARM_GCC_541\Debug\RADAR_Movement_Detector.a(CyDmac.o)
                0x0000102c                CyDmaChSetExtendedAddress
 .text.CyDmaChSetInitialTd
                0x00001060       0x18 .\CortexM3\ARM_GCC_541\Debug\RADAR_Movement_Detector.a(CyDmac.o)
                0x00001060                CyDmaChSetInitialTd
 .text.CyDmaChSetConfiguration
                0x00001078       0x44 .\CortexM3\ARM_GCC_541\Debug\RADAR_Movement_Detector.a(CyDmac.o)
                0x00001078                CyDmaChSetConfiguration
 .text.CyDmaTdAllocate
                0x000010bc       0x34 .\CortexM3\ARM_GCC_541\Debug\RADAR_Movement_Detector.a(CyDmac.o)
                0x000010bc                CyDmaTdAllocate
 .text.CyDmaTdSetConfiguration
                0x000010f0       0x28 .\CortexM3\ARM_GCC_541\Debug\RADAR_Movement_Detector.a(CyDmac.o)
                0x000010f0                CyDmaTdSetConfiguration
 .text.CyDmaTdSetAddress
                0x00001118       0x1c .\CortexM3\ARM_GCC_541\Debug\RADAR_Movement_Detector.a(CyDmac.o)
                0x00001118                CyDmaTdSetAddress
 .text.CyHalt   0x00001134        0x4 .\CortexM3\ARM_GCC_541\Debug\RADAR_Movement_Detector.a(CyLib.o)
                0x00001134                CyHalt
 .text.CyDelay  0x00001138       0x2c .\CortexM3\ARM_GCC_541\Debug\RADAR_Movement_Detector.a(CyLib.o)
                0x00001138                CyDelay
 .text.CyDelayUs
                0x00001164       0x14 .\CortexM3\ARM_GCC_541\Debug\RADAR_Movement_Detector.a(CyLib.o)
                0x00001164                CyDelayUs
 .text.CyIntSetVector
                0x00001178       0x28 .\CortexM3\ARM_GCC_541\Debug\RADAR_Movement_Detector.a(CyLib.o)
                0x00001178                CyIntSetVector
 .text.CyIntSetPriority
                0x000011a0       0x30 .\CortexM3\ARM_GCC_541\Debug\RADAR_Movement_Detector.a(CyLib.o)
                0x000011a0                CyIntSetPriority
 .text.EE_oo_ActivateTask
                0x000011d0       0xe8 .\CortexM3\ARM_GCC_541\Debug\RADAR_Movement_Detector.a(ErikaOS_ee_activate.o)
                0x000011d0                EE_oo_ActivateTask
 .text.EE_oo_handle_action_callback
                0x000012b8        0xc .\CortexM3\ARM_GCC_541\Debug\RADAR_Movement_Detector.a(ErikaOS_ee_altick.o)
 .text.EE_oo_handle_action_task
                0x000012c4       0x4c .\CortexM3\ARM_GCC_541\Debug\RADAR_Movement_Detector.a(ErikaOS_ee_altick.o)
 .text.EE_oo_handle_action_event
                0x00001310       0x60 .\CortexM3\ARM_GCC_541\Debug\RADAR_Movement_Detector.a(ErikaOS_ee_altick.o)
 .text.EE_oo_handle_action
                0x00001370       0x28 .\CortexM3\ARM_GCC_541\Debug\RADAR_Movement_Detector.a(ErikaOS_ee_altick.o)
 .text.EE_oo_counter_object_insert
                0x00001398       0x9c .\CortexM3\ARM_GCC_541\Debug\RADAR_Movement_Detector.a(ErikaOS_ee_altick.o)
                0x00001398                EE_oo_counter_object_insert
 .text.EE_oo_IncrementCounterImplementation
                0x00001434      0x100 .\CortexM3\ARM_GCC_541\Debug\RADAR_Movement_Detector.a(ErikaOS_ee_altick.o)
                0x00001434                EE_oo_IncrementCounterImplementation
 .text.EE_oo_IncrementCounter
                0x00001534       0xb0 .\CortexM3\ARM_GCC_541\Debug\RADAR_Movement_Detector.a(ErikaOS_ee_altick.o)
                0x00001534                EE_oo_IncrementCounter
 .text.EE_oo_ClearEvent
                0x000015e4       0x5c .\CortexM3\ARM_GCC_541\Debug\RADAR_Movement_Detector.a(ErikaOS_ee_evclear.o)
                0x000015e4                EE_oo_ClearEvent
 .text.EE_oo_GetEvent
                0x00001640       0x40 .\CortexM3\ARM_GCC_541\Debug\RADAR_Movement_Detector.a(ErikaOS_ee_evget.o)
                0x00001640                EE_oo_GetEvent
 .text.EE_oo_SetEvent
                0x00001680      0x100 .\CortexM3\ARM_GCC_541\Debug\RADAR_Movement_Detector.a(ErikaOS_ee_evset.o)
                0x00001680                EE_oo_SetEvent
 .text.EE_oo_WaitEvent
                0x00001780      0x110 .\CortexM3\ARM_GCC_541\Debug\RADAR_Movement_Detector.a(ErikaOS_ee_evwait.o)
                0x00001780                EE_oo_WaitEvent
 .text.EE_IRQ_run_next_task
                0x00001890       0x30 .\CortexM3\ARM_GCC_541\Debug\RADAR_Movement_Detector.a(ErikaOS_ee_irqendin.o)
 .text.EE_IRQ_end_instance
                0x000018c0       0x68 .\CortexM3\ARM_GCC_541\Debug\RADAR_Movement_Detector.a(ErikaOS_ee_irqendin.o)
                0x000018c0                EE_IRQ_end_instance
 .text.EE_IRQ_end_post_stub
                0x00001928       0x14 .\CortexM3\ARM_GCC_541\Debug\RADAR_Movement_Detector.a(ErikaOS_ee_irqendin.o)
                0x00001928                EE_IRQ_end_post_stub
 .text.EE_rq2stk_exchange
                0x0000193c       0x88 .\CortexM3\ARM_GCC_541\Debug\RADAR_Movement_Detector.a(ErikaOS_ee_rq_exchg.o)
                0x0000193c                EE_rq2stk_exchange
 .text.EE_rq_queryfirst
                0x000019c4       0x44 .\CortexM3\ARM_GCC_541\Debug\RADAR_Movement_Detector.a(ErikaOS_ee_rq_first.o)
                0x000019c4                EE_rq_queryfirst
 .text.EE_rq_insert
                0x00001a08       0x74 .\CortexM3\ARM_GCC_541\Debug\RADAR_Movement_Detector.a(ErikaOS_ee_rq_inser.o)
                0x00001a08                EE_rq_insert
 .text.compute_task_tid
                0x00001a7c       0x10 .\CortexM3\ARM_GCC_541\Debug\RADAR_Movement_Detector.a(ErikaOS_ee_startos.o)
 .text.EE_oo_start_os
                0x00001a8c        0xc .\CortexM3\ARM_GCC_541\Debug\RADAR_Movement_Detector.a(ErikaOS_ee_startos.o)
 .text.EE_oo_autostart_tasks
                0x00001a98       0x60 .\CortexM3\ARM_GCC_541\Debug\RADAR_Movement_Detector.a(ErikaOS_ee_startos.o)
 .text.EE_oo_autostart_os
                0x00001af8        0xc .\CortexM3\ARM_GCC_541\Debug\RADAR_Movement_Detector.a(ErikaOS_ee_startos.o)
 .text.EE_oo_StartOS
                0x00001b04       0x8c .\CortexM3\ARM_GCC_541\Debug\RADAR_Movement_Detector.a(ErikaOS_ee_startos.o)
                0x00001b04                EE_oo_StartOS
 .text.EE_oo_TerminateTask
                0x00001b90       0x3c .\CortexM3\ARM_GCC_541\Debug\RADAR_Movement_Detector.a(ErikaOS_ee_terminat.o)
                0x00001b90                EE_oo_TerminateTask
 .text.EE_system_init
                0x00001bcc       0xa8 .\CortexM3\ARM_GCC_541\Debug\RADAR_Movement_Detector.a(ErikaOS_cortex_mx_ee_utils.o)
                0x00001bcc                EE_system_init
 .text.LED_green_Write
                0x00001c74       0x18 .\CortexM3\ARM_GCC_541\Debug\RADAR_Movement_Detector.a(LED_green.o)
                0x00001c74                LED_green_Write
 .text.LED_orange_Write
                0x00001c8c       0x18 .\CortexM3\ARM_GCC_541\Debug\RADAR_Movement_Detector.a(LED_orange.o)
                0x00001c8c                LED_orange_Write
 .text.LED_red_Write
                0x00001ca4       0x18 .\CortexM3\ARM_GCC_541\Debug\RADAR_Movement_Detector.a(LED_red.o)
                0x00001ca4                LED_red_Write
 .text.UART_LOG_Init
                0x00001cbc       0x24 .\CortexM3\ARM_GCC_541\Debug\RADAR_Movement_Detector.a(UART_LOG.o)
                0x00001cbc                UART_LOG_Init
 .text.UART_LOG_Enable
                0x00001ce0       0x38 .\CortexM3\ARM_GCC_541\Debug\RADAR_Movement_Detector.a(UART_LOG.o)
                0x00001ce0                UART_LOG_Enable
 .text.UART_LOG_Start
                0x00001d18       0x1c .\CortexM3\ARM_GCC_541\Debug\RADAR_Movement_Detector.a(UART_LOG.o)
                0x00001d18                UART_LOG_Start
 .text.UART_LOG_ReadRxData
                0x00001d34        0xc .\CortexM3\ARM_GCC_541\Debug\RADAR_Movement_Detector.a(UART_LOG.o)
                0x00001d34                UART_LOG_ReadRxData
 .text.UART_LOG_ReadRxStatus
                0x00001d40       0x10 .\CortexM3\ARM_GCC_541\Debug\RADAR_Movement_Detector.a(UART_LOG.o)
                0x00001d40                UART_LOG_ReadRxStatus
 .text.UART_LOG_GetByte
                0x00001d50       0x14 .\CortexM3\ARM_GCC_541\Debug\RADAR_Movement_Detector.a(UART_LOG.o)
                0x00001d50                UART_LOG_GetByte
 .text.UART_LOG_IntClock_Start
                0x00001d64       0x1c .\CortexM3\ARM_GCC_541\Debug\RADAR_Movement_Detector.a(UART_LOG_IntClock.o)
                0x00001d64                UART_LOG_IntClock_Start
 .text.ADC_DelSig_GainCompensation
                0x00001d80       0xdc .\CortexM3\ARM_GCC_541\Debug\RADAR_Movement_Detector.a(ADC_DelSig.o)
 .text.ADC_DelSig_SetDSMRef0Reg
                0x00001e5c       0x4c .\CortexM3\ARM_GCC_541\Debug\RADAR_Movement_Detector.a(ADC_DelSig.o)
 .text.ADC_DelSig_InitConfig
                0x00001ea8       0xe8 .\CortexM3\ARM_GCC_541\Debug\RADAR_Movement_Detector.a(ADC_DelSig.o)
 .text.ADC_DelSig_Init
                0x00001f90       0xc4 .\CortexM3\ARM_GCC_541\Debug\RADAR_Movement_Detector.a(ADC_DelSig.o)
                0x00001f90                ADC_DelSig_Init
 .text.ADC_DelSig_Enable
                0x00002054       0xd8 .\CortexM3\ARM_GCC_541\Debug\RADAR_Movement_Detector.a(ADC_DelSig.o)
                0x00002054                ADC_DelSig_Enable
 .text.ADC_DelSig_Start
                0x0000212c       0x28 .\CortexM3\ARM_GCC_541\Debug\RADAR_Movement_Detector.a(ADC_DelSig.o)
                0x0000212c                ADC_DelSig_Start
 .text.ADC_DelSig_StartConvert
                0x00002154       0x10 .\CortexM3\ARM_GCC_541\Debug\RADAR_Movement_Detector.a(ADC_DelSig.o)
                0x00002154                ADC_DelSig_StartConvert
 .text.ADC_DelSig_StopConvert
                0x00002164       0x10 .\CortexM3\ARM_GCC_541\Debug\RADAR_Movement_Detector.a(ADC_DelSig.o)
                0x00002164                ADC_DelSig_StopConvert
 .text.ADC_DelSig_ISR1
                0x00002174        0x4 .\CortexM3\ARM_GCC_541\Debug\RADAR_Movement_Detector.a(ADC_DelSig_INT.o)
                0x00002174                ADC_DelSig_ISR1
 .text.ADC_DelSig_AMux_Start
                0x00002178       0x20 .\CortexM3\ARM_GCC_541\Debug\RADAR_Movement_Detector.a(ADC_DelSig_AMux.o)
                0x00002178                ADC_DelSig_AMux_Start
 .text.ADC_DelSig_AMux_Select
                0x00002198       0x18 .\CortexM3\ARM_GCC_541\Debug\RADAR_Movement_Detector.a(ADC_DelSig_AMux.o)
                0x00002198                ADC_DelSig_AMux_Select
 .text.ADC_DelSig_Ext_CP_Clk_GetDividerRegister
                0x000021b0        0xc .\CortexM3\ARM_GCC_541\Debug\RADAR_Movement_Detector.a(ADC_DelSig_Ext_CP_Clk.o)
                0x000021b0                ADC_DelSig_Ext_CP_Clk_GetDividerRegister
 .text.ADC_DelSig_Ext_CP_Clk_SetModeRegister
                0x000021bc       0x14 .\CortexM3\ARM_GCC_541\Debug\RADAR_Movement_Detector.a(ADC_DelSig_Ext_CP_Clk.o)
                0x000021bc                ADC_DelSig_Ext_CP_Clk_SetModeRegister
 .text.ADC_DelSig_Ext_CP_Clk_GetSourceRegister
                0x000021d0       0x10 .\CortexM3\ARM_GCC_541\Debug\RADAR_Movement_Detector.a(ADC_DelSig_Ext_CP_Clk.o)
                0x000021d0                ADC_DelSig_Ext_CP_Clk_GetSourceRegister
 .text.ADC_DelSig_Ext_CP_Clk_SetDividerRegister
                0x000021e0       0xd8 .\CortexM3\ARM_GCC_541\Debug\RADAR_Movement_Detector.a(ADC_DelSig_Ext_CP_Clk.o)
                0x000021e0                ADC_DelSig_Ext_CP_Clk_SetDividerRegister
 .text.ADC_DelSig_theACLK_GetDividerRegister
                0x000022b8        0xc .\CortexM3\ARM_GCC_541\Debug\RADAR_Movement_Detector.a(ADC_DelSig_theACLK.o)
                0x000022b8                ADC_DelSig_theACLK_GetDividerRegister
 .text.ADC_DelSig_theACLK_SetModeRegister
                0x000022c4       0x14 .\CortexM3\ARM_GCC_541\Debug\RADAR_Movement_Detector.a(ADC_DelSig_theACLK.o)
                0x000022c4                ADC_DelSig_theACLK_SetModeRegister
 .text.ADC_DelSig_theACLK_GetSourceRegister
                0x000022d8       0x10 .\CortexM3\ARM_GCC_541\Debug\RADAR_Movement_Detector.a(ADC_DelSig_theACLK.o)
                0x000022d8                ADC_DelSig_theACLK_GetSourceRegister
 .text.ADC_DelSig_theACLK_SetDividerRegister
                0x000022e8       0xd8 .\CortexM3\ARM_GCC_541\Debug\RADAR_Movement_Detector.a(ADC_DelSig_theACLK.o)
                0x000022e8                ADC_DelSig_theACLK_SetDividerRegister
 .text.DMA_ADC_MEM_DmaInitialize
                0x000023c0       0x3c .\CortexM3\ARM_GCC_541\Debug\RADAR_Movement_Detector.a(DMA_ADC_MEM_dma.o)
                0x000023c0                DMA_ADC_MEM_DmaInitialize
 .text.DMA_MEM_UART_DmaInitialize
                0x000023fc       0x3c .\CortexM3\ARM_GCC_541\Debug\RADAR_Movement_Detector.a(DMA_MEM_UART_dma.o)
                0x000023fc                DMA_MEM_UART_DmaInitialize
 .text.Clock_DMA_MEM_UART_Start
                0x00002438       0x1c .\CortexM3\ARM_GCC_541\Debug\RADAR_Movement_Detector.a(Clock_DMA_MEM_UART.o)
                0x00002438                Clock_DMA_MEM_UART_Start
 .text.DMA_FFT_UART_DmaInitialize
                0x00002454       0x3c .\CortexM3\ARM_GCC_541\Debug\RADAR_Movement_Detector.a(DMA_FFT_UART_dma.o)
                0x00002454                DMA_FFT_UART_DmaInitialize
 .text.Clock_DMA_FFT_UART_Start
                0x00002490       0x1c .\CortexM3\ARM_GCC_541\Debug\RADAR_Movement_Detector.a(Clock_DMA_FFT_UART.o)
                0x00002490                Clock_DMA_FFT_UART_Start
 *fill*         0x000024ac        0x4 
 .text          0x000024b0       0x20 .\CortexM3\ARM_GCC_541\Debug\RADAR_Movement_Detector.a(CyBootAsmGnu.o)
                0x000024b0                CyDelayCycles
                0x000024c0                CyEnterCriticalSection
                0x000024c8                CyExitCriticalSection
 .text          0x000024d0       0x7c .\CortexM3\ARM_GCC_541\Debug\RADAR_Movement_Detector.a(ErikaOS_ee_gnu_change_context_isr.o)
                0x000024d0                EE_set_switch_context_pri
                0x000024ea                EE_switch_context
                0x000024f4                EE_cortex_mx_pendsv_ISR
                0x00002530                EE_cortex_mx_svc_ISR
 .text          0x0000254c       0x24 .\CortexM3\ARM_GCC_541\Debug\RADAR_Movement_Detector.a(ErikaOS_ee_gnu_irq_stack.o)
                0x0000254c                EE_cortex_mx_change_IRQ_stack
                0x0000255e                EE_cortex_mx_change_IRQ_stack_back
 .text          0x00002570       0x68 .\CortexM3\ARM_GCC_541\Debug\RADAR_Movement_Detector.a(ErikaOS_ee_gnu_multi_context.o)
                0x00002570                EE_cortex_mx_change_context
 .text          0x000025d8       0x80 .\CortexM3\ARM_GCC_541\Debug\RADAR_Movement_Detector.a(ErikaOS_ee_gnu_oo.o)
                0x000025d8                EE_hal_terminate_savestk
                0x00002622                EE_hal_terminate_task
 .text.EE_thread_not_terminated
                0x00002658       0x10 .\CortexM3\ARM_GCC_541\Debug\RADAR_Movement_Detector.a(ErikaOS_ee_tnterm.o)
                0x00002658                EE_thread_not_terminated
 .text.EE_oo_thread_stub
                0x00002668       0x10 .\CortexM3\ARM_GCC_541\Debug\RADAR_Movement_Detector.a(ErikaOS_ee_tstub.o)
                0x00002668                EE_oo_thread_stub
 .text.EE_std_run_task_code
                0x00002678       0x18 .\CortexM3\ARM_GCC_541\Debug\RADAR_Movement_Detector.a(ErikaOS_cortex_mx_ee_context.o)
                0x00002678                EE_std_run_task_code
 .text.EE_std_need_context_change
                0x00002690       0x28 .\CortexM3\ARM_GCC_541\Debug\RADAR_Movement_Detector.a(ErikaOS_cortex_mx_ee_context.o)
                0x00002690                EE_std_need_context_change
 .text.EE_thread_rnact_max
                0x000026b8       0x20 .\CortexM3\ARM_GCC_541\Debug\RADAR_Movement_Detector.a(ErikaOS_ee_thendin.o)
 .text.EE_thread_endcycle_next
                0x000026d8       0x30 .\CortexM3\ARM_GCC_541\Debug\RADAR_Movement_Detector.a(ErikaOS_ee_thendin.o)
 .text.EE_thread_end_instance
                0x00002708      0x108 .\CortexM3\ARM_GCC_541\Debug\RADAR_Movement_Detector.a(ErikaOS_ee_thendin.o)
                0x00002708                EE_thread_end_instance
 .text.fft_app  0x00002810       0x44 .\source\bsw\fft_application\libfft_application.a(fft_application.o)
                0x00002810                fft_app
 .text.arm_split_rfft_q31
                0x00002854      0x21c .\source\bsw\fft_application\libfft_application.a(arm_rfft_q31.o)
                0x00002854                arm_split_rfft_q31
 .text.arm_split_rifft_q31
                0x00002a70      0x1bc .\source\bsw\fft_application\libfft_application.a(arm_rfft_q31.o)
                0x00002a70                arm_split_rifft_q31
 .text.arm_rfft_q31
                0x00002c2c       0x70 .\source\bsw\fft_application\libfft_application.a(arm_rfft_q31.o)
                0x00002c2c                arm_rfft_q31
 .text.arm_rfft_init_q31
                0x00002c9c       0xf0 .\source\bsw\fft_application\libfft_application.a(arm_rfft_init_q31.o)
                0x00002c9c                arm_rfft_init_q31
 .text.arm_cfft_radix4by2_q31
                0x00002d8c      0x18c .\source\bsw\fft_application\libfft_application.a(arm_cfft_q31.o)
                0x00002d8c                arm_cfft_radix4by2_q31
 .text.arm_cfft_radix4by2_inverse_q31
                0x00002f18      0x18c .\source\bsw\fft_application\libfft_application.a(arm_cfft_q31.o)
                0x00002f18                arm_cfft_radix4by2_inverse_q31
 .text.arm_cfft_q31
                0x000030a4       0xbc .\source\bsw\fft_application\libfft_application.a(arm_cfft_q31.o)
                0x000030a4                arm_cfft_q31
 .text.arm_radix4_butterfly_q31
                0x00003160      0x570 .\source\bsw\fft_application\libfft_application.a(arm_cfft_radix4_q31.o)
                0x00003160                arm_radix4_butterfly_q31
 .text.arm_radix4_butterfly_inverse_q31
                0x000036d0      0x570 .\source\bsw\fft_application\libfft_application.a(arm_cfft_radix4_q31.o)
                0x000036d0                arm_radix4_butterfly_inverse_q31
 .text          0x00003c40       0xc0 .\source\bsw\fft_application\libfft_application.a(arm_bitreversal2.o)
                0x00003c40                arm_bitreversal_32
                0x00003caa                arm_bitreversal_16
 .text.pow      0x00003d00      0x330 c:/program files (x86)/cypress/psoc creator/4.4/psoc creator/import/gnu/arm/5.4.1/bin/../lib/gcc/arm-none-eabi/5.4.1/../../../../arm-none-eabi/lib/armv7-m\libm.a(lib_a-w_pow.o)
                0x00003d00                pow
 .text.__ieee754_pow
                0x00004030      0xac4 c:/program files (x86)/cypress/psoc creator/4.4/psoc creator/import/gnu/arm/5.4.1/bin/../lib/gcc/arm-none-eabi/5.4.1/../../../../arm-none-eabi/lib/armv7-m\libm.a(lib_a-e_pow.o)
                0x00004030                __ieee754_pow
 .text.__ieee754_sqrt
                0x00004af4      0x188 c:/program files (x86)/cypress/psoc creator/4.4/psoc creator/import/gnu/arm/5.4.1/bin/../lib/gcc/arm-none-eabi/5.4.1/../../../../arm-none-eabi/lib/armv7-m\libm.a(lib_a-e_sqrt.o)
                0x00004af4                __ieee754_sqrt
 .text.fabs     0x00004c7c        0x8 c:/program files (x86)/cypress/psoc creator/4.4/psoc creator/import/gnu/arm/5.4.1/bin/../lib/gcc/arm-none-eabi/5.4.1/../../../../arm-none-eabi/lib/armv7-m\libm.a(lib_a-s_fabs.o)
                0x00004c7c                fabs
 .text.finite   0x00004c84        0xc c:/program files (x86)/cypress/psoc creator/4.4/psoc creator/import/gnu/arm/5.4.1/bin/../lib/gcc/arm-none-eabi/5.4.1/../../../../arm-none-eabi/lib/armv7-m\libm.a(lib_a-s_finite.o)
                0x00004c84                finite
 .text.matherr  0x00004c90        0x4 c:/program files (x86)/cypress/psoc creator/4.4/psoc creator/import/gnu/arm/5.4.1/bin/../lib/gcc/arm-none-eabi/5.4.1/../../../../arm-none-eabi/lib/armv7-m\libm.a(lib_a-s_matherr.o)
                0x00004c90                matherr
 .text.nan      0x00004c94        0xc c:/program files (x86)/cypress/psoc creator/4.4/psoc creator/import/gnu/arm/5.4.1/bin/../lib/gcc/arm-none-eabi/5.4.1/../../../../arm-none-eabi/lib/armv7-m\libm.a(lib_a-s_nan.o)
                0x00004c94                nan
 .text.rint     0x00004ca0      0x120 c:/program files (x86)/cypress/psoc creator/4.4/psoc creator/import/gnu/arm/5.4.1/bin/../lib/gcc/arm-none-eabi/5.4.1/../../../../arm-none-eabi/lib/armv7-m\libm.a(lib_a-s_rint.o)
                0x00004ca0                rint
 .text.scalbn   0x00004dc0       0xe4 c:/program files (x86)/cypress/psoc creator/4.4/psoc creator/import/gnu/arm/5.4.1/bin/../lib/gcc/arm-none-eabi/5.4.1/../../../../arm-none-eabi/lib/armv7-m\libm.a(lib_a-s_scalbn.o)
                0x00004dc0                scalbn
 .text.copysign
                0x00004ea4       0x10 c:/program files (x86)/cypress/psoc creator/4.4/psoc creator/import/gnu/arm/5.4.1/bin/../lib/gcc/arm-none-eabi/5.4.1/../../../../arm-none-eabi/lib/armv7-m\libm.a(lib_a-s_copysign.o)
                0x00004ea4                copysign
 .text          0x00004eb4      0x370 c:/program files (x86)/cypress/psoc creator/4.4/psoc creator/import/gnu/arm/5.4.1/bin/../lib/gcc/arm-none-eabi/5.4.1/armv7-m\libgcc.a(_arm_addsubdf3.o)
                0x00004eb4                __aeabi_drsub
                0x00004ebc                __aeabi_dsub
                0x00004ebc                __subdf3
                0x00004ec0                __aeabi_dadd
                0x00004ec0                __adddf3
                0x00005138                __floatunsidf
                0x00005138                __aeabi_ui2d
                0x00005158                __floatsidf
                0x00005158                __aeabi_i2d
                0x0000517c                __aeabi_f2d
                0x0000517c                __extendsfdf2
                0x000051b8                __floatundidf
                0x000051b8                __aeabi_ul2d
                0x000051c8                __floatdidf
                0x000051c8                __aeabi_l2d
 .text          0x00005224      0x424 c:/program files (x86)/cypress/psoc creator/4.4/psoc creator/import/gnu/arm/5.4.1/bin/../lib/gcc/arm-none-eabi/5.4.1/armv7-m\libgcc.a(_arm_muldivdf3.o)
                0x00005224                __aeabi_dmul
                0x00005224                __muldf3
                0x00005478                __divdf3
                0x00005478                __aeabi_ddiv
 .text          0x00005648      0x110 c:/program files (x86)/cypress/psoc creator/4.4/psoc creator/import/gnu/arm/5.4.1/bin/../lib/gcc/arm-none-eabi/5.4.1/armv7-m\libgcc.a(_arm_cmpdf2.o)
                0x00005648                __gtdf2
                0x00005648                __gedf2
                0x00005650                __ltdf2
                0x00005650                __ledf2
                0x00005658                __nedf2
                0x00005658                __eqdf2
                0x00005658                __cmpdf2
                0x000056d4                __aeabi_cdrcmple
                0x000056e4                __aeabi_cdcmpeq
                0x000056e4                __aeabi_cdcmple
                0x000056f4                __aeabi_dcmpeq
                0x00005708                __aeabi_dcmplt
                0x0000571c                __aeabi_dcmple
                0x00005730                __aeabi_dcmpge
                0x00005744                __aeabi_dcmpgt
 .text          0x00005758       0x2c c:/program files (x86)/cypress/psoc creator/4.4/psoc creator/import/gnu/arm/5.4.1/bin/../lib/gcc/arm-none-eabi/5.4.1/armv7-m\libgcc.a(_arm_unorddf2.o)
                0x00005758                __unorddf2
                0x00005758                __aeabi_dcmpun
 .text.__errno  0x00005784        0xc c:/program files (x86)/cypress/psoc creator/4.4/psoc creator/import/gnu/arm/5.4.1/bin/../lib/gcc/arm-none-eabi/5.4.1/../../../../arm-none-eabi/lib/armv7-m\libg_nano.a(lib_a-errno.o)
                0x00005784                __errno
 .text.__libc_init_array
                0x00005790       0x4c c:/program files (x86)/cypress/psoc creator/4.4/psoc creator/import/gnu/arm/5.4.1/bin/../lib/gcc/arm-none-eabi/5.4.1/../../../../arm-none-eabi/lib/armv7-m\libg_nano.a(lib_a-init.o)
                0x00005790                __libc_init_array
 .text.malloc   0x000057dc       0x10 c:/program files (x86)/cypress/psoc creator/4.4/psoc creator/import/gnu/arm/5.4.1/bin/../lib/gcc/arm-none-eabi/5.4.1/../../../../arm-none-eabi/lib/armv7-m\libg_nano.a(lib_a-malloc.o)
                0x000057dc                malloc
 .text.free     0x000057ec       0x10 c:/program files (x86)/cypress/psoc creator/4.4/psoc creator/import/gnu/arm/5.4.1/bin/../lib/gcc/arm-none-eabi/5.4.1/../../../../arm-none-eabi/lib/armv7-m\libg_nano.a(lib_a-malloc.o)
                0x000057ec                free
 .text.memcpy   0x000057fc       0x16 c:/program files (x86)/cypress/psoc creator/4.4/psoc creator/import/gnu/arm/5.4.1/bin/../lib/gcc/arm-none-eabi/5.4.1/../../../../arm-none-eabi/lib/armv7-m\libg_nano.a(lib_a-memcpy-stub.o)
                0x000057fc                memcpy
 .text.memset   0x00005812       0x10 c:/program files (x86)/cypress/psoc creator/4.4/psoc creator/import/gnu/arm/5.4.1/bin/../lib/gcc/arm-none-eabi/5.4.1/../../../../arm-none-eabi/lib/armv7-m\libg_nano.a(lib_a-memset.o)
                0x00005812                memset
 *fill*         0x00005822        0x2 
 .text._free_r  0x00005824       0x98 c:/program files (x86)/cypress/psoc creator/4.4/psoc creator/import/gnu/arm/5.4.1/bin/../lib/gcc/arm-none-eabi/5.4.1/../../../../arm-none-eabi/lib/armv7-m\libg_nano.a(lib_a-nano-freer.o)
                0x00005824                _free_r
 .text._malloc_r
                0x000058bc       0xbc c:/program files (x86)/cypress/psoc creator/4.4/psoc creator/import/gnu/arm/5.4.1/bin/../lib/gcc/arm-none-eabi/5.4.1/../../../../arm-none-eabi/lib/armv7-m\libg_nano.a(lib_a-nano-mallocr.o)
                0x000058bc                _malloc_r
 .text._sbrk_r  0x00005978       0x20 c:/program files (x86)/cypress/psoc creator/4.4/psoc creator/import/gnu/arm/5.4.1/bin/../lib/gcc/arm-none-eabi/5.4.1/../../../../arm-none-eabi/lib/armv7-m\libg_nano.a(lib_a-sbrkr.o)
                0x00005978                _sbrk_r
 .text.__malloc_lock
                0x00005998        0x2 c:/program files (x86)/cypress/psoc creator/4.4/psoc creator/import/gnu/arm/5.4.1/bin/../lib/gcc/arm-none-eabi/5.4.1/../../../../arm-none-eabi/lib/armv7-m\libg_nano.a(lib_a-mlock.o)
                0x00005998                __malloc_lock
 .text.__malloc_unlock
                0x0000599a        0x2 c:/program files (x86)/cypress/psoc creator/4.4/psoc creator/import/gnu/arm/5.4.1/bin/../lib/gcc/arm-none-eabi/5.4.1/../../../../arm-none-eabi/lib/armv7-m\libg_nano.a(lib_a-mlock.o)
                0x0000599a                __malloc_unlock
 *(.plt)
 *(.gnu.warning)
 *(.glue_7t)
 .glue_7t       0x0000599c        0x0 linker stubs
 *(.glue_7)
 .glue_7        0x0000599c        0x0 linker stubs
 *(.vfp11_veneer)
 .vfp11_veneer  0x0000599c        0x0 linker stubs
 *(.bootloader)
 *(.ARM.extab* .gnu.linkonce.armextab.*)
 *(.gcc_except_table)

.v4_bx          0x0000599c        0x0
 .v4_bx         0x0000599c        0x0 linker stubs

.iplt           0x0000599c        0x0
 .iplt          0x0000599c        0x0 c:/program files (x86)/cypress/psoc creator/4.4/psoc creator/import/gnu/arm/5.4.1/bin/../lib/gcc/arm-none-eabi/5.4.1/armv7-m/crtbegin.o

.eh_frame_hdr
 *(.eh_frame_hdr)

.eh_frame       0x0000599c        0x4
 *(.eh_frame)
 .eh_frame      0x0000599c        0x0 c:/program files (x86)/cypress/psoc creator/4.4/psoc creator/import/gnu/arm/5.4.1/bin/../lib/gcc/arm-none-eabi/5.4.1/armv7-m/crtbegin.o
 .eh_frame      0x0000599c        0x4 c:/program files (x86)/cypress/psoc creator/4.4/psoc creator/import/gnu/arm/5.4.1/bin/../lib/gcc/arm-none-eabi/5.4.1/armv7-m/crtend.o
                [!provide]                PROVIDE (__exidx_start, .)

.ARM.exidx
 *(.ARM.exidx* .gnu.linkonce.armexidx.*)
                0x000059a0                __exidx_end = .

.rodata         0x000059a0    0x20128
 *(.rodata .rodata.* .gnu.linkonce.r.*)
 .rodata        0x000059a0       0x3c .\CortexM3\ARM_GCC_541\Debug\cyfitter_cfg.o
                0x000059a0                ADC_DelSig_AMux__addrTable
                0x000059a8                ADC_DelSig_AMux__maskTable
 .rodata        0x000059dc      0x100 .\CortexM3\ARM_GCC_541\Debug\RADAR_Movement_Detector.a(ErikaOS_ee_lookup.o)
                0x000059dc                EE_rq_lookup
 .rodata        0x00005adc       0xbc .\CortexM3\ARM_GCC_541\Debug\RADAR_Movement_Detector.a(ErikaOS_eecfg.o)
                0x00005adc                EE_oo_autostart_task_data
                0x00005ae8                EE_oo_action_ROM
                0x00005afc                EE_oo_counter_object_ROM
                0x00005b08                EE_ALARM_ID
                0x00005b0c                EE_alarm_ROM
                0x00005b10                EE_counter_ROM
                0x00005b1c                EE_th_is_extended
                0x00005b28                EE_th_rnact_max
                0x00005b34                EE_th_dispatch_prio
                0x00005b40                EE_EVENT_ID
                0x00005b64                EE_th_ready_prio
                0x00005b70                EE_terminate_real_th_body
                0x00005b7c                EE_hal_thread_body
                0x00005b88                EE_std_thread_tos
 .rodata.str1.4
                0x00005b98       0xb8 .\CortexM3\ARM_GCC_541\Debug\RADAR_Movement_Detector.a(ErikaOS_eecfg.o)
 .rodata.realCoefAQ31
                0x00005c50     0x8000 .\source\bsw\fft_application\libfft_application.a(arm_rfft_init_q31.o)
                0x00005c50                realCoefAQ31
 .rodata.realCoefBQ31
                0x0000dc50     0x8000 .\source\bsw\fft_application\libfft_application.a(arm_rfft_init_q31.o)
                0x0000dc50                realCoefBQ31
 .rodata.arm_cfft_sR_q31_len32
                0x00015c50       0x10 .\source\bsw\fft_application\libfft_application.a(arm_const_structs.o)
                0x00015c50                arm_cfft_sR_q31_len32
 .rodata.arm_cfft_sR_q31_len512
                0x00015c60       0x10 .\source\bsw\fft_application\libfft_application.a(arm_const_structs.o)
                0x00015c60                arm_cfft_sR_q31_len512
 .rodata.arm_cfft_sR_q31_len16
                0x00015c70       0x10 .\source\bsw\fft_application\libfft_application.a(arm_const_structs.o)
                0x00015c70                arm_cfft_sR_q31_len16
 .rodata.arm_cfft_sR_q31_len256
                0x00015c80       0x10 .\source\bsw\fft_application\libfft_application.a(arm_const_structs.o)
                0x00015c80                arm_cfft_sR_q31_len256
 .rodata.arm_cfft_sR_q31_len1024
                0x00015c90       0x10 .\source\bsw\fft_application\libfft_application.a(arm_const_structs.o)
                0x00015c90                arm_cfft_sR_q31_len1024
 .rodata.arm_cfft_sR_q31_len64
                0x00015ca0       0x10 .\source\bsw\fft_application\libfft_application.a(arm_const_structs.o)
                0x00015ca0                arm_cfft_sR_q31_len64
 .rodata.arm_cfft_sR_q31_len128
                0x00015cb0       0x10 .\source\bsw\fft_application\libfft_application.a(arm_const_structs.o)
                0x00015cb0                arm_cfft_sR_q31_len128
 .rodata.arm_cfft_sR_q31_len2048
                0x00015cc0       0x10 .\source\bsw\fft_application\libfft_application.a(arm_const_structs.o)
                0x00015cc0                arm_cfft_sR_q31_len2048
 .rodata.arm_cfft_sR_q31_len4096
                0x00015cd0       0x10 .\source\bsw\fft_application\libfft_application.a(arm_const_structs.o)
                0x00015cd0                arm_cfft_sR_q31_len4096
 .rodata.armBitRevIndexTable_fixed_128
                0x00015ce0       0xe0 .\source\bsw\fft_application\libfft_application.a(arm_common_tables.o)
                0x00015ce0                armBitRevIndexTable_fixed_128
 .rodata.armBitRevIndexTable_fixed_2048
                0x00015dc0      0xf80 .\source\bsw\fft_application\libfft_application.a(arm_common_tables.o)
                0x00015dc0                armBitRevIndexTable_fixed_2048
 .rodata.twiddleCoef_32_q31
                0x00016d40       0xc0 .\source\bsw\fft_application\libfft_application.a(arm_common_tables.o)
                0x00016d40                twiddleCoef_32_q31
 .rodata.armBitRevIndexTable_fixed_4096
                0x00016e00     0x1f80 .\source\bsw\fft_application\libfft_application.a(arm_common_tables.o)
                0x00016e00                armBitRevIndexTable_fixed_4096
 .rodata.armBitRevIndexTable_fixed_1024
                0x00018d80      0x7c0 .\source\bsw\fft_application\libfft_application.a(arm_common_tables.o)
                0x00018d80                armBitRevIndexTable_fixed_1024
 .rodata.twiddleCoef_1024_q31
                0x00019540     0x1800 .\source\bsw\fft_application\libfft_application.a(arm_common_tables.o)
                0x00019540                twiddleCoef_1024_q31
 .rodata.twiddleCoef_4096_q31
                0x0001ad40     0x6000 .\source\bsw\fft_application\libfft_application.a(arm_common_tables.o)
                0x0001ad40                twiddleCoef_4096_q31
 .rodata.twiddleCoef_16_q31
                0x00020d40       0x60 .\source\bsw\fft_application\libfft_application.a(arm_common_tables.o)
                0x00020d40                twiddleCoef_16_q31
 .rodata.twiddleCoef_64_q31
                0x00020da0      0x180 .\source\bsw\fft_application\libfft_application.a(arm_common_tables.o)
                0x00020da0                twiddleCoef_64_q31
 .rodata.twiddleCoef_2048_q31
                0x00020f20     0x3000 .\source\bsw\fft_application\libfft_application.a(arm_common_tables.o)
                0x00020f20                twiddleCoef_2048_q31
 .rodata.twiddleCoef_256_q31
                0x00023f20      0x600 .\source\bsw\fft_application\libfft_application.a(arm_common_tables.o)
                0x00023f20                twiddleCoef_256_q31
 .rodata.twiddleCoef_512_q31
                0x00024520      0xc00 .\source\bsw\fft_application\libfft_application.a(arm_common_tables.o)
                0x00024520                twiddleCoef_512_q31
 .rodata.armBitRevIndexTable_fixed_512
                0x00025120      0x3c0 .\source\bsw\fft_application\libfft_application.a(arm_common_tables.o)
                0x00025120                armBitRevIndexTable_fixed_512
 .rodata.armBitRevIndexTable_fixed_16
                0x000254e0       0x18 .\source\bsw\fft_application\libfft_application.a(arm_common_tables.o)
                0x000254e0                armBitRevIndexTable_fixed_16
 .rodata.armBitRevIndexTable_fixed_32
                0x000254f8       0x30 .\source\bsw\fft_application\libfft_application.a(arm_common_tables.o)
                0x000254f8                armBitRevIndexTable_fixed_32
 .rodata.armBitRevIndexTable_fixed_256
                0x00025528      0x1e0 .\source\bsw\fft_application\libfft_application.a(arm_common_tables.o)
                0x00025528                armBitRevIndexTable_fixed_256
 .rodata.armBitRevIndexTable_fixed_64
                0x00025708       0x70 .\source\bsw\fft_application\libfft_application.a(arm_common_tables.o)
                0x00025708                armBitRevIndexTable_fixed_64
 .rodata.twiddleCoef_128_q31
                0x00025778      0x300 .\source\bsw\fft_application\libfft_application.a(arm_common_tables.o)
                0x00025778                twiddleCoef_128_q31
 .rodata.str1.4
                0x00025a78        0x4 c:/program files (x86)/cypress/psoc creator/4.4/psoc creator/import/gnu/arm/5.4.1/bin/../lib/gcc/arm-none-eabi/5.4.1/../../../../arm-none-eabi/lib/armv7-m\libm.a(lib_a-w_pow.o)
 .rodata.str1.4
                0x00025a7c        0x4 c:/program files (x86)/cypress/psoc creator/4.4/psoc creator/import/gnu/arm/5.4.1/bin/../lib/gcc/arm-none-eabi/5.4.1/../../../../arm-none-eabi/lib/armv7-m\libm.a(lib_a-e_pow.o)
                                  0x1 (size before relaxing)
 *fill*         0x00025a7c        0x4 
 .rodata.TWO52  0x00025a80       0x10 c:/program files (x86)/cypress/psoc creator/4.4/psoc creator/import/gnu/arm/5.4.1/bin/../lib/gcc/arm-none-eabi/5.4.1/../../../../arm-none-eabi/lib/armv7-m\libm.a(lib_a-s_rint.o)
 .rodata.str1.1
                0x00025a90        0x2 c:/program files (x86)/cypress/psoc creator/4.4/psoc creator/import/gnu/arm/5.4.1/bin/../lib/gcc/arm-none-eabi/5.4.1/../../../../arm-none-eabi/lib/armv7-m\libg_nano.a(lib_a-impure.o)
                0x00025a94                . = ALIGN (0x4)
 *fill*         0x00025a92        0x2 
 *(.init)
 .init          0x00025a94        0x4 c:/program files (x86)/cypress/psoc creator/4.4/psoc creator/import/gnu/arm/5.4.1/bin/../lib/gcc/arm-none-eabi/5.4.1/armv7-m/crti.o
                0x00025a94                _init
 .init          0x00025a98        0x8 c:/program files (x86)/cypress/psoc creator/4.4/psoc creator/import/gnu/arm/5.4.1/bin/../lib/gcc/arm-none-eabi/5.4.1/armv7-m/crtn.o
                0x00025aa0                . = ALIGN (0x4)
                0x00025aa0                __preinit_array_start = .
 *(.preinit_array)
                0x00025aa0                __preinit_array_end = .
                0x00025aa0                . = ALIGN (0x4)
                0x00025aa0                __init_array_start = .
 *(SORT(.init_array.*))
 *(.init_array)
 .init_array    0x00025aa0        0x4 c:/program files (x86)/cypress/psoc creator/4.4/psoc creator/import/gnu/arm/5.4.1/bin/../lib/gcc/arm-none-eabi/5.4.1/armv7-m/crtbegin.o
 .init_array    0x00025aa4        0x4 .\CortexM3\ARM_GCC_541\Debug\Cm3Start.o
                0x00025aa8                __init_array_end = .
                0x00025aa8                . = ALIGN (0x4)
 *(.fini)
 .fini          0x00025aa8        0x4 c:/program files (x86)/cypress/psoc creator/4.4/psoc creator/import/gnu/arm/5.4.1/bin/../lib/gcc/arm-none-eabi/5.4.1/armv7-m/crti.o
                0x00025aa8                _fini
 .fini          0x00025aac        0x8 c:/program files (x86)/cypress/psoc creator/4.4/psoc creator/import/gnu/arm/5.4.1/bin/../lib/gcc/arm-none-eabi/5.4.1/armv7-m/crtn.o
                0x00025ab4                . = ALIGN (0x4)
                0x00025ab4                __fini_array_start = .
 *(.fini_array)
 .fini_array    0x00025ab4        0x4 c:/program files (x86)/cypress/psoc creator/4.4/psoc creator/import/gnu/arm/5.4.1/bin/../lib/gcc/arm-none-eabi/5.4.1/armv7-m/crtbegin.o
 *(SORT(.fini_array.*))
                0x00025ab8                __fini_array_end = .
                0x00025ab8                . = ALIGN (0x4)
 *crtbegin.o(.ctors)
 *(EXCLUDE_FILE(*crtend.o) .ctors)
 *(SORT(.ctors.*))
 *crtend.o(.ctors)
                0x00025ab8                . = ALIGN (0x4)
 *crtbegin.o(.dtors)
 *(EXCLUDE_FILE(*crtend.o) .dtors)
 *(SORT(.dtors.*))
 *crtend.o(.dtors)
                0x00025ab8                . = ALIGN (0x4)
                0x00025ab8                __cy_regions = .
                0x00025ab8        0x4 LONG 0x25ac8 __cy_region_init_ram
                0x00025abc        0x4 LONG 0x1fff80c8 __cy_region_start_data
                0x00025ac0        0x4 LONG 0x1a8 __cy_region_init_size_ram
                0x00025ac4        0x4 LONG 0xd100 __cy_region_zero_size_ram
                0x00025ac8                __cy_regions_end = .
                0x00025ac8                . = ALIGN (0x8)
                0x00025ac8                _etext = .

.cy_checksum_exclude
                0x00025ac8        0x0
 *(.cy_checksum_exclude)

.ramvectors     0x1fff8000       0xc0
                0x1fff8000                __cy_region_start_ram = .
 *(.ramvectors)
 .ramvectors    0x1fff8000       0xc0 .\CortexM3\ARM_GCC_541\Debug\Cm3Start.o
                0x1fff8000                CyRamVectors

.noinit         0x1fff80c0        0x1
 *(.noinit)
 .noinit        0x1fff80c0        0x1 .\CortexM3\ARM_GCC_541\Debug\RADAR_Movement_Detector.a(CyLib.o)
                0x1fff80c0                CyResetStatus

.data           0x1fff80c8      0x1a8 load address 0x00025ac8
                0x1fff80c8                __cy_region_start_data = .
 *(.jcr)
 .jcr           0x1fff80c8        0x0 c:/program files (x86)/cypress/psoc creator/4.4/psoc creator/import/gnu/arm/5.4.1/bin/../lib/gcc/arm-none-eabi/5.4.1/armv7-m/crtbegin.o
 .jcr           0x1fff80c8        0x4 c:/program files (x86)/cypress/psoc creator/4.4/psoc creator/import/gnu/arm/5.4.1/bin/../lib/gcc/arm-none-eabi/5.4.1/armv7-m/crtend.o
 *(.got.plt)
 *(.got)
 *(.shdata)
 *(.data .data.* .gnu.linkonce.d.*)
 .data          0x1fff80cc        0x4 .\CortexM3\ARM_GCC_541\Debug\Cm3Start.o
 .data          0x1fff80d0        0x8 .\CortexM3\ARM_GCC_541\Debug\RADAR_Movement_Detector.a(CyDmac.o)
 .data          0x1fff80d8       0x10 .\CortexM3\ARM_GCC_541\Debug\RADAR_Movement_Detector.a(CyLib.o)
                0x1fff80d8                cydelay_32k_ms
                0x1fff80dc                cydelay_freq_khz
                0x1fff80e0                cydelay_freq_mhz
                0x1fff80e4                cydelay_freq_hz
 .data          0x1fff80e8      0x114 .\CortexM3\ARM_GCC_541\Debug\RADAR_Movement_Detector.a(ErikaOS_eecfg.o)
                0x1fff80e8                EE_ALARM_NAME
                0x1fff80ec                EE_counter_RAM
                0x1fff80f4                EE_th_terminate_nextask
                0x1fff8100                EE_rq_pairs_next
                0x1fff810c                EE_rq_link
                0x1fff8118                EE_th_rnact
                0x1fff8124                EE_rq_queues_tail
                0x1fff8164                EE_rq_queues_head
                0x1fff81a4                EE_stkfirst
                0x1fff81a8                EE_th_next
                0x1fff81b4                EE_th_status
                0x1fff81c0                EE_EVENT_NAME
                0x1fff81e4                EE_TASK_NAME
                0x1fff81f0                EE_cortex_mx_IRQ_tos
                0x1fff81f4                EE_cortex_mx_system_tos
 .data          0x1fff81fc        0x1 .\CortexM3\ARM_GCC_541\Debug\RADAR_Movement_Detector.a(ADC_DelSig.o)
                0x1fff81fc                ADC_DelSig_Config
 .data          0x1fff81fd        0x1 .\CortexM3\ARM_GCC_541\Debug\RADAR_Movement_Detector.a(ADC_DelSig_AMux.o)
 .data          0x1fff81fe        0x1 .\CortexM3\ARM_GCC_541\Debug\RADAR_Movement_Detector.a(DMA_ADC_MEM_dma.o)
                0x1fff81fe                DMA_ADC_MEM_DmaHandle
 .data          0x1fff81ff        0x1 .\CortexM3\ARM_GCC_541\Debug\RADAR_Movement_Detector.a(DMA_MEM_UART_dma.o)
                0x1fff81ff                DMA_MEM_UART_DmaHandle
 .data          0x1fff8200        0x1 .\CortexM3\ARM_GCC_541\Debug\RADAR_Movement_Detector.a(DMA_FFT_UART_dma.o)
                0x1fff8200                DMA_FFT_UART_DmaHandle
 .data          0x1fff8201        0x4 .\CortexM3\ARM_GCC_541\Debug\RADAR_Movement_Detector.a(ErikaOS_ee_gnu_irq_stack.o)
 .data.__fdlib_version
                0x1fff8205        0x1 c:/program files (x86)/cypress/psoc creator/4.4/psoc creator/import/gnu/arm/5.4.1/bin/../lib/gcc/arm-none-eabi/5.4.1/../../../../arm-none-eabi/lib/armv7-m\libm.a(lib_a-s_lib_ver.o)
                0x1fff8205                __fdlib_version
 *fill*         0x1fff8206        0x2 
 .data.impure_data
                0x1fff8208       0x60 c:/program files (x86)/cypress/psoc creator/4.4/psoc creator/import/gnu/arm/5.4.1/bin/../lib/gcc/arm-none-eabi/5.4.1/../../../../arm-none-eabi/lib/armv7-m\libg_nano.a(lib_a-impure.o)
 .data._impure_ptr
                0x1fff8268        0x4 c:/program files (x86)/cypress/psoc creator/4.4/psoc creator/import/gnu/arm/5.4.1/bin/../lib/gcc/arm-none-eabi/5.4.1/../../../../arm-none-eabi/lib/armv7-m\libg_nano.a(lib_a-impure.o)
                0x1fff8268                _impure_ptr
                0x1fff8270                . = ALIGN (0x8)
 *fill*         0x1fff826c        0x4 
 *(.ram)
                0x1fff8270                _edata = .

.igot.plt       0x1fff8270        0x0 load address 0x00025c70
 .igot.plt      0x1fff8270        0x0 c:/program files (x86)/cypress/psoc creator/4.4/psoc creator/import/gnu/arm/5.4.1/bin/../lib/gcc/arm-none-eabi/5.4.1/armv7-m/crtbegin.o

.bss            0x1fff8270     0xd100 load address 0x00025c70
                0x1fff8270                PROVIDE (__bss_start__, .)
 *(.shbss)
 *(.bss .bss.* .gnu.linkonce.b.*)
 .bss           0x1fff8270       0x1c c:/program files (x86)/cypress/psoc creator/4.4/psoc creator/import/gnu/arm/5.4.1/bin/../lib/gcc/arm-none-eabi/5.4.1/armv7-m/crtbegin.o
 .bss           0x1fff828c        0x3 .\CortexM3\ARM_GCC_541\Debug\led.o
 *fill*         0x1fff828f        0x1 
 .bss           0x1fff8290       0x34 .\CortexM3\ARM_GCC_541\Debug\RADAR_Movement_Detector.a(ErikaOS_eecfg.o)
                0x1fff8290                EE_th_waswaiting
                0x1fff829c                EE_th_event_waitmask
                0x1fff82a8                EE_th_event_active
                0x1fff82b4                EE_rq_free
                0x1fff82b8                EE_rq_bitmask
                0x1fff82bc                EE_sys_ceiling
                0x1fff82c0                EE_cortex_mx_active_tos
 .bss           0x1fff82c4        0x2 .\CortexM3\ARM_GCC_541\Debug\RADAR_Movement_Detector.a(UART_LOG.o)
                0x1fff82c4                UART_LOG_initVar
 *fill*         0x1fff82c6        0x2 
 .bss           0x1fff82c8        0xc .\CortexM3\ARM_GCC_541\Debug\RADAR_Movement_Detector.a(ADC_DelSig.o)
                0x1fff82cc                ADC_DelSig_stopConversion
                0x1fff82cd                ADC_DelSig_convDone
                0x1fff82ce                ADC_DelSig_initVar
                0x1fff82cf                ADC_DelSig_started
                0x1fff82d0                ADC_DelSig_Offset
 .bss.__malloc_sbrk_start
                0x1fff82d4        0x4 c:/program files (x86)/cypress/psoc creator/4.4/psoc creator/import/gnu/arm/5.4.1/bin/../lib/gcc/arm-none-eabi/5.4.1/../../../../arm-none-eabi/lib/armv7-m\libg_nano.a(lib_a-nano-mallocr.o)
                0x1fff82d4                __malloc_sbrk_start
 .bss.__malloc_free_list
                0x1fff82d8        0x4 c:/program files (x86)/cypress/psoc creator/4.4/psoc creator/import/gnu/arm/5.4.1/bin/../lib/gcc/arm-none-eabi/5.4.1/../../../../arm-none-eabi/lib/armv7-m\libg_nano.a(lib_a-nano-mallocr.o)
                0x1fff82d8                __malloc_free_list
 *(COMMON)
 COMMON         0x1fff82dc        0x5 .\CortexM3\ARM_GCC_541\Debug\main.o
                0x1fff82dc                movementDetector
 *fill*         0x1fff82e1        0x7 
 COMMON         0x1fff82e8     0x6439 .\CortexM3\ARM_GCC_541\Debug\detector.o
                0x1fff82e8                DMA_ADC_MEM_TD
                0x1fff82ec                DMA_MEM_UART_TD
                0x1fff82ed                DMA_MEM_UART_Chan
                0x1fff82f0                cfarInput
                0x1fff8308                DMA_ADC_MEM_Chan
                0x1fff830c                DMA_FFT_UART_TD
                0x1fff8310                cfarOutput
                0x1fffe720                DMA_FFT_UART_Chan
 *fill*         0x1fffe721        0x3 
 COMMON         0x1fffe724     0x4800 .\CortexM3\ARM_GCC_541\Debug\dma.o
                0x1fffe724                fftBuffer
                0x20000724                ADCBuffer
                0x20000f24                fftBuffer_uint8
 COMMON         0x20002f24        0x8 .\CortexM3\ARM_GCC_541\Debug\RADAR_Movement_Detector.a(ErikaOS_ee_lookup.o)
                0x20002f24                EE_oo_IRQ_disable_count
                0x20002f28                EE_oo_IRQ_suspend_status
 COMMON         0x20002f2c        0x4 .\CortexM3\ARM_GCC_541\Debug\RADAR_Movement_Detector.a(ErikaOS_ee_startos.o)
                0x20002f2c                EE_oo_started
 COMMON         0x20002f30        0x8 .\CortexM3\ARM_GCC_541\Debug\RADAR_Movement_Detector.a(ErikaOS_common_ee_hal_structs.o)
                0x20002f30                EE_IRQ_nesting_level
                0x20002f34                EE_std_endcycle_next_tid
 COMMON         0x20002f38     0x242c .\CortexM3\ARM_GCC_541\Debug\RADAR_Movement_Detector.a(ErikaOS_eecfg.o)
                0x20002f38                EE_cortex_mx_stack_3
                0x20004f38                EE_rq_pairs_tid
                0x20004f44                EE_terminate_data
                0x20004f50                EE_oo_counter_object_RAM
                0x20004f60                EE_ApplicationMode
                0x20004f64                EE_cortex_mx_stack_9
 COMMON         0x20005364        0x4 .\CortexM3\ARM_GCC_541\Debug\RADAR_Movement_Detector.a(ADC_DelSig.o)
                0x20005364                ADC_DelSig_CountsPerVolt
 COMMON         0x20005368        0x4 c:/program files (x86)/cypress/psoc creator/4.4/psoc creator/import/gnu/arm/5.4.1/bin/../lib/gcc/arm-none-eabi/5.4.1/../../../../arm-none-eabi/lib/armv7-m\libg_nano.a(lib_a-reent.o)
                0x20005368                errno
                0x20005370                . = ALIGN (0x8)
 *fill*         0x2000536c        0x4 
 *(.ram.b)
                0x20005370                _end = .
                0x20005370                __end = .
                0x20005370                PROVIDE (end, .)
                0x20005370                PROVIDE (__bss_end__, .)
                0x00025ac8                __cy_region_init_ram = LOADADDR (.data)
                0x000001a8                __cy_region_init_size_ram = (_edata - ADDR (.data))
                0x0000d100                __cy_region_zero_size_ram = (_end - _edata)

.heap           0x20005370     0x2000 load address 0x00025c70
                0x20005370                . = _end
                0x20007370                . = (. + 0x2000)
 *fill*         0x20005370     0x2000 
                0x20007370                __cy_heap_limit = .

.stack          0x20007800      0x800
                0x20007800                __cy_stack_limit = .
                0x20008000                . = (. + 0x800)
 *fill*         0x20007800      0x800 
                0x00000001                ASSERT ((__cy_stack_limit >= __cy_heap_limit), region RAM overflowed with stack)
                0x00000000                cy_checksum_exclude_size = (CY_APPL_LOADABLE == 0x1)?SIZEOF (.cy_checksum_exclude):0x0
                0x00000001                ASSERT ((cy_checksum_exclude_size <= CY_CHECKSUM_EXCLUDE_SIZE), CY_BOOT: Section .cy_checksum_exclude size exceedes specified limit.)

.cyloadermeta
 *(.cyloadermeta)

.cyloadablemeta
 *(.cyloadablemeta)

.cyconfigecc    0x80000000      0x488
 *(.cyconfigecc)
 .cyconfigecc   0x80000000      0x488 .\CortexM3\ARM_GCC_541\Debug\cymetadata.o
                0x80000000                cy_meta_configecc

.cycustnvl      0x90000000        0x4
 *(.cycustnvl)
 .cycustnvl     0x90000000        0x4 .\CortexM3\ARM_GCC_541\Debug\cymetadata.o
                0x90000000                cy_meta_custnvl

.cywolatch      0x90100000        0x4
 *(.cywolatch)
 .cywolatch     0x90100000        0x4 .\CortexM3\ARM_GCC_541\Debug\cymetadata.o
                0x90100000                cy_meta_wonvl

.cyeeprom       0x90200000        0x0
 *(.cyeeprom)
                0x00000001                ASSERT ((. <= ((0x90200000 + ee_offset) + ee_size)), .cyeeprom data will not fit in EEPROM)

.cyflashprotect
                0x90400000      0x100
 *(.cyflashprotect)
 .cyflashprotect
                0x90400000      0x100 .\CortexM3\ARM_GCC_541\Debug\cymetadata.o
                0x90400000                cy_meta_flashprotect

.cymeta         0x90500000        0xc
 *(.cymeta)
 .cymeta        0x90500000        0xc .\CortexM3\ARM_GCC_541\Debug\cymetadata.o
                0x90500000                cy_metadata

.rel.dyn        0x00025c70        0x0 load address 0x9050000c
 .rel.iplt      0x00025c70        0x0 c:/program files (x86)/cypress/psoc creator/4.4/psoc creator/import/gnu/arm/5.4.1/bin/../lib/gcc/arm-none-eabi/5.4.1/armv7-m/crtbegin.o

.stab
 *(.stab)

.stabstr
 *(.stabstr)

.debug
 *(.debug)

.line
 *(.line)

.debug_srcinfo
 *(.debug_srcinfo)

.debug_sfnames
 *(.debug_sfnames)

.debug_aranges  0x00000000     0x11e0
 *(.debug_aranges)
 .debug_aranges
                0x00000000       0xa0 .\CortexM3\ARM_GCC_541\Debug\main.o
 .debug_aranges
                0x000000a0       0x38 .\CortexM3\ARM_GCC_541\Debug\detector.o
 .debug_aranges
                0x000000d8       0x30 .\CortexM3\ARM_GCC_541\Debug\cfar.o
 .debug_aranges
                0x00000108       0x30 .\CortexM3\ARM_GCC_541\Debug\led.o
 .debug_aranges
                0x00000138       0x20 .\CortexM3\ARM_GCC_541\Debug\uart.o
 .debug_aranges
                0x00000158       0x28 .\CortexM3\ARM_GCC_541\Debug\dma.o
 .debug_aranges
                0x00000180       0x38 .\CortexM3\ARM_GCC_541\Debug\dac_adc.o
 .debug_aranges
                0x000001b8       0x68 .\CortexM3\ARM_GCC_541\Debug\cyfitter_cfg.o
 .debug_aranges
                0x00000220       0x18 .\CortexM3\ARM_GCC_541\Debug\cymetadata.o
 .debug_aranges
                0x00000238       0x48 .\CortexM3\ARM_GCC_541\Debug\Cm3Start.o
 .debug_aranges
                0x00000280       0xd8 .\CortexM3\ARM_GCC_541\Debug\RADAR_Movement_Detector.a(CyDmac.o)
 .debug_aranges
                0x00000358      0x2a0 .\CortexM3\ARM_GCC_541\Debug\RADAR_Movement_Detector.a(CyLib.o)
 .debug_aranges
                0x000005f8       0x98 .\CortexM3\ARM_GCC_541\Debug\RADAR_Movement_Detector.a(cyPm.o)
 .debug_aranges
                0x00000690       0x20 .\CortexM3\ARM_GCC_541\Debug\RADAR_Movement_Detector.a(ErikaOS_ee_activate.o)
 .debug_aranges
                0x000006b0       0x58 .\CortexM3\ARM_GCC_541\Debug\RADAR_Movement_Detector.a(ErikaOS_ee_altick.o)
 .debug_aranges
                0x00000708       0x20 .\CortexM3\ARM_GCC_541\Debug\RADAR_Movement_Detector.a(ErikaOS_ee_evclear.o)
 .debug_aranges
                0x00000728       0x20 .\CortexM3\ARM_GCC_541\Debug\RADAR_Movement_Detector.a(ErikaOS_ee_evget.o)
 .debug_aranges
                0x00000748       0x20 .\CortexM3\ARM_GCC_541\Debug\RADAR_Movement_Detector.a(ErikaOS_ee_evset.o)
 .debug_aranges
                0x00000768       0x20 .\CortexM3\ARM_GCC_541\Debug\RADAR_Movement_Detector.a(ErikaOS_ee_evwait.o)
 .debug_aranges
                0x00000788       0x30 .\CortexM3\ARM_GCC_541\Debug\RADAR_Movement_Detector.a(ErikaOS_ee_irqendin.o)
 .debug_aranges
                0x000007b8       0x18 .\CortexM3\ARM_GCC_541\Debug\RADAR_Movement_Detector.a(ErikaOS_ee_lookup.o)
 .debug_aranges
                0x000007d0       0x20 .\CortexM3\ARM_GCC_541\Debug\RADAR_Movement_Detector.a(ErikaOS_ee_rq_exchg.o)
 .debug_aranges
                0x000007f0       0x20 .\CortexM3\ARM_GCC_541\Debug\RADAR_Movement_Detector.a(ErikaOS_ee_rq_first.o)
 .debug_aranges
                0x00000810       0x20 .\CortexM3\ARM_GCC_541\Debug\RADAR_Movement_Detector.a(ErikaOS_ee_rq_inser.o)
 .debug_aranges
                0x00000830       0x40 .\CortexM3\ARM_GCC_541\Debug\RADAR_Movement_Detector.a(ErikaOS_ee_startos.o)
 .debug_aranges
                0x00000870       0x20 .\CortexM3\ARM_GCC_541\Debug\RADAR_Movement_Detector.a(ErikaOS_ee_terminat.o)
 .debug_aranges
                0x00000890       0x20 .\CortexM3\ARM_GCC_541\Debug\RADAR_Movement_Detector.a(ErikaOS_cortex_mx_ee_utils.o)
 .debug_aranges
                0x000008b0       0x18 .\CortexM3\ARM_GCC_541\Debug\RADAR_Movement_Detector.a(ErikaOS_common_ee_hal_structs.o)
 .debug_aranges
                0x000008c8       0x18 .\CortexM3\ARM_GCC_541\Debug\RADAR_Movement_Detector.a(ErikaOS_eecfg.o)
 .debug_aranges
                0x000008e0       0x38 .\CortexM3\ARM_GCC_541\Debug\RADAR_Movement_Detector.a(LED_green.o)
 .debug_aranges
                0x00000918       0x38 .\CortexM3\ARM_GCC_541\Debug\RADAR_Movement_Detector.a(LED_orange.o)
 .debug_aranges
                0x00000950       0x38 .\CortexM3\ARM_GCC_541\Debug\RADAR_Movement_Detector.a(LED_red.o)
 .debug_aranges
                0x00000988       0xf0 .\CortexM3\ARM_GCC_541\Debug\RADAR_Movement_Detector.a(UART_LOG.o)
 .debug_aranges
                0x00000a78       0x70 .\CortexM3\ARM_GCC_541\Debug\RADAR_Movement_Detector.a(UART_LOG_IntClock.o)
 .debug_aranges
                0x00000ae8       0xe8 .\CortexM3\ARM_GCC_541\Debug\RADAR_Movement_Detector.a(ADC_DelSig.o)
 .debug_aranges
                0x00000bd0       0x38 .\CortexM3\ARM_GCC_541\Debug\RADAR_Movement_Detector.a(ADC_DelSig_INT.o)
 .debug_aranges
                0x00000c08       0x30 .\CortexM3\ARM_GCC_541\Debug\RADAR_Movement_Detector.a(ADC_DelSig_AMux.o)
 .debug_aranges
                0x00000c38       0x70 .\CortexM3\ARM_GCC_541\Debug\RADAR_Movement_Detector.a(ADC_DelSig_Ext_CP_Clk.o)
 .debug_aranges
                0x00000ca8       0x80 .\CortexM3\ARM_GCC_541\Debug\RADAR_Movement_Detector.a(ADC_DelSig_theACLK.o)
 .debug_aranges
                0x00000d28       0x28 .\CortexM3\ARM_GCC_541\Debug\RADAR_Movement_Detector.a(DMA_ADC_MEM_dma.o)
 .debug_aranges
                0x00000d50       0x28 .\CortexM3\ARM_GCC_541\Debug\RADAR_Movement_Detector.a(DMA_MEM_UART_dma.o)
 .debug_aranges
                0x00000d78       0x70 .\CortexM3\ARM_GCC_541\Debug\RADAR_Movement_Detector.a(Clock_DMA_MEM_UART.o)
 .debug_aranges
                0x00000de8       0x28 .\CortexM3\ARM_GCC_541\Debug\RADAR_Movement_Detector.a(DMA_FFT_UART_dma.o)
 .debug_aranges
                0x00000e10       0x70 .\CortexM3\ARM_GCC_541\Debug\RADAR_Movement_Detector.a(Clock_DMA_FFT_UART.o)
 .debug_aranges
                0x00000e80       0x20 .\CortexM3\ARM_GCC_541\Debug\RADAR_Movement_Detector.a(CyBootAsmGnu.o)
 .debug_aranges
                0x00000ea0       0x20 .\CortexM3\ARM_GCC_541\Debug\RADAR_Movement_Detector.a(ErikaOS_ee_gnu_change_context_isr.o)
 .debug_aranges
                0x00000ec0       0x20 .\CortexM3\ARM_GCC_541\Debug\RADAR_Movement_Detector.a(ErikaOS_ee_gnu_irq_stack.o)
 .debug_aranges
                0x00000ee0       0x20 .\CortexM3\ARM_GCC_541\Debug\RADAR_Movement_Detector.a(ErikaOS_ee_gnu_multi_context.o)
 .debug_aranges
                0x00000f00       0x20 .\CortexM3\ARM_GCC_541\Debug\RADAR_Movement_Detector.a(ErikaOS_ee_gnu_oo.o)
 .debug_aranges
                0x00000f20       0x88 .\CortexM3\ARM_GCC_541\Debug\RADAR_Movement_Detector.a(CyFlash.o)
 .debug_aranges
                0x00000fa8       0x80 .\CortexM3\ARM_GCC_541\Debug\RADAR_Movement_Detector.a(CySpc.o)
 .debug_aranges
                0x00001028       0x20 .\CortexM3\ARM_GCC_541\Debug\RADAR_Movement_Detector.a(ErikaOS_ee_tnterm.o)
 .debug_aranges
                0x00001048       0x20 .\CortexM3\ARM_GCC_541\Debug\RADAR_Movement_Detector.a(ErikaOS_ee_tstub.o)
 .debug_aranges
                0x00001068       0x28 .\CortexM3\ARM_GCC_541\Debug\RADAR_Movement_Detector.a(ErikaOS_cortex_mx_ee_context.o)
 .debug_aranges
                0x00001090       0x30 .\CortexM3\ARM_GCC_541\Debug\RADAR_Movement_Detector.a(ErikaOS_ee_thendin.o)
 .debug_aranges
                0x000010c0       0x20 .\source\bsw\fft_application\libfft_application.a(fft_application.o)
 .debug_aranges
                0x000010e0       0x30 .\source\bsw\fft_application\libfft_application.a(arm_rfft_q31.o)
 .debug_aranges
                0x00001110       0x20 .\source\bsw\fft_application\libfft_application.a(arm_rfft_init_q31.o)
 .debug_aranges
                0x00001130       0x30 .\source\bsw\fft_application\libfft_application.a(arm_cfft_q31.o)
 .debug_aranges
                0x00001160       0x30 .\source\bsw\fft_application\libfft_application.a(arm_cfft_radix4_q31.o)
 .debug_aranges
                0x00001190       0x18 .\source\bsw\fft_application\libfft_application.a(arm_const_structs.o)
 .debug_aranges
                0x000011a8       0x20 .\source\bsw\fft_application\libfft_application.a(arm_bitreversal2.o)
 .debug_aranges
                0x000011c8       0x18 .\source\bsw\fft_application\libfft_application.a(arm_common_tables.o)

.debug_pubnames
 *(.debug_pubnames)

.debug_info     0x00000000    0x157ab
 *(.debug_info .gnu.linkonce.wi.*)
 .debug_info    0x00000000      0xe5a .\CortexM3\ARM_GCC_541\Debug\main.o
 .debug_info    0x00000e5a      0x90b .\CortexM3\ARM_GCC_541\Debug\detector.o
 .debug_info    0x00001765      0x439 .\CortexM3\ARM_GCC_541\Debug\cfar.o
 .debug_info    0x00001b9e      0x45b .\CortexM3\ARM_GCC_541\Debug\led.o
 .debug_info    0x00001ff9      0x2b3 .\CortexM3\ARM_GCC_541\Debug\uart.o
 .debug_info    0x000022ac      0x68b .\CortexM3\ARM_GCC_541\Debug\dma.o
 .debug_info    0x00002937      0x347 .\CortexM3\ARM_GCC_541\Debug\dac_adc.o
 .debug_info    0x00002c7e      0x602 .\CortexM3\ARM_GCC_541\Debug\cyfitter_cfg.o
 .debug_info    0x00003280      0x136 .\CortexM3\ARM_GCC_541\Debug\cymetadata.o
 .debug_info    0x000033b6      0x3cf .\CortexM3\ARM_GCC_541\Debug\Cm3Start.o
 .debug_info    0x00003785      0x94e .\CortexM3\ARM_GCC_541\Debug\RADAR_Movement_Detector.a(CyDmac.o)
 .debug_info    0x000040d3     0x1374 .\CortexM3\ARM_GCC_541\Debug\RADAR_Movement_Detector.a(CyLib.o)
 .debug_info    0x00005447      0xa2a .\CortexM3\ARM_GCC_541\Debug\RADAR_Movement_Detector.a(cyPm.o)
 .debug_info    0x00005e71      0x80d .\CortexM3\ARM_GCC_541\Debug\RADAR_Movement_Detector.a(ErikaOS_ee_activate.o)
 .debug_info    0x0000667e      0xc3b .\CortexM3\ARM_GCC_541\Debug\RADAR_Movement_Detector.a(ErikaOS_ee_altick.o)
 .debug_info    0x000072b9      0x5a7 .\CortexM3\ARM_GCC_541\Debug\RADAR_Movement_Detector.a(ErikaOS_ee_evclear.o)
 .debug_info    0x00007860      0x4ca .\CortexM3\ARM_GCC_541\Debug\RADAR_Movement_Detector.a(ErikaOS_ee_evget.o)
 .debug_info    0x00007d2a      0x7c3 .\CortexM3\ARM_GCC_541\Debug\RADAR_Movement_Detector.a(ErikaOS_ee_evset.o)
 .debug_info    0x000084ed      0x84e .\CortexM3\ARM_GCC_541\Debug\RADAR_Movement_Detector.a(ErikaOS_ee_evwait.o)
 .debug_info    0x00008d3b      0x5cb .\CortexM3\ARM_GCC_541\Debug\RADAR_Movement_Detector.a(ErikaOS_ee_irqendin.o)
 .debug_info    0x00009306      0x3d0 .\CortexM3\ARM_GCC_541\Debug\RADAR_Movement_Detector.a(ErikaOS_ee_lookup.o)
 .debug_info    0x000096d6      0x46f .\CortexM3\ARM_GCC_541\Debug\RADAR_Movement_Detector.a(ErikaOS_ee_rq_exchg.o)
 .debug_info    0x00009b45      0x421 .\CortexM3\ARM_GCC_541\Debug\RADAR_Movement_Detector.a(ErikaOS_ee_rq_first.o)
 .debug_info    0x00009f66      0x475 .\CortexM3\ARM_GCC_541\Debug\RADAR_Movement_Detector.a(ErikaOS_ee_rq_inser.o)
 .debug_info    0x0000a3db     0x2040 .\CortexM3\ARM_GCC_541\Debug\RADAR_Movement_Detector.a(ErikaOS_ee_startos.o)
 .debug_info    0x0000c41b      0x589 .\CortexM3\ARM_GCC_541\Debug\RADAR_Movement_Detector.a(ErikaOS_ee_terminat.o)
 .debug_info    0x0000c9a4      0x573 .\CortexM3\ARM_GCC_541\Debug\RADAR_Movement_Detector.a(ErikaOS_cortex_mx_ee_utils.o)
 .debug_info    0x0000cf17      0x3cb .\CortexM3\ARM_GCC_541\Debug\RADAR_Movement_Detector.a(ErikaOS_common_ee_hal_structs.o)
 .debug_info    0x0000d2e2      0x8b7 .\CortexM3\ARM_GCC_541\Debug\RADAR_Movement_Detector.a(ErikaOS_eecfg.o)
 .debug_info    0x0000db99      0x11f .\CortexM3\ARM_GCC_541\Debug\RADAR_Movement_Detector.a(LED_green.o)
 .debug_info    0x0000dcb8      0x11f .\CortexM3\ARM_GCC_541\Debug\RADAR_Movement_Detector.a(LED_orange.o)
 .debug_info    0x0000ddd7      0x11f .\CortexM3\ARM_GCC_541\Debug\RADAR_Movement_Detector.a(LED_red.o)
 .debug_info    0x0000def6      0x60c .\CortexM3\ARM_GCC_541\Debug\RADAR_Movement_Detector.a(UART_LOG.o)
 .debug_info    0x0000e502      0x283 .\CortexM3\ARM_GCC_541\Debug\RADAR_Movement_Detector.a(UART_LOG_IntClock.o)
 .debug_info    0x0000e785      0xa18 .\CortexM3\ARM_GCC_541\Debug\RADAR_Movement_Detector.a(ADC_DelSig.o)
 .debug_info    0x0000f19d       0xd3 .\CortexM3\ARM_GCC_541\Debug\RADAR_Movement_Detector.a(ADC_DelSig_INT.o)
 .debug_info    0x0000f270      0x165 .\CortexM3\ARM_GCC_541\Debug\RADAR_Movement_Detector.a(ADC_DelSig_AMux.o)
 .debug_info    0x0000f3d5      0x283 .\CortexM3\ARM_GCC_541\Debug\RADAR_Movement_Detector.a(ADC_DelSig_Ext_CP_Clk.o)
 .debug_info    0x0000f658      0x2c4 .\CortexM3\ARM_GCC_541\Debug\RADAR_Movement_Detector.a(ADC_DelSig_theACLK.o)
 .debug_info    0x0000f91c      0x1a8 .\CortexM3\ARM_GCC_541\Debug\RADAR_Movement_Detector.a(DMA_ADC_MEM_dma.o)
 .debug_info    0x0000fac4      0x1a8 .\CortexM3\ARM_GCC_541\Debug\RADAR_Movement_Detector.a(DMA_MEM_UART_dma.o)
 .debug_info    0x0000fc6c      0x283 .\CortexM3\ARM_GCC_541\Debug\RADAR_Movement_Detector.a(Clock_DMA_MEM_UART.o)
 .debug_info    0x0000feef      0x1aa .\CortexM3\ARM_GCC_541\Debug\RADAR_Movement_Detector.a(DMA_FFT_UART_dma.o)
 .debug_info    0x00010099      0x283 .\CortexM3\ARM_GCC_541\Debug\RADAR_Movement_Detector.a(Clock_DMA_FFT_UART.o)
 .debug_info    0x0001031c       0xd0 .\CortexM3\ARM_GCC_541\Debug\RADAR_Movement_Detector.a(CyBootAsmGnu.o)
 .debug_info    0x000103ec       0xe5 .\CortexM3\ARM_GCC_541\Debug\RADAR_Movement_Detector.a(ErikaOS_ee_gnu_change_context_isr.o)
 .debug_info    0x000104d1       0xdc .\CortexM3\ARM_GCC_541\Debug\RADAR_Movement_Detector.a(ErikaOS_ee_gnu_irq_stack.o)
 .debug_info    0x000105ad       0xe0 .\CortexM3\ARM_GCC_541\Debug\RADAR_Movement_Detector.a(ErikaOS_ee_gnu_multi_context.o)
 .debug_info    0x0001068d       0xd5 .\CortexM3\ARM_GCC_541\Debug\RADAR_Movement_Detector.a(ErikaOS_ee_gnu_oo.o)
 .debug_info    0x00010762      0x64d .\CortexM3\ARM_GCC_541\Debug\RADAR_Movement_Detector.a(CyFlash.o)
 .debug_info    0x00010daf      0x550 .\CortexM3\ARM_GCC_541\Debug\RADAR_Movement_Detector.a(CySpc.o)
 .debug_info    0x000112ff      0x43d .\CortexM3\ARM_GCC_541\Debug\RADAR_Movement_Detector.a(ErikaOS_ee_tnterm.o)
 .debug_info    0x0001173c      0x487 .\CortexM3\ARM_GCC_541\Debug\RADAR_Movement_Detector.a(ErikaOS_ee_tstub.o)
 .debug_info    0x00011bc3      0x501 .\CortexM3\ARM_GCC_541\Debug\RADAR_Movement_Detector.a(ErikaOS_cortex_mx_ee_context.o)
 .debug_info    0x000120c4      0x6f9 .\CortexM3\ARM_GCC_541\Debug\RADAR_Movement_Detector.a(ErikaOS_ee_thendin.o)
 .debug_info    0x000127bd      0x36c .\source\bsw\fft_application\libfft_application.a(fft_application.o)
 .debug_info    0x00012b29      0x4f7 .\source\bsw\fft_application\libfft_application.a(arm_rfft_q31.o)
 .debug_info    0x00013020      0x327 .\source\bsw\fft_application\libfft_application.a(arm_rfft_init_q31.o)
 .debug_info    0x00013347      0x4a3 .\source\bsw\fft_application\libfft_application.a(arm_cfft_q31.o)
 .debug_info    0x000137ea      0x815 .\source\bsw\fft_application\libfft_application.a(arm_cfft_radix4_q31.o)
 .debug_info    0x00013fff      0xd8a .\source\bsw\fft_application\libfft_application.a(arm_const_structs.o)
 .debug_info    0x00014d89       0xac .\source\bsw\fft_application\libfft_application.a(arm_bitreversal2.o)
 .debug_info    0x00014e35      0x976 .\source\bsw\fft_application\libfft_application.a(arm_common_tables.o)

.debug_abbrev   0x00000000     0x5281
 *(.debug_abbrev)
 .debug_abbrev  0x00000000      0x2a5 .\CortexM3\ARM_GCC_541\Debug\main.o
 .debug_abbrev  0x000002a5      0x1c4 .\CortexM3\ARM_GCC_541\Debug\detector.o
 .debug_abbrev  0x00000469      0x194 .\CortexM3\ARM_GCC_541\Debug\cfar.o
 .debug_abbrev  0x000005fd      0x1a9 .\CortexM3\ARM_GCC_541\Debug\led.o
 .debug_abbrev  0x000007a6       0xb6 .\CortexM3\ARM_GCC_541\Debug\uart.o
 .debug_abbrev  0x0000085c      0x145 .\CortexM3\ARM_GCC_541\Debug\dma.o
 .debug_abbrev  0x000009a1      0x137 .\CortexM3\ARM_GCC_541\Debug\dac_adc.o
 .debug_abbrev  0x00000ad8      0x21e .\CortexM3\ARM_GCC_541\Debug\cyfitter_cfg.o
 .debug_abbrev  0x00000cf6       0x77 .\CortexM3\ARM_GCC_541\Debug\cymetadata.o
 .debug_abbrev  0x00000d6d      0x1e8 .\CortexM3\ARM_GCC_541\Debug\Cm3Start.o
 .debug_abbrev  0x00000f55      0x1b2 .\CortexM3\ARM_GCC_541\Debug\RADAR_Movement_Detector.a(CyDmac.o)
 .debug_abbrev  0x00001107      0x254 .\CortexM3\ARM_GCC_541\Debug\RADAR_Movement_Detector.a(CyLib.o)
 .debug_abbrev  0x0000135b      0x1ab .\CortexM3\ARM_GCC_541\Debug\RADAR_Movement_Detector.a(cyPm.o)
 .debug_abbrev  0x00001506      0x284 .\CortexM3\ARM_GCC_541\Debug\RADAR_Movement_Detector.a(ErikaOS_ee_activate.o)
 .debug_abbrev  0x0000178a      0x362 .\CortexM3\ARM_GCC_541\Debug\RADAR_Movement_Detector.a(ErikaOS_ee_altick.o)
 .debug_abbrev  0x00001aec      0x1e0 .\CortexM3\ARM_GCC_541\Debug\RADAR_Movement_Detector.a(ErikaOS_ee_evclear.o)
 .debug_abbrev  0x00001ccc      0x150 .\CortexM3\ARM_GCC_541\Debug\RADAR_Movement_Detector.a(ErikaOS_ee_evget.o)
 .debug_abbrev  0x00001e1c      0x27f .\CortexM3\ARM_GCC_541\Debug\RADAR_Movement_Detector.a(ErikaOS_ee_evset.o)
 .debug_abbrev  0x0000209b      0x25d .\CortexM3\ARM_GCC_541\Debug\RADAR_Movement_Detector.a(ErikaOS_ee_evwait.o)
 .debug_abbrev  0x000022f8      0x1da .\CortexM3\ARM_GCC_541\Debug\RADAR_Movement_Detector.a(ErikaOS_ee_irqendin.o)
 .debug_abbrev  0x000024d2       0xcf .\CortexM3\ARM_GCC_541\Debug\RADAR_Movement_Detector.a(ErikaOS_ee_lookup.o)
 .debug_abbrev  0x000025a1       0xfc .\CortexM3\ARM_GCC_541\Debug\RADAR_Movement_Detector.a(ErikaOS_ee_rq_exchg.o)
 .debug_abbrev  0x0000269d       0xed .\CortexM3\ARM_GCC_541\Debug\RADAR_Movement_Detector.a(ErikaOS_ee_rq_first.o)
 .debug_abbrev  0x0000278a      0x109 .\CortexM3\ARM_GCC_541\Debug\RADAR_Movement_Detector.a(ErikaOS_ee_rq_inser.o)
 .debug_abbrev  0x00002893      0x4a7 .\CortexM3\ARM_GCC_541\Debug\RADAR_Movement_Detector.a(ErikaOS_ee_startos.o)
 .debug_abbrev  0x00002d3a      0x1de .\CortexM3\ARM_GCC_541\Debug\RADAR_Movement_Detector.a(ErikaOS_ee_terminat.o)
 .debug_abbrev  0x00002f18      0x1f0 .\CortexM3\ARM_GCC_541\Debug\RADAR_Movement_Detector.a(ErikaOS_cortex_mx_ee_utils.o)
 .debug_abbrev  0x00003108       0xcf .\CortexM3\ARM_GCC_541\Debug\RADAR_Movement_Detector.a(ErikaOS_common_ee_hal_structs.o)
 .debug_abbrev  0x000031d7      0x130 .\CortexM3\ARM_GCC_541\Debug\RADAR_Movement_Detector.a(ErikaOS_eecfg.o)
 .debug_abbrev  0x00003307       0x90 .\CortexM3\ARM_GCC_541\Debug\RADAR_Movement_Detector.a(LED_green.o)
 .debug_abbrev  0x00003397       0x90 .\CortexM3\ARM_GCC_541\Debug\RADAR_Movement_Detector.a(LED_orange.o)
 .debug_abbrev  0x00003427       0x90 .\CortexM3\ARM_GCC_541\Debug\RADAR_Movement_Detector.a(LED_red.o)
 .debug_abbrev  0x000034b7      0x175 .\CortexM3\ARM_GCC_541\Debug\RADAR_Movement_Detector.a(UART_LOG.o)
 .debug_abbrev  0x0000362c      0x139 .\CortexM3\ARM_GCC_541\Debug\RADAR_Movement_Detector.a(UART_LOG_IntClock.o)
 .debug_abbrev  0x00003765      0x1eb .\CortexM3\ARM_GCC_541\Debug\RADAR_Movement_Detector.a(ADC_DelSig.o)
 .debug_abbrev  0x00003950       0x42 .\CortexM3\ARM_GCC_541\Debug\RADAR_Movement_Detector.a(ADC_DelSig_INT.o)
 .debug_abbrev  0x00003992       0xb1 .\CortexM3\ARM_GCC_541\Debug\RADAR_Movement_Detector.a(ADC_DelSig_AMux.o)
 .debug_abbrev  0x00003a43      0x139 .\CortexM3\ARM_GCC_541\Debug\RADAR_Movement_Detector.a(ADC_DelSig_Ext_CP_Clk.o)
 .debug_abbrev  0x00003b7c      0x121 .\CortexM3\ARM_GCC_541\Debug\RADAR_Movement_Detector.a(ADC_DelSig_theACLK.o)
 .debug_abbrev  0x00003c9d       0xcd .\CortexM3\ARM_GCC_541\Debug\RADAR_Movement_Detector.a(DMA_ADC_MEM_dma.o)
 .debug_abbrev  0x00003d6a       0xcd .\CortexM3\ARM_GCC_541\Debug\RADAR_Movement_Detector.a(DMA_MEM_UART_dma.o)
 .debug_abbrev  0x00003e37      0x139 .\CortexM3\ARM_GCC_541\Debug\RADAR_Movement_Detector.a(Clock_DMA_MEM_UART.o)
 .debug_abbrev  0x00003f70       0xcd .\CortexM3\ARM_GCC_541\Debug\RADAR_Movement_Detector.a(DMA_FFT_UART_dma.o)
 .debug_abbrev  0x0000403d      0x139 .\CortexM3\ARM_GCC_541\Debug\RADAR_Movement_Detector.a(Clock_DMA_FFT_UART.o)
 .debug_abbrev  0x00004176       0x14 .\CortexM3\ARM_GCC_541\Debug\RADAR_Movement_Detector.a(CyBootAsmGnu.o)
 .debug_abbrev  0x0000418a       0x14 .\CortexM3\ARM_GCC_541\Debug\RADAR_Movement_Detector.a(ErikaOS_ee_gnu_change_context_isr.o)
 .debug_abbrev  0x0000419e       0x14 .\CortexM3\ARM_GCC_541\Debug\RADAR_Movement_Detector.a(ErikaOS_ee_gnu_irq_stack.o)
 .debug_abbrev  0x000041b2       0x14 .\CortexM3\ARM_GCC_541\Debug\RADAR_Movement_Detector.a(ErikaOS_ee_gnu_multi_context.o)
 .debug_abbrev  0x000041c6       0x14 .\CortexM3\ARM_GCC_541\Debug\RADAR_Movement_Detector.a(ErikaOS_ee_gnu_oo.o)
 .debug_abbrev  0x000041da      0x1a7 .\CortexM3\ARM_GCC_541\Debug\RADAR_Movement_Detector.a(CyFlash.o)
 .debug_abbrev  0x00004381      0x194 .\CortexM3\ARM_GCC_541\Debug\RADAR_Movement_Detector.a(CySpc.o)
 .debug_abbrev  0x00004515      0x157 .\CortexM3\ARM_GCC_541\Debug\RADAR_Movement_Detector.a(ErikaOS_ee_tnterm.o)
 .debug_abbrev  0x0000466c      0x143 .\CortexM3\ARM_GCC_541\Debug\RADAR_Movement_Detector.a(ErikaOS_ee_tstub.o)
 .debug_abbrev  0x000047af      0x156 .\CortexM3\ARM_GCC_541\Debug\RADAR_Movement_Detector.a(ErikaOS_cortex_mx_ee_context.o)
 .debug_abbrev  0x00004905      0x229 .\CortexM3\ARM_GCC_541\Debug\RADAR_Movement_Detector.a(ErikaOS_ee_thendin.o)
 .debug_abbrev  0x00004b2e      0x15d .\source\bsw\fft_application\libfft_application.a(fft_application.o)
 .debug_abbrev  0x00004c8b      0x128 .\source\bsw\fft_application\libfft_application.a(arm_rfft_q31.o)
 .debug_abbrev  0x00004db3      0x12e .\source\bsw\fft_application\libfft_application.a(arm_rfft_init_q31.o)
 .debug_abbrev  0x00004ee1       0xfb .\source\bsw\fft_application\libfft_application.a(arm_cfft_q31.o)
 .debug_abbrev  0x00004fdc      0x142 .\source\bsw\fft_application\libfft_application.a(arm_cfft_radix4_q31.o)
 .debug_abbrev  0x0000511e       0xcb .\source\bsw\fft_application\libfft_application.a(arm_const_structs.o)
 .debug_abbrev  0x000051e9       0x14 .\source\bsw\fft_application\libfft_application.a(arm_bitreversal2.o)
 .debug_abbrev  0x000051fd       0x84 .\source\bsw\fft_application\libfft_application.a(arm_common_tables.o)

.debug_line     0x00000000     0x7a28
 *(.debug_line)
 .debug_line    0x00000000      0x7a7 .\CortexM3\ARM_GCC_541\Debug\main.o
 .debug_line    0x000007a7      0x35d .\CortexM3\ARM_GCC_541\Debug\detector.o
 .debug_line    0x00000b04      0x336 .\CortexM3\ARM_GCC_541\Debug\cfar.o
 .debug_line    0x00000e3a      0x2f8 .\CortexM3\ARM_GCC_541\Debug\led.o
 .debug_line    0x00001132       0x75 .\CortexM3\ARM_GCC_541\Debug\uart.o
 .debug_line    0x000011a7      0x2f9 .\CortexM3\ARM_GCC_541\Debug\dma.o
 .debug_line    0x000014a0      0x270 .\CortexM3\ARM_GCC_541\Debug\dac_adc.o
 .debug_line    0x00001710      0x20b .\CortexM3\ARM_GCC_541\Debug\cyfitter_cfg.o
 .debug_line    0x0000191b      0x141 .\CortexM3\ARM_GCC_541\Debug\cymetadata.o
 .debug_line    0x00001a5c      0x241 .\CortexM3\ARM_GCC_541\Debug\Cm3Start.o
 .debug_line    0x00001c9d      0x2e4 .\CortexM3\ARM_GCC_541\Debug\RADAR_Movement_Detector.a(CyDmac.o)
 .debug_line    0x00001f81      0x816 .\CortexM3\ARM_GCC_541\Debug\RADAR_Movement_Detector.a(CyLib.o)
 .debug_line    0x00002797      0x367 .\CortexM3\ARM_GCC_541\Debug\RADAR_Movement_Detector.a(cyPm.o)
 .debug_line    0x00002afe      0x1e6 .\CortexM3\ARM_GCC_541\Debug\RADAR_Movement_Detector.a(ErikaOS_ee_activate.o)
 .debug_line    0x00002ce4      0x2f1 .\CortexM3\ARM_GCC_541\Debug\RADAR_Movement_Detector.a(ErikaOS_ee_altick.o)
 .debug_line    0x00002fd5      0x1c1 .\CortexM3\ARM_GCC_541\Debug\RADAR_Movement_Detector.a(ErikaOS_ee_evclear.o)
 .debug_line    0x00003196      0x14b .\CortexM3\ARM_GCC_541\Debug\RADAR_Movement_Detector.a(ErikaOS_ee_evget.o)
 .debug_line    0x000032e1      0x1e3 .\CortexM3\ARM_GCC_541\Debug\RADAR_Movement_Detector.a(ErikaOS_ee_evset.o)
 .debug_line    0x000034c4      0x1ef .\CortexM3\ARM_GCC_541\Debug\RADAR_Movement_Detector.a(ErikaOS_ee_evwait.o)
 .debug_line    0x000036b3      0x190 .\CortexM3\ARM_GCC_541\Debug\RADAR_Movement_Detector.a(ErikaOS_ee_irqendin.o)
 .debug_line    0x00003843      0x10b .\CortexM3\ARM_GCC_541\Debug\RADAR_Movement_Detector.a(ErikaOS_ee_lookup.o)
 .debug_line    0x0000394e      0x14b .\CortexM3\ARM_GCC_541\Debug\RADAR_Movement_Detector.a(ErikaOS_ee_rq_exchg.o)
 .debug_line    0x00003a99      0x142 .\CortexM3\ARM_GCC_541\Debug\RADAR_Movement_Detector.a(ErikaOS_ee_rq_first.o)
 .debug_line    0x00003bdb      0x146 .\CortexM3\ARM_GCC_541\Debug\RADAR_Movement_Detector.a(ErikaOS_ee_rq_inser.o)
 .debug_line    0x00003d21      0x3e8 .\CortexM3\ARM_GCC_541\Debug\RADAR_Movement_Detector.a(ErikaOS_ee_startos.o)
 .debug_line    0x00004109      0x1ac .\CortexM3\ARM_GCC_541\Debug\RADAR_Movement_Detector.a(ErikaOS_ee_terminat.o)
 .debug_line    0x000042b5      0x180 .\CortexM3\ARM_GCC_541\Debug\RADAR_Movement_Detector.a(ErikaOS_cortex_mx_ee_utils.o)
 .debug_line    0x00004435       0xed .\CortexM3\ARM_GCC_541\Debug\RADAR_Movement_Detector.a(ErikaOS_common_ee_hal_structs.o)
 .debug_line    0x00004522      0x12c .\CortexM3\ARM_GCC_541\Debug\RADAR_Movement_Detector.a(ErikaOS_eecfg.o)
 .debug_line    0x0000464e       0x96 .\CortexM3\ARM_GCC_541\Debug\RADAR_Movement_Detector.a(LED_green.o)
 .debug_line    0x000046e4       0x97 .\CortexM3\ARM_GCC_541\Debug\RADAR_Movement_Detector.a(LED_orange.o)
 .debug_line    0x0000477b       0x94 .\CortexM3\ARM_GCC_541\Debug\RADAR_Movement_Detector.a(LED_red.o)
 .debug_line    0x0000480f      0x2c4 .\CortexM3\ARM_GCC_541\Debug\RADAR_Movement_Detector.a(UART_LOG.o)
 .debug_line    0x00004ad3      0x180 .\CortexM3\ARM_GCC_541\Debug\RADAR_Movement_Detector.a(UART_LOG_IntClock.o)
 .debug_line    0x00004c53      0x372 .\CortexM3\ARM_GCC_541\Debug\RADAR_Movement_Detector.a(ADC_DelSig.o)
 .debug_line    0x00004fc5       0x87 .\CortexM3\ARM_GCC_541\Debug\RADAR_Movement_Detector.a(ADC_DelSig_INT.o)
 .debug_line    0x0000504c       0xb3 .\CortexM3\ARM_GCC_541\Debug\RADAR_Movement_Detector.a(ADC_DelSig_AMux.o)
 .debug_line    0x000050ff      0x184 .\CortexM3\ARM_GCC_541\Debug\RADAR_Movement_Detector.a(ADC_DelSig_Ext_CP_Clk.o)
 .debug_line    0x00005283      0x1a4 .\CortexM3\ARM_GCC_541\Debug\RADAR_Movement_Detector.a(ADC_DelSig_theACLK.o)
 .debug_line    0x00005427       0x88 .\CortexM3\ARM_GCC_541\Debug\RADAR_Movement_Detector.a(DMA_ADC_MEM_dma.o)
 .debug_line    0x000054af       0x89 .\CortexM3\ARM_GCC_541\Debug\RADAR_Movement_Detector.a(DMA_MEM_UART_dma.o)
 .debug_line    0x00005538      0x181 .\CortexM3\ARM_GCC_541\Debug\RADAR_Movement_Detector.a(Clock_DMA_MEM_UART.o)
 .debug_line    0x000056b9       0x89 .\CortexM3\ARM_GCC_541\Debug\RADAR_Movement_Detector.a(DMA_FFT_UART_dma.o)
 .debug_line    0x00005742      0x181 .\CortexM3\ARM_GCC_541\Debug\RADAR_Movement_Detector.a(Clock_DMA_FFT_UART.o)
 .debug_line    0x000058c3       0x66 .\CortexM3\ARM_GCC_541\Debug\RADAR_Movement_Detector.a(CyBootAsmGnu.o)
 .debug_line    0x00005929       0xac .\CortexM3\ARM_GCC_541\Debug\RADAR_Movement_Detector.a(ErikaOS_ee_gnu_change_context_isr.o)
 .debug_line    0x000059d5       0x72 .\CortexM3\ARM_GCC_541\Debug\RADAR_Movement_Detector.a(ErikaOS_ee_gnu_irq_stack.o)
 .debug_line    0x00005a47       0x9b .\CortexM3\ARM_GCC_541\Debug\RADAR_Movement_Detector.a(ErikaOS_ee_gnu_multi_context.o)
 .debug_line    0x00005ae2       0x97 .\CortexM3\ARM_GCC_541\Debug\RADAR_Movement_Detector.a(ErikaOS_ee_gnu_oo.o)
 .debug_line    0x00005b79      0x21a .\CortexM3\ARM_GCC_541\Debug\RADAR_Movement_Detector.a(CyFlash.o)
 .debug_line    0x00005d93      0x260 .\CortexM3\ARM_GCC_541\Debug\RADAR_Movement_Detector.a(CySpc.o)
 .debug_line    0x00005ff3      0x169 .\CortexM3\ARM_GCC_541\Debug\RADAR_Movement_Detector.a(ErikaOS_ee_tnterm.o)
 .debug_line    0x0000615c      0x160 .\CortexM3\ARM_GCC_541\Debug\RADAR_Movement_Detector.a(ErikaOS_ee_tstub.o)
 .debug_line    0x000062bc      0x19a .\CortexM3\ARM_GCC_541\Debug\RADAR_Movement_Detector.a(ErikaOS_cortex_mx_ee_context.o)
 .debug_line    0x00006456      0x1b7 .\CortexM3\ARM_GCC_541\Debug\RADAR_Movement_Detector.a(ErikaOS_ee_thendin.o)
 .debug_line    0x0000660d      0x22f .\source\bsw\fft_application\libfft_application.a(fft_application.o)
 .debug_line    0x0000683c      0x1ff .\source\bsw\fft_application\libfft_application.a(arm_rfft_q31.o)
 .debug_line    0x00006a3b      0x1dd .\source\bsw\fft_application\libfft_application.a(arm_rfft_init_q31.o)
 .debug_line    0x00006c18      0x2f5 .\source\bsw\fft_application\libfft_application.a(arm_cfft_q31.o)
 .debug_line    0x00006f0d      0x792 .\source\bsw\fft_application\libfft_application.a(arm_cfft_radix4_q31.o)
 .debug_line    0x0000769f      0x17c .\source\bsw\fft_application\libfft_application.a(arm_const_structs.o)
 .debug_line    0x0000781b       0xa8 .\source\bsw\fft_application\libfft_application.a(arm_bitreversal2.o)
 .debug_line    0x000078c3      0x165 .\source\bsw\fft_application\libfft_application.a(arm_common_tables.o)

.debug_frame    0x00000000     0x2b80
 *(.debug_frame)
 .debug_frame   0x00000000      0x240 .\CortexM3\ARM_GCC_541\Debug\main.o
 .debug_frame   0x00000240       0x88 .\CortexM3\ARM_GCC_541\Debug\detector.o
 .debug_frame   0x000002c8       0x84 .\CortexM3\ARM_GCC_541\Debug\cfar.o
 .debug_frame   0x0000034c       0x6c .\CortexM3\ARM_GCC_541\Debug\led.o
 .debug_frame   0x000003b8       0x2c .\CortexM3\ARM_GCC_541\Debug\uart.o
 .debug_frame   0x000003e4       0x4c .\CortexM3\ARM_GCC_541\Debug\dma.o
 .debug_frame   0x00000430       0x74 .\CortexM3\ARM_GCC_541\Debug\dac_adc.o
 .debug_frame   0x000004a4      0x104 .\CortexM3\ARM_GCC_541\Debug\cyfitter_cfg.o
 .debug_frame   0x000005a8       0xb8 .\CortexM3\ARM_GCC_541\Debug\Cm3Start.o
 .debug_frame   0x00000660      0x1f8 .\CortexM3\ARM_GCC_541\Debug\RADAR_Movement_Detector.a(CyDmac.o)
 .debug_frame   0x00000858      0x738 .\CortexM3\ARM_GCC_541\Debug\RADAR_Movement_Detector.a(CyLib.o)
 .debug_frame   0x00000f90      0x1f8 .\CortexM3\ARM_GCC_541\Debug\RADAR_Movement_Detector.a(cyPm.o)
 .debug_frame   0x00001188       0x30 .\CortexM3\ARM_GCC_541\Debug\RADAR_Movement_Detector.a(ErikaOS_ee_activate.o)