Archive member included to satisfy reference by file (symbol)

.\CortexM3\ARM_GCC_541\Debug\RADAR_Movement_Detector.a(CyDmac.o)
                              .\CortexM3\ARM_GCC_541\Debug\Cm3Start.o (CyDmacConfigure)
.\CortexM3\ARM_GCC_541\Debug\RADAR_Movement_Detector.a(CyLib.o)
                              .\CortexM3\ARM_GCC_541\Debug\Cm3Start.o (CyHalt)
.\CortexM3\ARM_GCC_541\Debug\RADAR_Movement_Detector.a(cyPm.o)
                              .\CortexM3\ARM_GCC_541\Debug\RADAR_Movement_Detector.a(CyLib.o) (CyPmReadStatus)
.\CortexM3\ARM_GCC_541\Debug\RADAR_Movement_Detector.a(ErikaOS_ee_activate.o)
                              .\CortexM3\ARM_GCC_541\Debug\main.o (EE_oo_ActivateTask)
.\CortexM3\ARM_GCC_541\Debug\RADAR_Movement_Detector.a(ErikaOS_ee_altick.o)
                              .\CortexM3\ARM_GCC_541\Debug\main.o (EE_oo_IncrementCounter)
.\CortexM3\ARM_GCC_541\Debug\RADAR_Movement_Detector.a(ErikaOS_ee_evclear.o)
                              .\CortexM3\ARM_GCC_541\Debug\main.o (EE_oo_ClearEvent)
.\CortexM3\ARM_GCC_541\Debug\RADAR_Movement_Detector.a(ErikaOS_ee_evget.o)
                              .\CortexM3\ARM_GCC_541\Debug\main.o (EE_oo_GetEvent)
.\CortexM3\ARM_GCC_541\Debug\RADAR_Movement_Detector.a(ErikaOS_ee_evset.o)
                              .\CortexM3\ARM_GCC_541\Debug\main.o (EE_oo_SetEvent)
.\CortexM3\ARM_GCC_541\Debug\RADAR_Movement_Detector.a(ErikaOS_ee_evwait.o)
                              .\CortexM3\ARM_GCC_541\Debug\main.o (EE_oo_WaitEvent)
.\CortexM3\ARM_GCC_541\Debug\RADAR_Movement_Detector.a(ErikaOS_ee_irqendin.o)
                              .\CortexM3\ARM_GCC_541\Debug\main.o (EE_IRQ_end_post_stub)
.\CortexM3\ARM_GCC_541\Debug\RADAR_Movement_Detector.a(ErikaOS_ee_lookup.o)
                              .\CortexM3\ARM_GCC_541\Debug\RADAR_Movement_Detector.a(ErikaOS_ee_irqendin.o) (EE_oo_IRQ_disable_count)
.\CortexM3\ARM_GCC_541\Debug\RADAR_Movement_Detector.a(ErikaOS_ee_rq_exchg.o)
                              .\CortexM3\ARM_GCC_541\Debug\RADAR_Movement_Detector.a(ErikaOS_ee_activate.o) (EE_rq2stk_exchange)
.\CortexM3\ARM_GCC_541\Debug\RADAR_Movement_Detector.a(ErikaOS_ee_rq_first.o)
                              .\CortexM3\ARM_GCC_541\Debug\RADAR_Movement_Detector.a(ErikaOS_ee_activate.o) (EE_rq_queryfirst)
.\CortexM3\ARM_GCC_541\Debug\RADAR_Movement_Detector.a(ErikaOS_ee_rq_inser.o)
                              .\CortexM3\ARM_GCC_541\Debug\RADAR_Movement_Detector.a(ErikaOS_ee_activate.o) (EE_rq_insert)
.\CortexM3\ARM_GCC_541\Debug\RADAR_Movement_Detector.a(ErikaOS_ee_startos.o)
                              .\CortexM3\ARM_GCC_541\Debug\main.o (EE_oo_StartOS)
.\CortexM3\ARM_GCC_541\Debug\RADAR_Movement_Detector.a(ErikaOS_ee_terminat.o)
                              .\CortexM3\ARM_GCC_541\Debug\main.o (EE_oo_TerminateTask)
.\CortexM3\ARM_GCC_541\Debug\RADAR_Movement_Detector.a(ErikaOS_cortex_mx_ee_utils.o)
                              .\CortexM3\ARM_GCC_541\Debug\main.o (EE_system_init)
.\CortexM3\ARM_GCC_541\Debug\RADAR_Movement_Detector.a(ErikaOS_common_ee_hal_structs.o)
                              .\CortexM3\ARM_GCC_541\Debug\RADAR_Movement_Detector.a(ErikaOS_ee_irqendin.o) (EE_std_endcycle_next_tid)
.\CortexM3\ARM_GCC_541\Debug\RADAR_Movement_Detector.a(ErikaOS_eecfg.o)
                              .\CortexM3\ARM_GCC_541\Debug\RADAR_Movement_Detector.a(ErikaOS_ee_startos.o) (EE_oo_autostart_task_data)
.\CortexM3\ARM_GCC_541\Debug\RADAR_Movement_Detector.a(LED_green.o)
                              .\CortexM3\ARM_GCC_541\Debug\led.o (LED_green_Write)
.\CortexM3\ARM_GCC_541\Debug\RADAR_Movement_Detector.a(LED_orange.o)
                              .\CortexM3\ARM_GCC_541\Debug\led.o (LED_orange_Write)
.\CortexM3\ARM_GCC_541\Debug\RADAR_Movement_Detector.a(LED_red.o)
                              .\CortexM3\ARM_GCC_541\Debug\led.o (LED_red_Write)
.\CortexM3\ARM_GCC_541\Debug\RADAR_Movement_Detector.a(UART_LOG.o)
                              .\CortexM3\ARM_GCC_541\Debug\uart.o (UART_LOG_Start)
.\CortexM3\ARM_GCC_541\Debug\RADAR_Movement_Detector.a(UART_LOG_IntClock.o)
                              .\CortexM3\ARM_GCC_541\Debug\RADAR_Movement_Detector.a(UART_LOG.o) (UART_LOG_IntClock_Start)
.\CortexM3\ARM_GCC_541\Debug\RADAR_Movement_Detector.a(WaveDAC8.o)
                              .\CortexM3\ARM_GCC_541\Debug\dac_adc.o (WaveDAC8_Stop)
.\CortexM3\ARM_GCC_541\Debug\RADAR_Movement_Detector.a(WaveDAC8_DacClk.o)
                              .\CortexM3\ARM_GCC_541\Debug\RADAR_Movement_Detector.a(WaveDAC8.o) (WaveDAC8_DacClk_Start)
.\CortexM3\ARM_GCC_541\Debug\RADAR_Movement_Detector.a(WaveDAC8_Wave1_DMA_dma.o)
                              .\CortexM3\ARM_GCC_541\Debug\RADAR_Movement_Detector.a(WaveDAC8.o) (WaveDAC8_Wave1_DMA_DmaInitialize)
.\CortexM3\ARM_GCC_541\Debug\RADAR_Movement_Detector.a(WaveDAC8_Wave2_DMA_dma.o)
                              .\CortexM3\ARM_GCC_541\Debug\RADAR_Movement_Detector.a(WaveDAC8.o) (WaveDAC8_Wave2_DMA_DmaInitialize)
[...]
Memory Configuration

Name             Origin             Length             Attributes
rom              0x00000000         0x00040000         xr
ram              0x1fff8000         0x00010000         xrw
*default*        0x00000000         0xffffffff

Linker script and memory map

LOAD c:/program files (x86)/cypress/psoc creator/4.4/psoc creator/import/gnu/arm/5.4.1/bin/../lib/gcc/arm-none-eabi/5.4.1/armv7-m/crti.o
LOAD c:/program files (x86)/cypress/psoc creator/4.4/psoc creator/import/gnu/arm/5.4.1/bin/../lib/gcc/arm-none-eabi/5.4.1/armv7-m/crtbegin.o
LOAD c:/program files (x86)/cypress/psoc creator/4.4/psoc creator/import/gnu/arm/5.4.1/bin/../lib/gcc/arm-none-eabi/5.4.1/../../../../arm-none-eabi/lib/armv7-m/crt0.o
START GROUP
LOAD .\CortexM3\ARM_GCC_541\Debug\main.o
LOAD .\CortexM3\ARM_GCC_541\Debug\detector.o
LOAD .\CortexM3\ARM_GCC_541\Debug\led.o
LOAD .\CortexM3\ARM_GCC_541\Debug\uart.o
LOAD .\CortexM3\ARM_GCC_541\Debug\dma.o
LOAD .\CortexM3\ARM_GCC_541\Debug\dac_adc.o
LOAD .\CortexM3\ARM_GCC_541\Debug\cyfitter_cfg.o
LOAD .\CortexM3\ARM_GCC_541\Debug\cymetadata.o
LOAD .\CortexM3\ARM_GCC_541\Debug\Cm3Start.o
LOAD .\CortexM3\ARM_GCC_541\Debug\RADAR_Movement_Detector.a
LOAD C:\Program Files (x86)\Cypress\PSoC Creator\4.4\PSoC Creator\psoc\content\cycomponentlibrary\CyComponentLibrary.cylib\CortexM3\ARM_GCC_541\Debug\CyComponentLibrary.a
LOAD .\source\bsw\fft_application\libfft_application.a
END GROUP
START GROUP
LOAD c:/program files (x86)/cypress/psoc creator/4.4/psoc creator/import/gnu/arm/5.4.1/bin/../lib/gcc/arm-none-eabi/5.4.1/armv7-m\libgcc.a
LOAD c:/program files (x86)/cypress/psoc creator/4.4/psoc creator/import/gnu/arm/5.4.1/bin/../lib/gcc/arm-none-eabi/5.4.1/../../../../arm-none-eabi/lib/armv7-m\libg_nano.a
LOAD c:/program files (x86)/cypress/psoc creator/4.4/psoc creator/import/gnu/arm/5.4.1/bin/../lib/gcc/arm-none-eabi/5.4.1/../../../../arm-none-eabi/lib/armv7-m\libc_nano.a
END GROUP
START GROUP
LOAD c:/program files (x86)/cypress/psoc creator/4.4/psoc creator/import/gnu/arm/5.4.1/bin/../lib/gcc/arm-none-eabi/5.4.1/armv7-m\libgcc.a
LOAD c:/program files (x86)/cypress/psoc creator/4.4/psoc creator/import/gnu/arm/5.4.1/bin/../lib/gcc/arm-none-eabi/5.4.1/../../../../arm-none-eabi/lib/armv7-m\libc_nano.a
END GROUP
LOAD c:/program files (x86)/cypress/psoc creator/4.4/psoc creator/import/gnu/arm/5.4.1/bin/../lib/gcc/arm-none-eabi/5.4.1/armv7-m/crtend.o
LOAD c:/program files (x86)/cypress/psoc creator/4.4/psoc creator/import/gnu/arm/5.4.1/bin/../lib/gcc/arm-none-eabi/5.4.1/armv7-m/crtn.o
START GROUP
LOAD c:/program files (x86)/cypress/psoc creator/4.4/psoc creator/import/gnu/arm/5.4.1/bin/../lib/gcc/arm-none-eabi/5.4.1/armv7-m\libgcc.a
LOAD c:/program files (x86)/cypress/psoc creator/4.4/psoc creator/import/gnu/arm/5.4.1/bin/../lib/gcc/arm-none-eabi/5.4.1/../../../../arm-none-eabi/lib/armv7-m\libc.a
LOAD c:/program files (x86)/cypress/psoc creator/4.4/psoc creator/import/gnu/arm/5.4.1/bin/../lib/gcc/arm-none-eabi/5.4.1/../../../../arm-none-eabi/lib/armv7-m\libnosys.a
END GROUP
                0x00000000                CY_APPL_ORIGIN = 0x0
                0x00000100                CY_FLASH_ROW_SIZE = 0x100
                0x00000020                CY_ECC_ROW_SIZE = 0x20
                0x00000000                CY_EE_IN_BTLDR = 0x0
                0x00000000                CY_APPL_LOADABLE = 0x0
                0x00000800                CY_EE_SIZE = 0x800
                0x00000001                CY_APPL_NUM = 0x1
                0x00000001                CY_APPL_MAX = 0x1
                0x00000040                CY_METADATA_SIZE = 0x40
                0x00000000                CY_APPL_LOADABLE = 0x0
                0x00000000                CY_CHECKSUM_EXCLUDE_SIZE = ALIGN (0x0, CY_FLASH_ROW_SIZE)
                [!provide]                PROVIDE (__cy_heap_start, _end)
                0x00000001                PROVIDE (__cy_region_num, ((__cy_regions_end - __cy_regions) / 0x10))
                0x20008000                PROVIDE (__cy_stack, (ORIGIN (ram) + LENGTH (ram)))
                [!provide]                PROVIDE (__cy_heap_end, (__cy_stack - 0x800))

.cybootloader   0x00000000        0x0
 *(.cybootloader)
                0x00000000                appl1_start = CY_APPL_ORIGIN?CY_APPL_ORIGIN:ALIGN (CY_FLASH_ROW_SIZE)
                0x0001ff00                appl2_start = (appl1_start + ALIGN ((((LENGTH (rom) - appl1_start) - (0x2 * CY_FLASH_ROW_SIZE)) / 0x2), CY_FLASH_ROW_SIZE))
                0x00000000                appl_start = (CY_APPL_NUM == 0x1)?appl1_start:appl2_start
                0x00000000                ecc_offset = ((appl_start / CY_FLASH_ROW_SIZE) * CY_ECC_ROW_SIZE)
                0x00000000                ee_offset = (CY_APPL_LOADABLE && ! (CY_EE_IN_BTLDR))?((CY_EE_SIZE / CY_APPL_MAX) * (CY_APPL_NUM - 0x1)):0x0
                0x00000800                ee_size = (CY_APPL_LOADABLE && ! (CY_EE_IN_BTLDR))?(CY_EE_SIZE / CY_APPL_MAX):CY_EE_SIZE
                [!provide]                PROVIDE (CY_ECC_OFFSET, ecc_offset)

.text           0x00000000     0x3f38
 CREATE_OBJECT_SYMBOLS
                0x00000000                PROVIDE (__cy_interrupt_vector, RomVectors)
 *(.romvectors)
 .romvectors    0x00000000       0x10 .\CortexM3\ARM_GCC_541\Debug\Cm3Start.o
                0x00000000                RomVectors
                0x00000001                ASSERT ((. != __cy_interrupt_vector), No interrupt vector)
                0x00000001                ASSERT (CY_APPL_ORIGIN?(SIZEOF (.cybootloader) <= CY_APPL_ORIGIN):0x1, Wrong image location)
                0x00000010                PROVIDE (__cy_reset, Reset)
 *(.text.Reset)
 .text.Reset    0x00000010       0x18 .\CortexM3\ARM_GCC_541\Debug\Cm3Start.o
                0x00000010                Reset
                0x00000001                ASSERT ((. != __cy_reset), No reset code)
 *(.dma_init)
                0x00000001                ASSERT ((((appl_start + .) <= 0x10000) || 0x1), DMA Init must be within the first 64k of flash)
 *(.text .text.* .gnu.linkonce.t.*)
 .text          0x00000028       0x5c c:/program files (x86)/cypress/psoc creator/4.4/psoc creator/import/gnu/arm/5.4.1/bin/../lib/gcc/arm-none-eabi/5.4.1/armv7-m/crtbegin.o
 .text.ISR2_systick_handler
                0x00000084        0xc .\CortexM3\ARM_GCC_541\Debug\main.o
                0x00000084                ISR2_systick_handler
 .text.systick_handler
                0x00000090       0x98 .\CortexM3\ARM_GCC_541\Debug\main.o
                0x00000090                systick_handler
 .text.main     0x00000128       0x28 .\CortexM3\ARM_GCC_541\Debug\main.o
                0x00000128                main
 .text.Functsk_init
                0x00000150       0x30 .\CortexM3\ARM_GCC_541\Debug\main.o
                0x00000150                Functsk_init
 .text.Functsk_control
                0x00000180       0x2c .\CortexM3\ARM_GCC_541\Debug\main.o
                0x00000180                Functsk_control
 .text.Functsk_background
                0x000001ac        0x4 .\CortexM3\ARM_GCC_541\Debug\main.o
                0x000001ac                Functsk_background
 .text.ISR2_isr_UART_Rx
                0x000001b0       0x24 .\CortexM3\ARM_GCC_541\Debug\main.o
                0x000001b0                ISR2_isr_UART_Rx
 .text.isr_UART_Rx
                0x000001d4       0x98 .\CortexM3\ARM_GCC_541\Debug\main.o
                0x000001d4                isr_UART_Rx
 .text.ISR2_isr_DMA_ADC_MEM
                0x0000026c        0xc .\CortexM3\ARM_GCC_541\Debug\main.o
                0x0000026c                ISR2_isr_DMA_ADC_MEM
 .text.isr_DMA_ADC_MEM
                0x00000278       0x98 .\CortexM3\ARM_GCC_541\Debug\main.o
                0x00000278                isr_DMA_ADC_MEM
 .text.ISR2_isr_pushButton
                0x00000310        0xc .\CortexM3\ARM_GCC_541\Debug\main.o
                0x00000310                ISR2_isr_pushButton
 .text.isr_pushButton
                0x0000031c       0x98 .\CortexM3\ARM_GCC_541\Debug\main.o
                0x0000031c                isr_pushButton
 .text.ISR2_isr_DMA_MEM_UART
                0x000003b4        0xc .\CortexM3\ARM_GCC_541\Debug\main.o
                0x000003b4                ISR2_isr_DMA_MEM_UART
 .text.isr_DMA_MEM_UART
                0x000003c0       0x98 .\CortexM3\ARM_GCC_541\Debug\main.o
                0x000003c0                isr_DMA_MEM_UART
 .text.isr_DMA_FFT_UART
                0x00000458       0x94 .\CortexM3\ARM_GCC_541\Debug\main.o
                0x00000458                isr_DMA_FFT_UART
 .text.DETECTOR_initDrivers
                0x000004ec       0x18 .\CortexM3\ARM_GCC_541\Debug\detector.o
                0x000004ec                DETECTOR_initDrivers
 .text.DETECTOR_setLedState
                0x00000504       0x48 .\CortexM3\ARM_GCC_541\Debug\detector.o
                0x00000504                DETECTOR_setLedState
 .text.DETECTOR_init
                0x0000054c       0x20 .\CortexM3\ARM_GCC_541\Debug\detector.o
                0x0000054c                DETECTOR_init
 .text.DETECTOR_processEvents
                0x0000056c      0x120 .\CortexM3\ARM_GCC_541\Debug\detector.o
                0x0000056c                DETECTOR_processEvents
 .text.LED_Set  0x0000068c       0x60 .\CortexM3\ARM_GCC_541\Debug\led.o
                0x0000068c                LED_Set
 .text.UART_init
                0x000006ec        0xc .\CortexM3\ARM_GCC_541\Debug\uart.o
                0x000006ec                UART_init
 .text.DMA_Init
                0x000006f8      0x134 .\CortexM3\ARM_GCC_541\Debug\dma.o
                0x000006f8                DMA_Init
 .text.DMA_Set  0x0000082c       0xa4 .\CortexM3\ARM_GCC_541\Debug\dma.o
                0x0000082c                DMA_Set
 .text.ADC_Init
                0x000008d0        0x8 .\CortexM3\ARM_GCC_541\Debug\dac_adc.o
                0x000008d0                ADC_Init
 .text.DAC_Init
                0x000008d8        0x4 .\CortexM3\ARM_GCC_541\Debug\dac_adc.o
                0x000008d8                DAC_Init
 .text.DAC_Set  0x000008dc       0x18 .\CortexM3\ARM_GCC_541\Debug\dac_adc.o
                0x000008dc                DAC_Set
 .text.ADC_Set  0x000008f4       0x18 .\CortexM3\ARM_GCC_541\Debug\dac_adc.o
                0x000008f4                ADC_Set
 .text.CyClockStartupError
                0x0000090c        0x4 .\CortexM3\ARM_GCC_541\Debug\cyfitter_cfg.o
 .text.cfg_write_bytes32
                0x00000910       0x34 .\CortexM3\ARM_GCC_541\Debug\cyfitter_cfg.o
 .text.AnalogSetDefault
                0x00000944       0x40 .\CortexM3\ARM_GCC_541\Debug\cyfitter_cfg.o
 .text.CYMEMZERO
                0x00000984        0xc .\CortexM3\ARM_GCC_541\Debug\cyfitter_cfg.o
 .text.CYCONFIGCPY
                0x00000990        0x8 .\CortexM3\ARM_GCC_541\Debug\cyfitter_cfg.o
 .text.ClockSetup
                0x00000998      0x118 .\CortexM3\ARM_GCC_541\Debug\cyfitter_cfg.o
 .text.ADC_DelSig_AMux_Set
                0x00000ab0       0x1c .\CortexM3\ARM_GCC_541\Debug\cyfitter_cfg.o
                0x00000ab0                ADC_DelSig_AMux_Set
 .text.ADC_DelSig_AMux_Unset
                0x00000acc       0x1c .\CortexM3\ARM_GCC_541\Debug\cyfitter_cfg.o
                0x00000acc                ADC_DelSig_AMux_Unset
 .text.cyfitter_cfg
                0x00000ae8      0x140 .\CortexM3\ARM_GCC_541\Debug\cyfitter_cfg.o
                0x00000ae8                cyfitter_cfg
 .text.IntDefaultHandler
                0x00000c28       0x10 .\CortexM3\ARM_GCC_541\Debug\Cm3Start.o
                0x00000c28                IntDefaultHandler
 .text._sbrk    0x00000c38       0x30 .\CortexM3\ARM_GCC_541\Debug\Cm3Start.o
                0x00000c38                _sbrk
 .text.Start_c  0x00000c68       0x4c .\CortexM3\ARM_GCC_541\Debug\Cm3Start.o
                0x00000c68                Start_c
 .text.initialize_psoc
                0x00000cb4       0x6c .\CortexM3\ARM_GCC_541\Debug\Cm3Start.o
                0x00000cb4                initialize_psoc
 .text.CyDmacConfigure
                0x00000d20       0x34 .\CortexM3\ARM_GCC_541\Debug\RADAR_Movement_Detector.a(CyDmac.o)
                0x00000d20                CyDmacConfigure
 .text.CyDmaChEnable
                0x00000d54       0x38 .\CortexM3\ARM_GCC_541\Debug\RADAR_Movement_Detector.a(CyDmac.o)
                0x00000d54                CyDmaChEnable
 .text.CyDmaChDisable
                0x00000d8c       0x24 .\CortexM3\ARM_GCC_541\Debug\RADAR_Movement_Detector.a(CyDmac.o)
                0x00000d8c                CyDmaChDisable
 .text.CyDmaChPriority
                0x00000db0       0x24 .\CortexM3\ARM_GCC_541\Debug\RADAR_Movement_Detector.a(CyDmac.o)
                0x00000db0                CyDmaChPriority
 .text.CyDmaChSetExtendedAddress
                0x00000dd4       0x34 .\CortexM3\ARM_GCC_541\Debug\RADAR_Movement_Detector.a(CyDmac.o)
                0x00000dd4                CyDmaChSetExtendedAddress
 .text.CyDmaChSetInitialTd
                0x00000e08       0x18 .\CortexM3\ARM_GCC_541\Debug\RADAR_Movement_Detector.a(CyDmac.o)
                0x00000e08                CyDmaChSetInitialTd
 .text.CyDmaChSetConfiguration
                0x00000e20       0x44 .\CortexM3\ARM_GCC_541\Debug\RADAR_Movement_Detector.a(CyDmac.o)
                0x00000e20                CyDmaChSetConfiguration
 .text.CyDmaTdAllocate
                0x00000e64       0x34 .\CortexM3\ARM_GCC_541\Debug\RADAR_Movement_Detector.a(CyDmac.o)
                0x00000e64                CyDmaTdAllocate
 .text.CyDmaTdSetConfiguration
                0x00000e98       0x28 .\CortexM3\ARM_GCC_541\Debug\RADAR_Movement_Detector.a(CyDmac.o)
                0x00000e98                CyDmaTdSetConfiguration
 .text.CyDmaTdSetAddress
                0x00000ec0       0x1c .\CortexM3\ARM_GCC_541\Debug\RADAR_Movement_Detector.a(CyDmac.o)
                0x00000ec0                CyDmaTdSetAddress
 .text.CyHalt   0x00000edc        0x4 .\CortexM3\ARM_GCC_541\Debug\RADAR_Movement_Detector.a(CyLib.o)
                0x00000edc                CyHalt
 .text.CyDelayUs
                0x00000ee0       0x14 .\CortexM3\ARM_GCC_541\Debug\RADAR_Movement_Detector.a(CyLib.o)
                0x00000ee0                CyDelayUs
 .text.CyIntSetVector
                0x00000ef4       0x28 .\CortexM3\ARM_GCC_541\Debug\RADAR_Movement_Detector.a(CyLib.o)
                0x00000ef4                CyIntSetVector
 .text.CyIntSetPriority
                0x00000f1c       0x30 .\CortexM3\ARM_GCC_541\Debug\RADAR_Movement_Detector.a(CyLib.o)
                0x00000f1c                CyIntSetPriority
 .text.EE_oo_ActivateTask
                0x00000f4c       0xe8 .\CortexM3\ARM_GCC_541\Debug\RADAR_Movement_Detector.a(ErikaOS_ee_activate.o)
                0x00000f4c                EE_oo_ActivateTask
 .text.EE_oo_handle_action_callback
                0x00001034        0xc .\CortexM3\ARM_GCC_541\Debug\RADAR_Movement_Detector.a(ErikaOS_ee_altick.o)
 .text.EE_oo_handle_action_task
                0x00001040       0x4c .\CortexM3\ARM_GCC_541\Debug\RADAR_Movement_Detector.a(ErikaOS_ee_altick.o)
 .text.EE_oo_handle_action_event
                0x0000108c       0x60 .\CortexM3\ARM_GCC_541\Debug\RADAR_Movement_Detector.a(ErikaOS_ee_altick.o)
 .text.EE_oo_handle_action
                0x000010ec       0x28 .\CortexM3\ARM_GCC_541\Debug\RADAR_Movement_Detector.a(ErikaOS_ee_altick.o)
 .text.EE_oo_counter_object_insert
                0x00001114       0x9c .\CortexM3\ARM_GCC_541\Debug\RADAR_Movement_Detector.a(ErikaOS_ee_altick.o)
                0x00001114                EE_oo_counter_object_insert
 .text.EE_oo_IncrementCounterImplementation
                0x000011b0      0x100 .\CortexM3\ARM_GCC_541\Debug\RADAR_Movement_Detector.a(ErikaOS_ee_altick.o)
                0x000011b0                EE_oo_IncrementCounterImplementation
 .text.EE_oo_IncrementCounter
                0x000012b0       0xb0 .\CortexM3\ARM_GCC_541\Debug\RADAR_Movement_Detector.a(ErikaOS_ee_altick.o)
                0x000012b0                EE_oo_IncrementCounter
 .text.EE_oo_ClearEvent
                0x00001360       0x5c .\CortexM3\ARM_GCC_541\Debug\RADAR_Movement_Detector.a(ErikaOS_ee_evclear.o)
                0x00001360                EE_oo_ClearEvent
 .text.EE_oo_GetEvent
                0x000013bc       0x40 .\CortexM3\ARM_GCC_541\Debug\RADAR_Movement_Detector.a(ErikaOS_ee_evget.o)
                0x000013bc                EE_oo_GetEvent
 .text.EE_oo_SetEvent
                0x000013fc      0x100 .\CortexM3\ARM_GCC_541\Debug\RADAR_Movement_Detector.a(ErikaOS_ee_evset.o)
                0x000013fc                EE_oo_SetEvent
 .text.EE_oo_WaitEvent
                0x000014fc      0x110 .\CortexM3\ARM_GCC_541\Debug\RADAR_Movement_Detector.a(ErikaOS_ee_evwait.o)
                0x000014fc                EE_oo_WaitEvent
 .text.EE_IRQ_run_next_task
                0x0000160c       0x30 .\CortexM3\ARM_GCC_541\Debug\RADAR_Movement_Detector.a(ErikaOS_ee_irqendin.o)
 .text.EE_IRQ_end_instance
                0x0000163c       0x68 .\CortexM3\ARM_GCC_541\Debug\RADAR_Movement_Detector.a(ErikaOS_ee_irqendin.o)
                0x0000163c                EE_IRQ_end_instance
 .text.EE_IRQ_end_post_stub
                0x000016a4       0x14 .\CortexM3\ARM_GCC_541\Debug\RADAR_Movement_Detector.a(ErikaOS_ee_irqendin.o)
                0x000016a4                EE_IRQ_end_post_stub
 .text.EE_rq2stk_exchange
                0x000016b8       0x88 .\CortexM3\ARM_GCC_541\Debug\RADAR_Movement_Detector.a(ErikaOS_ee_rq_exchg.o)
                0x000016b8                EE_rq2stk_exchange
 .text.EE_rq_queryfirst
                0x00001740       0x44 .\CortexM3\ARM_GCC_541\Debug\RADAR_Movement_Detector.a(ErikaOS_ee_rq_first.o)
                0x00001740                EE_rq_queryfirst
 .text.EE_rq_insert
                0x00001784       0x74 .\CortexM3\ARM_GCC_541\Debug\RADAR_Movement_Detector.a(ErikaOS_ee_rq_inser.o)
                0x00001784                EE_rq_insert
 .text.compute_task_tid
                0x000017f8       0x10 .\CortexM3\ARM_GCC_541\Debug\RADAR_Movement_Detector.a(ErikaOS_ee_startos.o)
 .text.EE_oo_start_os
                0x00001808        0xc .\CortexM3\ARM_GCC_541\Debug\RADAR_Movement_Detector.a(ErikaOS_ee_startos.o)
 .text.EE_oo_autostart_tasks
                0x00001814       0x60 .\CortexM3\ARM_GCC_541\Debug\RADAR_Movement_Detector.a(ErikaOS_ee_startos.o)
 .text.EE_oo_autostart_os
                0x00001874        0xc .\CortexM3\ARM_GCC_541\Debug\RADAR_Movement_Detector.a(ErikaOS_ee_startos.o)
 .text.EE_oo_StartOS
                0x00001880       0x8c .\CortexM3\ARM_GCC_541\Debug\RADAR_Movement_Detector.a(ErikaOS_ee_startos.o)
                0x00001880                EE_oo_StartOS
 .text.EE_oo_TerminateTask
                0x0000190c       0x3c .\CortexM3\ARM_GCC_541\Debug\RADAR_Movement_Detector.a(ErikaOS_ee_terminat.o)
                0x0000190c                EE_oo_TerminateTask
 .text.EE_system_init
                0x00001948       0xa8 .\CortexM3\ARM_GCC_541\Debug\RADAR_Movement_Detector.a(ErikaOS_cortex_mx_ee_utils.o)
                0x00001948                EE_system_init
 .text.LED_green_Write
                0x000019f0       0x18 .\CortexM3\ARM_GCC_541\Debug\RADAR_Movement_Detector.a(LED_green.o)
                0x000019f0                LED_green_Write
 .text.LED_orange_Write
                0x00001a08       0x18 .\CortexM3\ARM_GCC_541\Debug\RADAR_Movement_Detector.a(LED_orange.o)
                0x00001a08                LED_orange_Write
 .text.LED_red_Write
                0x00001a20       0x18 .\CortexM3\ARM_GCC_541\Debug\RADAR_Movement_Detector.a(LED_red.o)
                0x00001a20                LED_red_Write
 .text.UART_LOG_Init
                0x00001a38       0x24 .\CortexM3\ARM_GCC_541\Debug\RADAR_Movement_Detector.a(UART_LOG.o)
                0x00001a38                UART_LOG_Init
 .text.UART_LOG_Enable
                0x00001a5c       0x38 .\CortexM3\ARM_GCC_541\Debug\RADAR_Movement_Detector.a(UART_LOG.o)
                0x00001a5c                UART_LOG_Enable
 .text.UART_LOG_Start
                0x00001a94       0x1c .\CortexM3\ARM_GCC_541\Debug\RADAR_Movement_Detector.a(UART_LOG.o)
                0x00001a94                UART_LOG_Start
 .text.UART_LOG_ReadRxData
                0x00001ab0        0xc .\CortexM3\ARM_GCC_541\Debug\RADAR_Movement_Detector.a(UART_LOG.o)
                0x00001ab0                UART_LOG_ReadRxData
 .text.UART_LOG_ReadRxStatus
                0x00001abc       0x10 .\CortexM3\ARM_GCC_541\Debug\RADAR_Movement_Detector.a(UART_LOG.o)
                0x00001abc                UART_LOG_ReadRxStatus
 .text.UART_LOG_GetByte
                0x00001acc       0x14 .\CortexM3\ARM_GCC_541\Debug\RADAR_Movement_Detector.a(UART_LOG.o)
                0x00001acc                UART_LOG_GetByte
 .text.UART_LOG_IntClock_Start
                0x00001ae0       0x1c .\CortexM3\ARM_GCC_541\Debug\RADAR_Movement_Detector.a(UART_LOG_IntClock.o)
                0x00001ae0                UART_LOG_IntClock_Start
 .text.WaveDAC8_Enable
                0x00001afc       0x28 .\CortexM3\ARM_GCC_541\Debug\RADAR_Movement_Detector.a(WaveDAC8.o)
                0x00001afc                WaveDAC8_Enable
 .text.WaveDAC8_Stop
                0x00001b24       0x20 .\CortexM3\ARM_GCC_541\Debug\RADAR_Movement_Detector.a(WaveDAC8.o)
                0x00001b24                WaveDAC8_Stop
 .text.WaveDAC8_Wave1Setup
                0x00001b44       0x40 .\CortexM3\ARM_GCC_541\Debug\RADAR_Movement_Detector.a(WaveDAC8.o)
                0x00001b44                WaveDAC8_Wave1Setup
 .text.WaveDAC8_Wave2Setup
                0x00001b84       0x40 .\CortexM3\ARM_GCC_541\Debug\RADAR_Movement_Detector.a(WaveDAC8.o)
                0x00001b84                WaveDAC8_Wave2Setup
 .text.WaveDAC8_Init
                0x00001bc4       0x40 .\CortexM3\ARM_GCC_541\Debug\RADAR_Movement_Detector.a(WaveDAC8.o)
                0x00001bc4                WaveDAC8_Init
 .text.WaveDAC8_Start
                0x00001c04       0x1c .\CortexM3\ARM_GCC_541\Debug\RADAR_Movement_Detector.a(WaveDAC8.o)
                0x00001c04                WaveDAC8_Start
 .text.WaveDAC8_DacClk_Start
                0x00001c20       0x1c .\CortexM3\ARM_GCC_541\Debug\RADAR_Movement_Detector.a(WaveDAC8_DacClk.o)
                0x00001c20                WaveDAC8_DacClk_Start
 .text.WaveDAC8_DacClk_Stop
                0x00001c3c       0x1c .\CortexM3\ARM_GCC_541\Debug\RADAR_Movement_Detector.a(WaveDAC8_DacClk.o)
                0x00001c3c                WaveDAC8_DacClk_Stop
 .text.WaveDAC8_Wave1_DMA_DmaInitialize
                0x00001c58       0x3c .\CortexM3\ARM_GCC_541\Debug\RADAR_Movement_Detector.a(WaveDAC8_Wave1_DMA_dma.o)
                0x00001c58                WaveDAC8_Wave1_DMA_DmaInitialize
 .text.WaveDAC8_Wave2_DMA_DmaInitialize
                0x00001c94       0x3c .\CortexM3\ARM_GCC_541\Debug\RADAR_Movement_Detector.a(WaveDAC8_Wave2_DMA_dma.o)
                0x00001c94                WaveDAC8_Wave2_DMA_DmaInitialize
 .text.WaveDAC8_VDAC8_Enable
                0x00001cd0       0x1c .\CortexM3\ARM_GCC_541\Debug\RADAR_Movement_Detector.a(WaveDAC8_VDAC8.o)
                0x00001cd0                WaveDAC8_VDAC8_Enable
 .text.WaveDAC8_VDAC8_Stop
                0x00001cec       0x1c .\CortexM3\ARM_GCC_541\Debug\RADAR_Movement_Detector.a(WaveDAC8_VDAC8.o)
                0x00001cec                WaveDAC8_VDAC8_Stop
 .text.WaveDAC8_VDAC8_SetSpeed
                0x00001d08       0x1c .\CortexM3\ARM_GCC_541\Debug\RADAR_Movement_Detector.a(WaveDAC8_VDAC8.o)
                0x00001d08                WaveDAC8_VDAC8_SetSpeed
 .text.WaveDAC8_VDAC8_SetValue
                0x00001d24        0xc .\CortexM3\ARM_GCC_541\Debug\RADAR_Movement_Detector.a(WaveDAC8_VDAC8.o)
                0x00001d24                WaveDAC8_VDAC8_SetValue
 .text.WaveDAC8_VDAC8_DacTrim
                0x00001d30       0x24 .\CortexM3\ARM_GCC_541\Debug\RADAR_Movement_Detector.a(WaveDAC8_VDAC8.o)
                0x00001d30                WaveDAC8_VDAC8_DacTrim
 .text.WaveDAC8_VDAC8_SetRange
                0x00001d54       0x20 .\CortexM3\ARM_GCC_541\Debug\RADAR_Movement_Detector.a(WaveDAC8_VDAC8.o)
                0x00001d54                WaveDAC8_VDAC8_SetRange
 .text.WaveDAC8_VDAC8_Init
                0x00001d74       0x2c .\CortexM3\ARM_GCC_541\Debug\RADAR_Movement_Detector.a(WaveDAC8_VDAC8.o)
                0x00001d74                WaveDAC8_VDAC8_Init
 .text.ADC_DelSig_GainCompensation
                0x00001da0       0xdc .\CortexM3\ARM_GCC_541\Debug\RADAR_Movement_Detector.a(ADC_DelSig.o)
 .text.ADC_DelSig_SetDSMRef0Reg
                0x00001e7c       0x4c .\CortexM3\ARM_GCC_541\Debug\RADAR_Movement_Detector.a(ADC_DelSig.o)
 .text.ADC_DelSig_InitConfig
                0x00001ec8       0xe8 .\CortexM3\ARM_GCC_541\Debug\RADAR_Movement_Detector.a(ADC_DelSig.o)
 .text.ADC_DelSig_Init
                0x00001fb0       0xc4 .\CortexM3\ARM_GCC_541\Debug\RADAR_Movement_Detector.a(ADC_DelSig.o)
                0x00001fb0                ADC_DelSig_Init
 .text.ADC_DelSig_Enable
                0x00002074       0xd8 .\CortexM3\ARM_GCC_541\Debug\RADAR_Movement_Detector.a(ADC_DelSig.o)
                0x00002074                ADC_DelSig_Enable
 .text.ADC_DelSig_Start
                0x0000214c       0x28 .\CortexM3\ARM_GCC_541\Debug\RADAR_Movement_Detector.a(ADC_DelSig.o)
                0x0000214c                ADC_DelSig_Start
 .text.ADC_DelSig_StartConvert
                0x00002174       0x10 .\CortexM3\ARM_GCC_541\Debug\RADAR_Movement_Detector.a(ADC_DelSig.o)
                0x00002174                ADC_DelSig_StartConvert
 .text.ADC_DelSig_StopConvert
                0x00002184       0x10 .\CortexM3\ARM_GCC_541\Debug\RADAR_Movement_Detector.a(ADC_DelSig.o)
                0x00002184                ADC_DelSig_StopConvert
 .text.ADC_DelSig_ISR1
                0x00002194        0x4 .\CortexM3\ARM_GCC_541\Debug\RADAR_Movement_Detector.a(ADC_DelSig_INT.o)
                0x00002194                ADC_DelSig_ISR1
 .text.ADC_DelSig_AMux_Start
                0x00002198       0x20 .\CortexM3\ARM_GCC_541\Debug\RADAR_Movement_Detector.a(ADC_DelSig_AMux.o)
                0x00002198                ADC_DelSig_AMux_Start
 .text.ADC_DelSig_AMux_Select
                0x000021b8       0x18 .\CortexM3\ARM_GCC_541\Debug\RADAR_Movement_Detector.a(ADC_DelSig_AMux.o)
                0x000021b8                ADC_DelSig_AMux_Select
 .text.ADC_DelSig_Ext_CP_Clk_GetDividerRegister
                0x000021d0        0xc .\CortexM3\ARM_GCC_541\Debug\RADAR_Movement_Detector.a(ADC_DelSig_Ext_CP_Clk.o)
                0x000021d0                ADC_DelSig_Ext_CP_Clk_GetDividerRegister
 .text.ADC_DelSig_Ext_CP_Clk_SetModeRegister
                0x000021dc       0x14 .\CortexM3\ARM_GCC_541\Debug\RADAR_Movement_Detector.a(ADC_DelSig_Ext_CP_Clk.o)
                0x000021dc                ADC_DelSig_Ext_CP_Clk_SetModeRegister
 .text.ADC_DelSig_Ext_CP_Clk_GetSourceRegister
                0x000021f0       0x10 .\CortexM3\ARM_GCC_541\Debug\RADAR_Movement_Detector.a(ADC_DelSig_Ext_CP_Clk.o)
                0x000021f0                ADC_DelSig_Ext_CP_Clk_GetSourceRegister
 .text.ADC_DelSig_Ext_CP_Clk_SetDividerRegister
                0x00002200       0xd8 .\CortexM3\ARM_GCC_541\Debug\RADAR_Movement_Detector.a(ADC_DelSig_Ext_CP_Clk.o)
                0x00002200                ADC_DelSig_Ext_CP_Clk_SetDividerRegister
 .text.ADC_DelSig_theACLK_GetDividerRegister
                0x000022d8        0xc .\CortexM3\ARM_GCC_541\Debug\RADAR_Movement_Detector.a(ADC_DelSig_theACLK.o)
                0x000022d8                ADC_DelSig_theACLK_GetDividerRegister
 .text.ADC_DelSig_theACLK_SetModeRegister
                0x000022e4       0x14 .\CortexM3\ARM_GCC_541\Debug\RADAR_Movement_Detector.a(ADC_DelSig_theACLK.o)
                0x000022e4                ADC_DelSig_theACLK_SetModeRegister
 .text.ADC_DelSig_theACLK_GetSourceRegister
                0x000022f8       0x10 .\CortexM3\ARM_GCC_541\Debug\RADAR_Movement_Detector.a(ADC_DelSig_theACLK.o)
                0x000022f8                ADC_DelSig_theACLK_GetSourceRegister
 .text.ADC_DelSig_theACLK_SetDividerRegister
                0x00002308       0xd8 .\CortexM3\ARM_GCC_541\Debug\RADAR_Movement_Detector.a(ADC_DelSig_theACLK.o)
                0x00002308                ADC_DelSig_theACLK_SetDividerRegister
 .text.DMA_ADC_MEM_DmaInitialize
                0x000023e0       0x3c .\CortexM3\ARM_GCC_541\Debug\RADAR_Movement_Detector.a(DMA_ADC_MEM_dma.o)
                0x000023e0                DMA_ADC_MEM_DmaInitialize
 .text.DMA_MEM_UART_DmaInitialize
                0x0000241c       0x3c .\CortexM3\ARM_GCC_541\Debug\RADAR_Movement_Detector.a(DMA_MEM_UART_dma.o)
                0x0000241c                DMA_MEM_UART_DmaInitialize
 .text.Clock_DMA_MEM_UART_Start
                0x00002458       0x1c .\CortexM3\ARM_GCC_541\Debug\RADAR_Movement_Detector.a(Clock_DMA_MEM_UART.o)
                0x00002458                Clock_DMA_MEM_UART_Start
 .text.DMA_FFT_UART_DmaInitialize
                0x00002474       0x3c .\CortexM3\ARM_GCC_541\Debug\RADAR_Movement_Detector.a(DMA_FFT_UART_dma.o)
                0x00002474                DMA_FFT_UART_DmaInitialize
 .text.Clock_DMA_FFT_UART_Start
                0x000024b0       0x1c .\CortexM3\ARM_GCC_541\Debug\RADAR_Movement_Detector.a(Clock_DMA_FFT_UART.o)
                0x000024b0                Clock_DMA_FFT_UART_Start
 *fill*         0x000024cc        0x4 
 .text          0x000024d0       0x20 .\CortexM3\ARM_GCC_541\Debug\RADAR_Movement_Detector.a(CyBootAsmGnu.o)
                0x000024d0                CyDelayCycles
                0x000024e0                CyEnterCriticalSection
                0x000024e8                CyExitCriticalSection
 .text          0x000024f0       0x7c .\CortexM3\ARM_GCC_541\Debug\RADAR_Movement_Detector.a(ErikaOS_ee_gnu_change_context_isr.o)
                0x000024f0                EE_set_switch_context_pri
                0x0000250a                EE_switch_context
                0x00002514                EE_cortex_mx_pendsv_ISR
                0x00002550                EE_cortex_mx_svc_ISR
 .text          0x0000256c       0x24 .\CortexM3\ARM_GCC_541\Debug\RADAR_Movement_Detector.a(ErikaOS_ee_gnu_irq_stack.o)
                0x0000256c                EE_cortex_mx_change_IRQ_stack
                0x0000257e                EE_cortex_mx_change_IRQ_stack_back
 .text          0x00002590       0x68 .\CortexM3\ARM_GCC_541\Debug\RADAR_Movement_Detector.a(ErikaOS_ee_gnu_multi_context.o)
                0x00002590                EE_cortex_mx_change_context
 .text          0x000025f8       0x80 .\CortexM3\ARM_GCC_541\Debug\RADAR_Movement_Detector.a(ErikaOS_ee_gnu_oo.o)
                0x000025f8                EE_hal_terminate_savestk
                0x00002642                EE_hal_terminate_task
 .text.EE_thread_not_terminated
                0x00002678       0x10 .\CortexM3\ARM_GCC_541\Debug\RADAR_Movement_Detector.a(ErikaOS_ee_tnterm.o)
                0x00002678                EE_thread_not_terminated
 .text.EE_oo_thread_stub
                0x00002688       0x10 .\CortexM3\ARM_GCC_541\Debug\RADAR_Movement_Detector.a(ErikaOS_ee_tstub.o)
                0x00002688                EE_oo_thread_stub
 .text.EE_std_run_task_code
                0x00002698       0x18 .\CortexM3\ARM_GCC_541\Debug\RADAR_Movement_Detector.a(ErikaOS_cortex_mx_ee_context.o)
                0x00002698                EE_std_run_task_code
 .text.EE_std_need_context_change
                0x000026b0       0x28 .\CortexM3\ARM_GCC_541\Debug\RADAR_Movement_Detector.a(ErikaOS_cortex_mx_ee_context.o)
                0x000026b0                EE_std_need_context_change
 .text.EE_thread_rnact_max
                0x000026d8       0x20 .\CortexM3\ARM_GCC_541\Debug\RADAR_Movement_Detector.a(ErikaOS_ee_thendin.o)
 .text.EE_thread_endcycle_next
                0x000026f8       0x30 .\CortexM3\ARM_GCC_541\Debug\RADAR_Movement_Detector.a(ErikaOS_ee_thendin.o)
 .text.EE_thread_end_instance
                0x00002728      0x108 .\CortexM3\ARM_GCC_541\Debug\RADAR_Movement_Detector.a(ErikaOS_ee_thendin.o)
                0x00002728                EE_thread_end_instance
 .text.fft_app  0x00002830       0x44 .\source\bsw\fft_application\libfft_application.a(fft_application.o)
                0x00002830                fft_app
 .text.arm_split_rfft_q31
                0x00002874      0x21c .\source\bsw\fft_application\libfft_application.a(arm_rfft_q31.o)
                0x00002874                arm_split_rfft_q31
 .text.arm_split_rifft_q31
                0x00002a90      0x1bc .\source\bsw\fft_application\libfft_application.a(arm_rfft_q31.o)
                0x00002a90                arm_split_rifft_q31
 .text.arm_rfft_q31
                0x00002c4c       0x70 .\source\bsw\fft_application\libfft_application.a(arm_rfft_q31.o)
                0x00002c4c                arm_rfft_q31
 .text.arm_rfft_init_q31
                0x00002cbc       0xf0 .\source\bsw\fft_application\libfft_application.a(arm_rfft_init_q31.o)
                0x00002cbc                arm_rfft_init_q31
 .text.arm_cfft_radix4by2_q31
                0x00002dac      0x18c .\source\bsw\fft_application\libfft_application.a(arm_cfft_q31.o)
                0x00002dac                arm_cfft_radix4by2_q31
 .text.arm_cfft_radix4by2_inverse_q31
                0x00002f38      0x18c .\source\bsw\fft_application\libfft_application.a(arm_cfft_q31.o)
                0x00002f38                arm_cfft_radix4by2_inverse_q31
 .text.arm_cfft_q31
                0x000030c4       0xbc .\source\bsw\fft_application\libfft_application.a(arm_cfft_q31.o)
                0x000030c4                arm_cfft_q31
 .text.arm_radix4_butterfly_q31
                0x00003180      0x570 .\source\bsw\fft_application\libfft_application.a(arm_cfft_radix4_q31.o)
                0x00003180                arm_radix4_butterfly_q31
 .text.arm_radix4_butterfly_inverse_q31
                0x000036f0      0x570 .\source\bsw\fft_application\libfft_application.a(arm_cfft_radix4_q31.o)
                0x000036f0                arm_radix4_butterfly_inverse_q31
 .text          0x00003c60       0xc0 .\source\bsw\fft_application\libfft_application.a(arm_bitreversal2.o)
                0x00003c60                arm_bitreversal_32
                0x00003cca                arm_bitreversal_16
 .text.__errno  0x00003d20        0xc c:/program files (x86)/cypress/psoc creator/4.4/psoc creator/import/gnu/arm/5.4.1/bin/../lib/gcc/arm-none-eabi/5.4.1/../../../../arm-none-eabi/lib/armv7-m\libg_nano.a(lib_a-errno.o)
                0x00003d20                __errno
 .text.__libc_init_array
                0x00003d2c       0x4c c:/program files (x86)/cypress/psoc creator/4.4/psoc creator/import/gnu/arm/5.4.1/bin/../lib/gcc/arm-none-eabi/5.4.1/../../../../arm-none-eabi/lib/armv7-m\libg_nano.a(lib_a-init.o)
                0x00003d2c                __libc_init_array
 .text.malloc   0x00003d78       0x10 c:/program files (x86)/cypress/psoc creator/4.4/psoc creator/import/gnu/arm/5.4.1/bin/../lib/gcc/arm-none-eabi/5.4.1/../../../../arm-none-eabi/lib/armv7-m\libg_nano.a(lib_a-malloc.o)
                0x00003d78                malloc
 .text.free     0x00003d88       0x10 c:/program files (x86)/cypress/psoc creator/4.4/psoc creator/import/gnu/arm/5.4.1/bin/../lib/gcc/arm-none-eabi/5.4.1/../../../../arm-none-eabi/lib/armv7-m\libg_nano.a(lib_a-malloc.o)
                0x00003d88                free
 .text.memcpy   0x00003d98       0x16 c:/program files (x86)/cypress/psoc creator/4.4/psoc creator/import/gnu/arm/5.4.1/bin/../lib/gcc/arm-none-eabi/5.4.1/../../../../arm-none-eabi/lib/armv7-m\libg_nano.a(lib_a-memcpy-stub.o)
                0x00003d98                memcpy
 .text.memset   0x00003dae       0x10 c:/program files (x86)/cypress/psoc creator/4.4/psoc creator/import/gnu/arm/5.4.1/bin/../lib/gcc/arm-none-eabi/5.4.1/../../../../arm-none-eabi/lib/armv7-m\libg_nano.a(lib_a-memset.o)
                0x00003dae                memset
 *fill*         0x00003dbe        0x2 
 .text._free_r  0x00003dc0       0x98 c:/program files (x86)/cypress/psoc creator/4.4/psoc creator/import/gnu/arm/5.4.1/bin/../lib/gcc/arm-none-eabi/5.4.1/../../../../arm-none-eabi/lib/armv7-m\libg_nano.a(lib_a-nano-freer.o)
                0x00003dc0                _free_r
 .text._malloc_r
                0x00003e58       0xbc c:/program files (x86)/cypress/psoc creator/4.4/psoc creator/import/gnu/arm/5.4.1/bin/../lib/gcc/arm-none-eabi/5.4.1/../../../../arm-none-eabi/lib/armv7-m\libg_nano.a(lib_a-nano-mallocr.o)
                0x00003e58                _malloc_r
 .text._sbrk_r  0x00003f14       0x20 c:/program files (x86)/cypress/psoc creator/4.4/psoc creator/import/gnu/arm/5.4.1/bin/../lib/gcc/arm-none-eabi/5.4.1/../../../../arm-none-eabi/lib/armv7-m\libg_nano.a(lib_a-sbrkr.o)
                0x00003f14                _sbrk_r
 .text.__malloc_lock
                0x00003f34        0x2 c:/program files (x86)/cypress/psoc creator/4.4/psoc creator/import/gnu/arm/5.4.1/bin/../lib/gcc/arm-none-eabi/5.4.1/../../../../arm-none-eabi/lib/armv7-m\libg_nano.a(lib_a-mlock.o)
                0x00003f34                __malloc_lock
 .text.__malloc_unlock
                0x00003f36        0x2 c:/program files (x86)/cypress/psoc creator/4.4/psoc creator/import/gnu/arm/5.4.1/bin/../lib/gcc/arm-none-eabi/5.4.1/../../../../arm-none-eabi/lib/armv7-m\libg_nano.a(lib_a-mlock.o)
                0x00003f36                __malloc_unlock
 *(.plt)
 *(.gnu.warning)
 *(.glue_7t)
 .glue_7t       0x00003f38        0x0 linker stubs
 *(.glue_7)
 .glue_7        0x00003f38        0x0 linker stubs
 *(.vfp11_veneer)
 .vfp11_veneer  0x00003f38        0x0 linker stubs
 *(.bootloader)
 *(.ARM.extab* .gnu.linkonce.armextab.*)
 *(.gcc_except_table)

.v4_bx          0x00003f38        0x0
 .v4_bx         0x00003f38        0x0 linker stubs

.iplt           0x00003f38        0x0
 .iplt          0x00003f38        0x0 c:/program files (x86)/cypress/psoc creator/4.4/psoc creator/import/gnu/arm/5.4.1/bin/../lib/gcc/arm-none-eabi/5.4.1/armv7-m/crtbegin.o

.eh_frame_hdr
 *(.eh_frame_hdr)

.eh_frame       0x00003f38        0x4
 *(.eh_frame)
 .eh_frame      0x00003f38        0x0 c:/program files (x86)/cypress/psoc creator/4.4/psoc creator/import/gnu/arm/5.4.1/bin/../lib/gcc/arm-none-eabi/5.4.1/armv7-m/crtbegin.o
 .eh_frame      0x00003f38        0x4 c:/program files (x86)/cypress/psoc creator/4.4/psoc creator/import/gnu/arm/5.4.1/bin/../lib/gcc/arm-none-eabi/5.4.1/armv7-m/crtend.o
                [!provide]                PROVIDE (__exidx_start, .)

.ARM.exidx
 *(.ARM.exidx* .gnu.linkonce.armexidx.*)
                0x00003f3c                __exidx_end = .

.rodata         0x00003f3c    0x20534
 *(.rodata .rodata.* .gnu.linkonce.r.*)
 .rodata        0x00003f3c       0x3c .\CortexM3\ARM_GCC_541\Debug\cyfitter_cfg.o
                0x00003f3c                ADC_DelSig_AMux__addrTable
                0x00003f44                ADC_DelSig_AMux__maskTable
 .rodata        0x00003f78      0x100 .\CortexM3\ARM_GCC_541\Debug\RADAR_Movement_Detector.a(ErikaOS_ee_lookup.o)
                0x00003f78                EE_rq_lookup
 .rodata        0x00004078       0xb4 .\CortexM3\ARM_GCC_541\Debug\RADAR_Movement_Detector.a(ErikaOS_eecfg.o)
                0x00004078                EE_oo_autostart_task_data
                0x00004084                EE_oo_action_ROM
                0x00004098                EE_oo_counter_object_ROM
                0x000040a4                EE_ALARM_ID
                0x000040a8                EE_alarm_ROM
                0x000040ac                EE_counter_ROM
                0x000040b8                EE_th_is_extended
                0x000040c4                EE_th_rnact_max
                0x000040d0                EE_th_dispatch_prio
                0x000040dc                EE_EVENT_ID
                0x000040f8                EE_th_ready_prio
                0x00004104                EE_terminate_real_th_body
                0x00004110                EE_hal_thread_body
                0x0000411c                EE_std_thread_tos
 .rodata.str1.4
                0x0000412c       0x98 .\CortexM3\ARM_GCC_541\Debug\RADAR_Movement_Detector.a(ErikaOS_eecfg.o)
 .rodata        0x000041c4      0x44c .\CortexM3\ARM_GCC_541\Debug\RADAR_Movement_Detector.a(WaveDAC8.o)
                0x000041c4                WaveDAC8_wave1
                0x000045ac                WaveDAC8_wave2
 .rodata.realCoefAQ31
                0x00004610     0x8000 .\source\bsw\fft_application\libfft_application.a(arm_rfft_init_q31.o)
                0x00004610                realCoefAQ31
 .rodata.realCoefBQ31
                0x0000c610     0x8000 .\source\bsw\fft_application\libfft_application.a(arm_rfft_init_q31.o)
                0x0000c610                realCoefBQ31
 .rodata.arm_cfft_sR_q31_len32
                0x00014610       0x10 .\source\bsw\fft_application\libfft_application.a(arm_const_structs.o)
                0x00014610                arm_cfft_sR_q31_len32
 .rodata.arm_cfft_sR_q31_len512
                0x00014620       0x10 .\source\bsw\fft_application\libfft_application.a(arm_const_structs.o)
                0x00014620                arm_cfft_sR_q31_len512
 .rodata.arm_cfft_sR_q31_len16
                0x00014630       0x10 .\source\bsw\fft_application\libfft_application.a(arm_const_structs.o)
                0x00014630                arm_cfft_sR_q31_len16
 .rodata.arm_cfft_sR_q31_len256
                0x00014640       0x10 .\source\bsw\fft_application\libfft_application.a(arm_const_structs.o)
                0x00014640                arm_cfft_sR_q31_len256
 .rodata.arm_cfft_sR_q31_len1024
                0x00014650       0x10 .\source\bsw\fft_application\libfft_application.a(arm_const_structs.o)
                0x00014650                arm_cfft_sR_q31_len1024
 .rodata.arm_cfft_sR_q31_len64
                0x00014660       0x10 .\source\bsw\fft_application\libfft_application.a(arm_const_structs.o)
                0x00014660                arm_cfft_sR_q31_len64
 .rodata.arm_cfft_sR_q31_len128
                0x00014670       0x10 .\source\bsw\fft_application\libfft_application.a(arm_const_structs.o)
                0x00014670                arm_cfft_sR_q31_len128
 .rodata.arm_cfft_sR_q31_len2048
                0x00014680       0x10 .\source\bsw\fft_application\libfft_application.a(arm_const_structs.o)
                0x00014680                arm_cfft_sR_q31_len2048
 .rodata.arm_cfft_sR_q31_len4096
                0x00014690       0x10 .\source\bsw\fft_application\libfft_application.a(arm_const_structs.o)
                0x00014690                arm_cfft_sR_q31_len4096
 .rodata.armBitRevIndexTable_fixed_128
                0x000146a0       0xe0 .\source\bsw\fft_application\libfft_application.a(arm_common_tables.o)
                0x000146a0                armBitRevIndexTable_fixed_128
 .rodata.armBitRevIndexTable_fixed_2048
                0x00014780      0xf80 .\source\bsw\fft_application\libfft_application.a(arm_common_tables.o)
                0x00014780                armBitRevIndexTable_fixed_2048
 .rodata.twiddleCoef_32_q31
                0x00015700       0xc0 .\source\bsw\fft_application\libfft_application.a(arm_common_tables.o)
                0x00015700                twiddleCoef_32_q31
 .rodata.armBitRevIndexTable_fixed_4096
                0x000157c0     0x1f80 .\source\bsw\fft_application\libfft_application.a(arm_common_tables.o)
                0x000157c0                armBitRevIndexTable_fixed_4096
 .rodata.armBitRevIndexTable_fixed_1024
                0x00017740      0x7c0 .\source\bsw\fft_application\libfft_application.a(arm_common_tables.o)
                0x00017740                armBitRevIndexTable_fixed_1024
 .rodata.twiddleCoef_1024_q31
                0x00017f00     0x1800 .\source\bsw\fft_application\libfft_application.a(arm_common_tables.o)
                0x00017f00                twiddleCoef_1024_q31
 .rodata.twiddleCoef_4096_q31
                0x00019700     0x6000 .\source\bsw\fft_application\libfft_application.a(arm_common_tables.o)
                0x00019700                twiddleCoef_4096_q31
 .rodata.twiddleCoef_16_q31
                0x0001f700       0x60 .\source\bsw\fft_application\libfft_application.a(arm_common_tables.o)
                0x0001f700                twiddleCoef_16_q31
 .rodata.twiddleCoef_64_q31
                0x0001f760      0x180 .\source\bsw\fft_application\libfft_application.a(arm_common_tables.o)
                0x0001f760                twiddleCoef_64_q31
 .rodata.twiddleCoef_2048_q31
                0x0001f8e0     0x3000 .\source\bsw\fft_application\libfft_application.a(arm_common_tables.o)
                0x0001f8e0                twiddleCoef_2048_q31
 .rodata.twiddleCoef_256_q31
                0x000228e0      0x600 .\source\bsw\fft_application\libfft_application.a(arm_common_tables.o)
                0x000228e0                twiddleCoef_256_q31
 .rodata.twiddleCoef_512_q31
                0x00022ee0      0xc00 .\source\bsw\fft_application\libfft_application.a(arm_common_tables.o)
                0x00022ee0                twiddleCoef_512_q31
 .rodata.armBitRevIndexTable_fixed_512
                0x00023ae0      0x3c0 .\source\bsw\fft_application\libfft_application.a(arm_common_tables.o)
                0x00023ae0                armBitRevIndexTable_fixed_512
 .rodata.armBitRevIndexTable_fixed_16
                0x00023ea0       0x18 .\source\bsw\fft_application\libfft_application.a(arm_common_tables.o)
                0x00023ea0                armBitRevIndexTable_fixed_16
 .rodata.armBitRevIndexTable_fixed_32
                0x00023eb8       0x30 .\source\bsw\fft_application\libfft_application.a(arm_common_tables.o)
                0x00023eb8                armBitRevIndexTable_fixed_32
 .rodata.armBitRevIndexTable_fixed_256
                0x00023ee8      0x1e0 .\source\bsw\fft_application\libfft_application.a(arm_common_tables.o)
                0x00023ee8                armBitRevIndexTable_fixed_256
 .rodata.armBitRevIndexTable_fixed_64
                0x000240c8       0x70 .\source\bsw\fft_application\libfft_application.a(arm_common_tables.o)
                0x000240c8                armBitRevIndexTable_fixed_64
 .rodata.twiddleCoef_128_q31
                0x00024138      0x300 .\source\bsw\fft_application\libfft_application.a(arm_common_tables.o)
                0x00024138                twiddleCoef_128_q31
 .rodata.str1.1
                0x00024438        0x2 c:/program files (x86)/cypress/psoc creator/4.4/psoc creator/import/gnu/arm/5.4.1/bin/../lib/gcc/arm-none-eabi/5.4.1/../../../../arm-none-eabi/lib/armv7-m\libg_nano.a(lib_a-impure.o)
                0x0002443c                . = ALIGN (0x4)
 *fill*         0x0002443a        0x2 
 *(.init)
 .init          0x0002443c        0x4 c:/program files (x86)/cypress/psoc creator/4.4/psoc creator/import/gnu/arm/5.4.1/bin/../lib/gcc/arm-none-eabi/5.4.1/armv7-m/crti.o
                0x0002443c                _init
 .init          0x00024440        0x8 c:/program files (x86)/cypress/psoc creator/4.4/psoc creator/import/gnu/arm/5.4.1/bin/../lib/gcc/arm-none-eabi/5.4.1/armv7-m/crtn.o
                0x00024448                . = ALIGN (0x4)
                0x00024448                __preinit_array_start = .
 *(.preinit_array)
                0x00024448                __preinit_array_end = .
                0x00024448                . = ALIGN (0x4)
                0x00024448                __init_array_start = .
 *(SORT(.init_array.*))
 *(.init_array)
 .init_array    0x00024448        0x4 c:/program files (x86)/cypress/psoc creator/4.4/psoc creator/import/gnu/arm/5.4.1/bin/../lib/gcc/arm-none-eabi/5.4.1/armv7-m/crtbegin.o
 .init_array    0x0002444c        0x4 .\CortexM3\ARM_GCC_541\Debug\Cm3Start.o
                0x00024450                __init_array_end = .
                0x00024450                . = ALIGN (0x4)
 *(.fini)
 .fini          0x00024450        0x4 c:/program files (x86)/cypress/psoc creator/4.4/psoc creator/import/gnu/arm/5.4.1/bin/../lib/gcc/arm-none-eabi/5.4.1/armv7-m/crti.o
                0x00024450                _fini
 .fini          0x00024454        0x8 c:/program files (x86)/cypress/psoc creator/4.4/psoc creator/import/gnu/arm/5.4.1/bin/../lib/gcc/arm-none-eabi/5.4.1/armv7-m/crtn.o
                0x0002445c                . = ALIGN (0x4)
                0x0002445c                __fini_array_start = .
 *(.fini_array)
 .fini_array    0x0002445c        0x4 c:/program files (x86)/cypress/psoc creator/4.4/psoc creator/import/gnu/arm/5.4.1/bin/../lib/gcc/arm-none-eabi/5.4.1/armv7-m/crtbegin.o
 *(SORT(.fini_array.*))
                0x00024460                __fini_array_end = .
                0x00024460                . = ALIGN (0x4)
 *crtbegin.o(.ctors)
 *(EXCLUDE_FILE(*crtend.o) .ctors)
 *(SORT(.ctors.*))
 *crtend.o(.ctors)
                0x00024460                . = ALIGN (0x4)
 *crtbegin.o(.dtors)
 *(EXCLUDE_FILE(*crtend.o) .dtors)
 *(SORT(.dtors.*))
 *crtend.o(.dtors)
                0x00024460                . = ALIGN (0x4)
                0x00024460                __cy_regions = .
                0x00024460        0x4 LONG 0x24470 __cy_region_init_ram
                0x00024464        0x4 LONG 0x1fff80c8 __cy_region_start_data
                0x00024468        0x4 LONG 0x1a0 __cy_region_init_size_ram
                0x0002446c        0x4 LONG 0x50a8 __cy_region_zero_size_ram
                0x00024470                __cy_regions_end = .
                0x00024470                . = ALIGN (0x8)
                0x00024470                _etext = .

.cy_checksum_exclude
                0x00024470        0x0
 *(.cy_checksum_exclude)

.ramvectors     0x1fff8000       0xc0
                0x1fff8000                __cy_region_start_ram = .
 *(.ramvectors)
 .ramvectors    0x1fff8000       0xc0 .\CortexM3\ARM_GCC_541\Debug\Cm3Start.o
                0x1fff8000                CyRamVectors

.noinit         0x1fff80c0        0x1
 *(.noinit)
 .noinit        0x1fff80c0        0x1 .\CortexM3\ARM_GCC_541\Debug\RADAR_Movement_Detector.a(CyLib.o)
                0x1fff80c0                CyResetStatus

.data           0x1fff80c8      0x1a0 load address 0x00024470
                0x1fff80c8                __cy_region_start_data = .
 *(.jcr)
 .jcr           0x1fff80c8        0x0 c:/program files (x86)/cypress/psoc creator/4.4/psoc creator/import/gnu/arm/5.4.1/bin/../lib/gcc/arm-none-eabi/5.4.1/armv7-m/crtbegin.o
 .jcr           0x1fff80c8        0x4 c:/program files (x86)/cypress/psoc creator/4.4/psoc creator/import/gnu/arm/5.4.1/bin/../lib/gcc/arm-none-eabi/5.4.1/armv7-m/crtend.o
 *(.got.plt)
 *(.got)
 *(.shdata)
 *(.data .data.* .gnu.linkonce.d.*)
 .data          0x1fff80cc        0x4 .\CortexM3\ARM_GCC_541\Debug\Cm3Start.o
 .data          0x1fff80d0        0x8 .\CortexM3\ARM_GCC_541\Debug\RADAR_Movement_Detector.a(CyDmac.o)
 .data          0x1fff80d8       0x10 .\CortexM3\ARM_GCC_541\Debug\RADAR_Movement_Detector.a(CyLib.o)
                0x1fff80d8                cydelay_32k_ms
                0x1fff80dc                cydelay_freq_khz
                0x1fff80e0                cydelay_freq_mhz
                0x1fff80e4                cydelay_freq_hz
 .data          0x1fff80e8      0x110 .\CortexM3\ARM_GCC_541\Debug\RADAR_Movement_Detector.a(ErikaOS_eecfg.o)
                0x1fff80e8                EE_ALARM_NAME
                0x1fff80ec                EE_counter_RAM
                0x1fff80f4                EE_th_terminate_nextask
                0x1fff8100                EE_rq_pairs_next
                0x1fff810c                EE_rq_link
                0x1fff8118                EE_th_rnact
                0x1fff8124                EE_rq_queues_tail
                0x1fff8164                EE_rq_queues_head
                0x1fff81a4                EE_stkfirst
                0x1fff81a8                EE_th_next
                0x1fff81b4                EE_th_status
                0x1fff81c0                EE_EVENT_NAME
                0x1fff81dc                EE_TASK_NAME
                0x1fff81e8                EE_cortex_mx_IRQ_tos
                0x1fff81ec                EE_cortex_mx_system_tos
 .data          0x1fff81f8        0x1 .\CortexM3\ARM_GCC_541\Debug\RADAR_Movement_Detector.a(WaveDAC8_Wave1_DMA_dma.o)
                0x1fff81f8                WaveDAC8_Wave1_DMA_DmaHandle
 .data          0x1fff81f9        0x1 .\CortexM3\ARM_GCC_541\Debug\RADAR_Movement_Detector.a(WaveDAC8_Wave2_DMA_dma.o)
                0x1fff81f9                WaveDAC8_Wave2_DMA_DmaHandle
 .data          0x1fff81fa        0x1 .\CortexM3\ARM_GCC_541\Debug\RADAR_Movement_Detector.a(ADC_DelSig.o)
                0x1fff81fa                ADC_DelSig_Config
 .data          0x1fff81fb        0x1 .\CortexM3\ARM_GCC_541\Debug\RADAR_Movement_Detector.a(ADC_DelSig_AMux.o)
 .data          0x1fff81fc        0x1 .\CortexM3\ARM_GCC_541\Debug\RADAR_Movement_Detector.a(DMA_ADC_MEM_dma.o)
                0x1fff81fc                DMA_ADC_MEM_DmaHandle
 .data          0x1fff81fd        0x1 .\CortexM3\ARM_GCC_541\Debug\RADAR_Movement_Detector.a(DMA_MEM_UART_dma.o)
                0x1fff81fd                DMA_MEM_UART_DmaHandle
 .data          0x1fff81fe        0x1 .\CortexM3\ARM_GCC_541\Debug\RADAR_Movement_Detector.a(DMA_FFT_UART_dma.o)
                0x1fff81fe                DMA_FFT_UART_DmaHandle
 .data          0x1fff81ff        0x4 .\CortexM3\ARM_GCC_541\Debug\RADAR_Movement_Detector.a(ErikaOS_ee_gnu_irq_stack.o)
 *fill*         0x1fff8203        0x1 
 .data.impure_data
                0x1fff8204       0x60 c:/program files (x86)/cypress/psoc creator/4.4/psoc creator/import/gnu/arm/5.4.1/bin/../lib/gcc/arm-none-eabi/5.4.1/../../../../arm-none-eabi/lib/armv7-m\libg_nano.a(lib_a-impure.o)
 .data._impure_ptr
                0x1fff8264        0x4 c:/program files (x86)/cypress/psoc creator/4.4/psoc creator/import/gnu/arm/5.4.1/bin/../lib/gcc/arm-none-eabi/5.4.1/../../../../arm-none-eabi/lib/armv7-m\libg_nano.a(lib_a-impure.o)
                0x1fff8264                _impure_ptr
                0x1fff8268                . = ALIGN (0x8)
 *(.ram)
                0x1fff8268                _edata = .

.igot.plt       0x1fff8268        0x0 load address 0x00024610
 .igot.plt      0x1fff8268        0x0 c:/program files (x86)/cypress/psoc creator/4.4/psoc creator/import/gnu/arm/5.4.1/bin/../lib/gcc/arm-none-eabi/5.4.1/armv7-m/crtbegin.o

.bss            0x1fff8268     0x50a8 load address 0x00024610
                0x1fff8268                PROVIDE (__bss_start__, .)
 *(.shbss)
 *(.bss .bss.* .gnu.linkonce.b.*)
 .bss           0x1fff8268       0x1c c:/program files (x86)/cypress/psoc creator/4.4/psoc creator/import/gnu/arm/5.4.1/bin/../lib/gcc/arm-none-eabi/5.4.1/armv7-m/crtbegin.o
 .bss           0x1fff8284        0x3 .\CortexM3\ARM_GCC_541\Debug\led.o
 *fill*         0x1fff8287        0x1 
 .bss           0x1fff8288       0x34 .\CortexM3\ARM_GCC_541\Debug\RADAR_Movement_Detector.a(ErikaOS_eecfg.o)
                0x1fff8288                EE_th_waswaiting
                0x1fff8294                EE_th_event_waitmask
                0x1fff82a0                EE_th_event_active
                0x1fff82ac                EE_rq_free
                0x1fff82b0                EE_rq_bitmask
                0x1fff82b4                EE_sys_ceiling
                0x1fff82b8                EE_cortex_mx_active_tos
 .bss           0x1fff82bc        0x2 .\CortexM3\ARM_GCC_541\Debug\RADAR_Movement_Detector.a(UART_LOG.o)
                0x1fff82bc                UART_LOG_initVar
 .bss           0x1fff82be        0x5 .\CortexM3\ARM_GCC_541\Debug\RADAR_Movement_Detector.a(WaveDAC8.o)
                0x1fff82c2                WaveDAC8_initVar
 *fill*         0x1fff82c3        0x1 
 .bss           0x1fff82c4        0xc .\CortexM3\ARM_GCC_541\Debug\RADAR_Movement_Detector.a(ADC_DelSig.o)
                0x1fff82c8                ADC_DelSig_stopConversion
                0x1fff82c9                ADC_DelSig_convDone
                0x1fff82ca                ADC_DelSig_initVar
                0x1fff82cb                ADC_DelSig_started
                0x1fff82cc                ADC_DelSig_Offset
 .bss.__malloc_sbrk_start
                0x1fff82d0        0x4 c:/program files (x86)/cypress/psoc creator/4.4/psoc creator/import/gnu/arm/5.4.1/bin/../lib/gcc/arm-none-eabi/5.4.1/../../../../arm-none-eabi/lib/armv7-m\libg_nano.a(lib_a-nano-mallocr.o)
                0x1fff82d0                __malloc_sbrk_start
 .bss.__malloc_free_list
                0x1fff82d4        0x4 c:/program files (x86)/cypress/psoc creator/4.4/psoc creator/import/gnu/arm/5.4.1/bin/../lib/gcc/arm-none-eabi/5.4.1/../../../../arm-none-eabi/lib/armv7-m\libg_nano.a(lib_a-nano-mallocr.o)
                0x1fff82d4                __malloc_free_list
 *(COMMON)
 COMMON         0x1fff82d8        0x5 .\CortexM3\ARM_GCC_541\Debug\main.o
                0x1fff82d8                movementDetector
 *fill*         0x1fff82dd        0x3 
 COMMON         0x1fff82e0        0xc .\CortexM3\ARM_GCC_541\Debug\detector.o
                0x1fff82e0                DMA_ADC_MEM_TD
                0x1fff82e4                DMA_MEM_UART_TD
                0x1fff82e5                DMA_MEM_UART_Chan
                0x1fff82e6                DMA_ADC_MEM_Chan
                0x1fff82e8                DMA_FFT_UART_TD
                0x1fff82eb                DMA_FFT_UART_Chan
 COMMON         0x1fff82ec     0x4800 .\CortexM3\ARM_GCC_541\Debug\dma.o
                0x1fff82ec                fftBuffer
                0x1fffa2ec                ADCBuffer
                0x1fffaaec                fftBuffer_uint8
 COMMON         0x1fffcaec        0x8 .\CortexM3\ARM_GCC_541\Debug\RADAR_Movement_Detector.a(ErikaOS_ee_lookup.o)
                0x1fffcaec                EE_oo_IRQ_disable_count
                0x1fffcaf0                EE_oo_IRQ_suspend_status
 COMMON         0x1fffcaf4        0x4 .\CortexM3\ARM_GCC_541\Debug\RADAR_Movement_Detector.a(ErikaOS_ee_startos.o)
                0x1fffcaf4                EE_oo_started
 COMMON         0x1fffcaf8        0x8 .\CortexM3\ARM_GCC_541\Debug\RADAR_Movement_Detector.a(ErikaOS_common_ee_hal_structs.o)
                0x1fffcaf8                EE_IRQ_nesting_level
                0x1fffcafc                EE_std_endcycle_next_tid
 COMMON         0x1fffcb00      0x808 .\CortexM3\ARM_GCC_541\Debug\RADAR_Movement_Detector.a(ErikaOS_eecfg.o)
                0x1fffcb00                EE_cortex_mx_stack_3
                0x1fffcee8                EE_rq_pairs_tid
                0x1fffcef4                EE_terminate_data
                0x1fffcf00                EE_oo_counter_object_RAM
                0x1fffcf10                EE_cortex_mx_stack_2
                0x1fffd104                EE_ApplicationMode
                0x1fffd108                EE_cortex_mx_stack_9
 COMMON         0x1fffd308        0x4 .\CortexM3\ARM_GCC_541\Debug\RADAR_Movement_Detector.a(ADC_DelSig.o)
                0x1fffd308                ADC_DelSig_CountsPerVolt
 COMMON         0x1fffd30c        0x4 c:/program files (x86)/cypress/psoc creator/4.4/psoc creator/import/gnu/arm/5.4.1/bin/../lib/gcc/arm-none-eabi/5.4.1/../../../../arm-none-eabi/lib/armv7-m\libg_nano.a(lib_a-reent.o)
                0x1fffd30c                errno
                0x1fffd310                . = ALIGN (0x8)
 *(.ram.b)
                0x1fffd310                _end = .
                0x1fffd310                __end = .
                0x1fffd310                PROVIDE (end, .)
                0x1fffd310                PROVIDE (__bss_end__, .)
                0x00024470                __cy_region_init_ram = LOADADDR (.data)
                0x000001a0                __cy_region_init_size_ram = (_edata - ADDR (.data))
                0x000050a8                __cy_region_zero_size_ram = (_end - _edata)

.heap           0x1fffd310     0x2000 load address 0x00024610
                0x1fffd310                . = _end
                0x1ffff310                . = (. + 0x2000)
 *fill*         0x1fffd310     0x2000 
                0x1ffff310                __cy_heap_limit = .

.stack          0x20007800      0x800
                0x20007800                __cy_stack_limit = .
                0x20008000                . = (. + 0x800)
 *fill*         0x20007800      0x800 
                0x00000001                ASSERT ((__cy_stack_limit >= __cy_heap_limit), region RAM overflowed with stack)
                0x00000000                cy_checksum_exclude_size = (CY_APPL_LOADABLE == 0x1)?SIZEOF (.cy_checksum_exclude):0x0
                0x00000001                ASSERT ((cy_checksum_exclude_size <= CY_CHECKSUM_EXCLUDE_SIZE), CY_BOOT: Section .cy_checksum_exclude size exceedes specified limit.)

.cyloadermeta
 *(.cyloadermeta)

.cyloadablemeta
 *(.cyloadablemeta)

.cyconfigecc    0x80000000      0x4ac
 *(.cyconfigecc)
 .cyconfigecc   0x80000000      0x4ac .\CortexM3\ARM_GCC_541\Debug\cymetadata.o
                0x80000000                cy_meta_configecc

.cycustnvl      0x90000000        0x4
 *(.cycustnvl)
 .cycustnvl     0x90000000        0x4 .\CortexM3\ARM_GCC_541\Debug\cymetadata.o
                0x90000000                cy_meta_custnvl

.cywolatch      0x90100000        0x4
 *(.cywolatch)
 .cywolatch     0x90100000        0x4 .\CortexM3\ARM_GCC_541\Debug\cymetadata.o
                0x90100000                cy_meta_wonvl

.cyeeprom       0x90200000        0x0
 *(.cyeeprom)
                0x00000001                ASSERT ((. <= ((0x90200000 + ee_offset) + ee_size)), .cyeeprom data will not fit in EEPROM)

.cyflashprotect
                0x90400000      0x100
 *(.cyflashprotect)
 .cyflashprotect
                0x90400000      0x100 .\CortexM3\ARM_GCC_541\Debug\cymetadata.o
                0x90400000                cy_meta_flashprotect

.cymeta         0x90500000        0xc
 *(.cymeta)
 .cymeta        0x90500000        0xc .\CortexM3\ARM_GCC_541\Debug\cymetadata.o
                0x90500000                cy_metadata

.rel.dyn        0x00024610        0x0 load address 0x9050000c
 .rel.iplt      0x00024610        0x0 c:/program files (x86)/cypress/psoc creator/4.4/psoc creator/import/gnu/arm/5.4.1/bin/../lib/gcc/arm-none-eabi/5.4.1/armv7-m/crtbegin.o

.stab
 *(.stab)

.stabstr
 *(.stabstr)

.debug
 *(.debug)

.line
 *(.line)

.debug_srcinfo
 *(.debug_srcinfo)

.debug_sfnames
 *(.debug_sfnames)

.debug_aranges  0x00000000     0x1318
 *(.debug_aranges)
 .debug_aranges
                0x00000000       0xa0 .\CortexM3\ARM_GCC_541\Debug\main.o
 .debug_aranges
                0x000000a0       0x38 .\CortexM3\ARM_GCC_541\Debug\detector.o
 .debug_aranges
                0x000000d8       0x30 .\CortexM3\ARM_GCC_541\Debug\led.o
 .debug_aranges
                0x00000108       0x20 .\CortexM3\ARM_GCC_541\Debug\uart.o
 .debug_aranges
                0x00000128       0x28 .\CortexM3\ARM_GCC_541\Debug\dma.o
 .debug_aranges
                0x00000150       0x38 .\CortexM3\ARM_GCC_541\Debug\dac_adc.o
 .debug_aranges
                0x00000188       0x68 .\CortexM3\ARM_GCC_541\Debug\cyfitter_cfg.o
 .debug_aranges
                0x000001f0       0x18 .\CortexM3\ARM_GCC_541\Debug\cymetadata.o
 .debug_aranges
                0x00000208       0x48 .\CortexM3\ARM_GCC_541\Debug\Cm3Start.o
 .debug_aranges
                0x00000250       0xd8 .\CortexM3\ARM_GCC_541\Debug\RADAR_Movement_Detector.a(CyDmac.o)
 .debug_aranges
                0x00000328      0x2a0 .\CortexM3\ARM_GCC_541\Debug\RADAR_Movement_Detector.a(CyLib.o)
 .debug_aranges
                0x000005c8       0x98 .\CortexM3\ARM_GCC_541\Debug\RADAR_Movement_Detector.a(cyPm.o)
 .debug_aranges
                0x00000660       0x20 .\CortexM3\ARM_GCC_541\Debug\RADAR_Movement_Detector.a(ErikaOS_ee_activate.o)
 .debug_aranges
                0x00000680       0x58 .\CortexM3\ARM_GCC_541\Debug\RADAR_Movement_Detector.a(ErikaOS_ee_altick.o)
 .debug_aranges
                0x000006d8       0x20 .\CortexM3\ARM_GCC_541\Debug\RADAR_Movement_Detector.a(ErikaOS_ee_evclear.o)
 .debug_aranges
                0x000006f8       0x20 .\CortexM3\ARM_GCC_541\Debug\RADAR_Movement_Detector.a(ErikaOS_ee_evget.o)
 .debug_aranges
                0x00000718       0x20 .\CortexM3\ARM_GCC_541\Debug\RADAR_Movement_Detector.a(ErikaOS_ee_evset.o)
 .debug_aranges
                0x00000738       0x20 .\CortexM3\ARM_GCC_541\Debug\RADAR_Movement_Detector.a(ErikaOS_ee_evwait.o)
 .debug_aranges
                0x00000758       0x30 .\CortexM3\ARM_GCC_541\Debug\RADAR_Movement_Detector.a(ErikaOS_ee_irqendin.o)
 .debug_aranges
                0x00000788       0x18 .\CortexM3\ARM_GCC_541\Debug\RADAR_Movement_Detector.a(ErikaOS_ee_lookup.o)
 .debug_aranges
                0x000007a0       0x20 .\CortexM3\ARM_GCC_541\Debug\RADAR_Movement_Detector.a(ErikaOS_ee_rq_exchg.o)
 .debug_aranges
                0x000007c0       0x20 .\CortexM3\ARM_GCC_541\Debug\RADAR_Movement_Detector.a(ErikaOS_ee_rq_first.o)
 .debug_aranges
                0x000007e0       0x20 .\CortexM3\ARM_GCC_541\Debug\RADAR_Movement_Detector.a(ErikaOS_ee_rq_inser.o)
 .debug_aranges
                0x00000800       0x40 .\CortexM3\ARM_GCC_541\Debug\RADAR_Movement_Detector.a(ErikaOS_ee_startos.o)
 .debug_aranges
                0x00000840       0x20 .\CortexM3\ARM_GCC_541\Debug\RADAR_Movement_Detector.a(ErikaOS_ee_terminat.o)
 .debug_aranges
                0x00000860       0x20 .\CortexM3\ARM_GCC_541\Debug\RADAR_Movement_Detector.a(ErikaOS_cortex_mx_ee_utils.o)
 .debug_aranges
                0x00000880       0x18 .\CortexM3\ARM_GCC_541\Debug\RADAR_Movement_Detector.a(ErikaOS_common_ee_hal_structs.o)
 .debug_aranges
                0x00000898       0x18 .\CortexM3\ARM_GCC_541\Debug\RADAR_Movement_Detector.a(ErikaOS_eecfg.o)
 .debug_aranges
                0x000008b0       0x38 .\CortexM3\ARM_GCC_541\Debug\RADAR_Movement_Detector.a(LED_green.o)
 .debug_aranges
                0x000008e8       0x38 .\CortexM3\ARM_GCC_541\Debug\RADAR_Movement_Detector.a(LED_orange.o)
 .debug_aranges
                0x00000920       0x38 .\CortexM3\ARM_GCC_541\Debug\RADAR_Movement_Detector.a(LED_red.o)
 .debug_aranges
                0x00000958       0xf0 .\CortexM3\ARM_GCC_541\Debug\RADAR_Movement_Detector.a(UART_LOG.o)
 .debug_aranges
                0x00000a48       0x70 .\CortexM3\ARM_GCC_541\Debug\RADAR_Movement_Detector.a(UART_LOG_IntClock.o)
 .debug_aranges
                0x00000ab8       0x50 .\CortexM3\ARM_GCC_541\Debug\RADAR_Movement_Detector.a(WaveDAC8.o)
 .debug_aranges
                0x00000b08       0x70 .\CortexM3\ARM_GCC_541\Debug\RADAR_Movement_Detector.a(WaveDAC8_DacClk.o)
 .debug_aranges
                0x00000b78       0x28 .\CortexM3\ARM_GCC_541\Debug\RADAR_Movement_Detector.a(WaveDAC8_Wave1_DMA_dma.o)
 .debug_aranges
                0x00000ba0       0x28 .\CortexM3\ARM_GCC_541\Debug\RADAR_Movement_Detector.a(WaveDAC8_Wave2_DMA_dma.o)
 .debug_aranges
                0x00000bc8       0x58 .\CortexM3\ARM_GCC_541\Debug\RADAR_Movement_Detector.a(WaveDAC8_VDAC8.o)
 .debug_aranges
                0x00000c20       0xe8 .\CortexM3\ARM_GCC_541\Debug\RADAR_Movement_Detector.a(ADC_DelSig.o)
 .debug_aranges
                0x00000d08       0x38 .\CortexM3\ARM_GCC_541\Debug\RADAR_Movement_Detector.a(ADC_DelSig_INT.o)
 .debug_aranges
                0x00000d40       0x30 .\CortexM3\ARM_GCC_541\Debug\RADAR_Movement_Detector.a(ADC_DelSig_AMux.o)
 .debug_aranges
                0x00000d70       0x70 .\CortexM3\ARM_GCC_541\Debug\RADAR_Movement_Detector.a(ADC_DelSig_Ext_CP_Clk.o)
 .debug_aranges
                0x00000de0       0x80 .\CortexM3\ARM_GCC_541\Debug\RADAR_Movement_Detector.a(ADC_DelSig_theACLK.o)
 .debug_aranges
                0x00000e60       0x28 .\CortexM3\ARM_GCC_541\Debug\RADAR_Movement_Detector.a(DMA_ADC_MEM_dma.o)
 .debug_aranges
                0x00000e88       0x28 .\CortexM3\ARM_GCC_541\Debug\RADAR_Movement_Detector.a(DMA_MEM_UART_dma.o)
 .debug_aranges
                0x00000eb0       0x70 .\CortexM3\ARM_GCC_541\Debug\RADAR_Movement_Detector.a(Clock_DMA_MEM_UART.o)
 .debug_aranges
                0x00000f20       0x28 .\CortexM3\ARM_GCC_541\Debug\RADAR_Movement_Detector.a(DMA_FFT_UART_dma.o)
 .debug_aranges
                0x00000f48       0x70 .\CortexM3\ARM_GCC_541\Debug\RADAR_Movement_Detector.a(Clock_DMA_FFT_UART.o)
 .debug_aranges
                0x00000fb8       0x20 .\CortexM3\ARM_GCC_541\Debug\RADAR_Movement_Detector.a(CyBootAsmGnu.o)
 .debug_aranges
                0x00000fd8       0x20 .\CortexM3\ARM_GCC_541\Debug\RADAR_Movement_Detector.a(ErikaOS_ee_gnu_change_context_isr.o)
 .debug_aranges
                0x00000ff8       0x20 .\CortexM3\ARM_GCC_541\Debug\RADAR_Movement_Detector.a(ErikaOS_ee_gnu_irq_stack.o)
 .debug_aranges
                0x00001018       0x20 .\CortexM3\ARM_GCC_541\Debug\RADAR_Movement_Detector.a(ErikaOS_ee_gnu_multi_context.o)
 .debug_aranges
                0x00001038       0x20 .\CortexM3\ARM_GCC_541\Debug\RADAR_Movement_Detector.a(ErikaOS_ee_gnu_oo.o)
 .debug_aranges
                0x00001058       0x88 .\CortexM3\ARM_GCC_541\Debug\RADAR_Movement_Detector.a(CyFlash.o)
 .debug_aranges
                0x000010e0       0x80 .\CortexM3\ARM_GCC_541\Debug\RADAR_Movement_Detector.a(CySpc.o)
 .debug_aranges
                0x00001160       0x20 .\CortexM3\ARM_GCC_541\Debug\RADAR_Movement_Detector.a(ErikaOS_ee_tnterm.o)
 .debug_aranges
                0x00001180       0x20 .\CortexM3\ARM_GCC_541\Debug\RADAR_Movement_Detector.a(ErikaOS_ee_tstub.o)
 .debug_aranges
                0x000011a0       0x28 .\CortexM3\ARM_GCC_541\Debug\RADAR_Movement_Detector.a(ErikaOS_cortex_mx_ee_context.o)
 .debug_aranges
                0x000011c8       0x30 .\CortexM3\ARM_GCC_541\Debug\RADAR_Movement_Detector.a(ErikaOS_ee_thendin.o)
 .debug_aranges
                0x000011f8       0x20 .\source\bsw\fft_application\libfft_application.a(fft_application.o)
 .debug_aranges
                0x00001218       0x30 .\source\bsw\fft_application\libfft_application.a(arm_rfft_q31.o)
 .debug_aranges
                0x00001248       0x20 .\source\bsw\fft_application\libfft_application.a(arm_rfft_init_q31.o)
 .debug_aranges
                0x00001268       0x30 .\source\bsw\fft_application\libfft_application.a(arm_cfft_q31.o)
 .debug_aranges
                0x00001298       0x30 .\source\bsw\fft_application\libfft_application.a(arm_cfft_radix4_q31.o)
 .debug_aranges
                0x000012c8       0x18 .\source\bsw\fft_application\libfft_application.a(arm_const_structs.o)
 .debug_aranges
                0x000012e0       0x20 .\source\bsw\fft_application\libfft_application.a(arm_bitreversal2.o)
 .debug_aranges
                0x00001300       0x18 .\source\bsw\fft_application\libfft_application.a(arm_common_tables.o)

.debug_pubnames
 *(.debug_pubnames)

.debug_info     0x00000000    0x15ed0
 *(.debug_info .gnu.linkonce.wi.*)
 .debug_info    0x00000000      0xe06 .\CortexM3\ARM_GCC_541\Debug\main.o
 .debug_info    0x00000e06      0x7d6 .\CortexM3\ARM_GCC_541\Debug\detector.o
 .debug_info    0x000015dc      0x45b .\CortexM3\ARM_GCC_541\Debug\led.o
 .debug_info    0x00001a37      0x2b3 .\CortexM3\ARM_GCC_541\Debug\uart.o
 .debug_info    0x00001cea      0x68b .\CortexM3\ARM_GCC_541\Debug\dma.o
 .debug_info    0x00002375      0x30d .\CortexM3\ARM_GCC_541\Debug\dac_adc.o
 .debug_info    0x00002682      0x63a .\CortexM3\ARM_GCC_541\Debug\cyfitter_cfg.o
 .debug_info    0x00002cbc      0x136 .\CortexM3\ARM_GCC_541\Debug\cymetadata.o
 .debug_info    0x00002df2      0x3cf .\CortexM3\ARM_GCC_541\Debug\Cm3Start.o
 .debug_info    0x000031c1      0x94e .\CortexM3\ARM_GCC_541\Debug\RADAR_Movement_Detector.a(CyDmac.o)
 .debug_info    0x00003b0f     0x1374 .\CortexM3\ARM_GCC_541\Debug\RADAR_Movement_Detector.a(CyLib.o)
 .debug_info    0x00004e83      0xa2a .\CortexM3\ARM_GCC_541\Debug\RADAR_Movement_Detector.a(cyPm.o)
 .debug_info    0x000058ad      0x80d .\CortexM3\ARM_GCC_541\Debug\RADAR_Movement_Detector.a(ErikaOS_ee_activate.o)
 .debug_info    0x000060ba      0xc3b .\CortexM3\ARM_GCC_541\Debug\RADAR_Movement_Detector.a(ErikaOS_ee_altick.o)
 .debug_info    0x00006cf5      0x5a7 .\CortexM3\ARM_GCC_541\Debug\RADAR_Movement_Detector.a(ErikaOS_ee_evclear.o)
 .debug_info    0x0000729c      0x4ca .\CortexM3\ARM_GCC_541\Debug\RADAR_Movement_Detector.a(ErikaOS_ee_evget.o)
 .debug_info    0x00007766      0x7c3 .\CortexM3\ARM_GCC_541\Debug\RADAR_Movement_Detector.a(ErikaOS_ee_evset.o)
 .debug_info    0x00007f29      0x84e .\CortexM3\ARM_GCC_541\Debug\RADAR_Movement_Detector.a(ErikaOS_ee_evwait.o)
 .debug_info    0x00008777      0x5cb .\CortexM3\ARM_GCC_541\Debug\RADAR_Movement_Detector.a(ErikaOS_ee_irqendin.o)
 .debug_info    0x00008d42      0x3d0 .\CortexM3\ARM_GCC_541\Debug\RADAR_Movement_Detector.a(ErikaOS_ee_lookup.o)
 .debug_info    0x00009112      0x46f .\CortexM3\ARM_GCC_541\Debug\RADAR_Movement_Detector.a(ErikaOS_ee_rq_exchg.o)
 .debug_info    0x00009581      0x421 .\CortexM3\ARM_GCC_541\Debug\RADAR_Movement_Detector.a(ErikaOS_ee_rq_first.o)
 .debug_info    0x000099a2      0x475 .\CortexM3\ARM_GCC_541\Debug\RADAR_Movement_Detector.a(ErikaOS_ee_rq_inser.o)
 .debug_info    0x00009e17     0x2040 .\CortexM3\ARM_GCC_541\Debug\RADAR_Movement_Detector.a(ErikaOS_ee_startos.o)
 .debug_info    0x0000be57      0x589 .\CortexM3\ARM_GCC_541\Debug\RADAR_Movement_Detector.a(ErikaOS_ee_terminat.o)
 .debug_info    0x0000c3e0      0x573 .\CortexM3\ARM_GCC_541\Debug\RADAR_Movement_Detector.a(ErikaOS_cortex_mx_ee_utils.o)
 .debug_info    0x0000c953      0x3cb .\CortexM3\ARM_GCC_541\Debug\RADAR_Movement_Detector.a(ErikaOS_common_ee_hal_structs.o)
 .debug_info    0x0000cd1e      0x8d7 .\CortexM3\ARM_GCC_541\Debug\RADAR_Movement_Detector.a(ErikaOS_eecfg.o)
 .debug_info    0x0000d5f5      0x11f .\CortexM3\ARM_GCC_541\Debug\RADAR_Movement_Detector.a(LED_green.o)
 .debug_info    0x0000d714      0x11f .\CortexM3\ARM_GCC_541\Debug\RADAR_Movement_Detector.a(LED_orange.o)
 .debug_info    0x0000d833      0x11f .\CortexM3\ARM_GCC_541\Debug\RADAR_Movement_Detector.a(LED_red.o)
 .debug_info    0x0000d952      0x60c .\CortexM3\ARM_GCC_541\Debug\RADAR_Movement_Detector.a(UART_LOG.o)
 .debug_info    0x0000df5e      0x283 .\CortexM3\ARM_GCC_541\Debug\RADAR_Movement_Detector.a(UART_LOG_IntClock.o)
 .debug_info    0x0000e1e1      0x519 .\CortexM3\ARM_GCC_541\Debug\RADAR_Movement_Detector.a(WaveDAC8.o)
 .debug_info    0x0000e6fa      0x283 .\CortexM3\ARM_GCC_541\Debug\RADAR_Movement_Detector.a(WaveDAC8_DacClk.o)
 .debug_info    0x0000e97d      0x1a8 .\CortexM3\ARM_GCC_541\Debug\RADAR_Movement_Detector.a(WaveDAC8_Wave1_DMA_dma.o)
 .debug_info    0x0000eb25      0x1a7 .\CortexM3\ARM_GCC_541\Debug\RADAR_Movement_Detector.a(WaveDAC8_Wave2_DMA_dma.o)
 .debug_info    0x0000eccc      0x1de .\CortexM3\ARM_GCC_541\Debug\RADAR_Movement_Detector.a(WaveDAC8_VDAC8.o)
 .debug_info    0x0000eeaa      0xa18 .\CortexM3\ARM_GCC_541\Debug\RADAR_Movement_Detector.a(ADC_DelSig.o)
 .debug_info    0x0000f8c2       0xd3 .\CortexM3\ARM_GCC_541\Debug\RADAR_Movement_Detector.a(ADC_DelSig_INT.o)
 .debug_info    0x0000f995      0x165 .\CortexM3\ARM_GCC_541\Debug\RADAR_Movement_Detector.a(ADC_DelSig_AMux.o)
 .debug_info    0x0000fafa      0x283 .\CortexM3\ARM_GCC_541\Debug\RADAR_Movement_Detector.a(ADC_DelSig_Ext_CP_Clk.o)
 .debug_info    0x0000fd7d      0x2c4 .\CortexM3\ARM_GCC_541\Debug\RADAR_Movement_Detector.a(ADC_DelSig_theACLK.o)
 .debug_info    0x00010041      0x1a8 .\CortexM3\ARM_GCC_541\Debug\RADAR_Movement_Detector.a(DMA_ADC_MEM_dma.o)
 .debug_info    0x000101e9      0x1a8 .\CortexM3\ARM_GCC_541\Debug\RADAR_Movement_Detector.a(DMA_MEM_UART_dma.o)
 .debug_info    0x00010391      0x283 .\CortexM3\ARM_GCC_541\Debug\RADAR_Movement_Detector.a(Clock_DMA_MEM_UART.o)
 .debug_info    0x00010614      0x1aa .\CortexM3\ARM_GCC_541\Debug\RADAR_Movement_Detector.a(DMA_FFT_UART_dma.o)
 .debug_info    0x000107be      0x283 .\CortexM3\ARM_GCC_541\Debug\RADAR_Movement_Detector.a(Clock_DMA_FFT_UART.o)
 .debug_info    0x00010a41       0xd0 .\CortexM3\ARM_GCC_541\Debug\RADAR_Movement_Detector.a(CyBootAsmGnu.o)
 .debug_info    0x00010b11       0xe5 .\CortexM3\ARM_GCC_541\Debug\RADAR_Movement_Detector.a(ErikaOS_ee_gnu_change_context_isr.o)
 .debug_info    0x00010bf6       0xdc .\CortexM3\ARM_GCC_541\Debug\RADAR_Movement_Detector.a(ErikaOS_ee_gnu_irq_stack.o)
 .debug_info    0x00010cd2       0xe0 .\CortexM3\ARM_GCC_541\Debug\RADAR_Movement_Detector.a(ErikaOS_ee_gnu_multi_context.o)
 .debug_info    0x00010db2       0xd5 .\CortexM3\ARM_GCC_541\Debug\RADAR_Movement_Detector.a(ErikaOS_ee_gnu_oo.o)
 .debug_info    0x00010e87      0x64d .\CortexM3\ARM_GCC_541\Debug\RADAR_Movement_Detector.a(CyFlash.o)
 .debug_info    0x000114d4      0x550 .\CortexM3\ARM_GCC_541\Debug\RADAR_Movement_Detector.a(CySpc.o)
 .debug_info    0x00011a24      0x43d .\CortexM3\ARM_GCC_541\Debug\RADAR_Movement_Detector.a(ErikaOS_ee_tnterm.o)
 .debug_info    0x00011e61      0x487 .\CortexM3\ARM_GCC_541\Debug\RADAR_Movement_Detector.a(ErikaOS_ee_tstub.o)
 .debug_info    0x000122e8      0x501 .\CortexM3\ARM_GCC_541\Debug\RADAR_Movement_Detector.a(ErikaOS_cortex_mx_ee_context.o)
 .debug_info    0x000127e9      0x6f9 .\CortexM3\ARM_GCC_541\Debug\RADAR_Movement_Detector.a(ErikaOS_ee_thendin.o)
 .debug_info    0x00012ee2      0x36c .\source\bsw\fft_application\libfft_application.a(fft_application.o)
 .debug_info    0x0001324e      0x4f7 .\source\bsw\fft_application\libfft_application.a(arm_rfft_q31.o)
 .debug_info    0x00013745      0x327 .\source\bsw\fft_application\libfft_application.a(arm_rfft_init_q31.o)
 .debug_info    0x00013a6c      0x4a3 .\source\bsw\fft_application\libfft_application.a(arm_cfft_q31.o)
 .debug_info    0x00013f0f      0x815 .\source\bsw\fft_application\libfft_application.a(arm_cfft_radix4_q31.o)
 .debug_info    0x00014724      0xd8a .\source\bsw\fft_application\libfft_application.a(arm_const_structs.o)
 .debug_info    0x000154ae       0xac .\source\bsw\fft_application\libfft_application.a(arm_bitreversal2.o)
 .debug_info    0x0001555a      0x976 .\source\bsw\fft_application\libfft_application.a(arm_common_tables.o)

.debug_abbrev   0x00000000     0x5569
 *(.debug_abbrev)
 .debug_abbrev  0x00000000      0x2a5 .\CortexM3\ARM_GCC_541\Debug\main.o
 .debug_abbrev  0x000002a5      0x197 .\CortexM3\ARM_GCC_541\Debug\detector.o
 .debug_abbrev  0x0000043c      0x1a9 .\CortexM3\ARM_GCC_541\Debug\led.o
 .debug_abbrev  0x000005e5       0xb6 .\CortexM3\ARM_GCC_541\Debug\uart.o
 .debug_abbrev  0x0000069b      0x145 .\CortexM3\ARM_GCC_541\Debug\dma.o
 .debug_abbrev  0x000007e0      0x10b .\CortexM3\ARM_GCC_541\Debug\dac_adc.o
 .debug_abbrev  0x000008eb      0x21e .\CortexM3\ARM_GCC_541\Debug\cyfitter_cfg.o
 .debug_abbrev  0x00000b09       0x77 .\CortexM3\ARM_GCC_541\Debug\cymetadata.o
 .debug_abbrev  0x00000b80      0x1e8 .\CortexM3\ARM_GCC_541\Debug\Cm3Start.o
 .debug_abbrev  0x00000d68      0x1b2 .\CortexM3\ARM_GCC_541\Debug\RADAR_Movement_Detector.a(CyDmac.o)
 .debug_abbrev  0x00000f1a      0x254 .\CortexM3\ARM_GCC_541\Debug\RADAR_Movement_Detector.a(CyLib.o)
 .debug_abbrev  0x0000116e      0x1ab .\CortexM3\ARM_GCC_541\Debug\RADAR_Movement_Detector.a(cyPm.o)
 .debug_abbrev  0x00001319      0x284 .\CortexM3\ARM_GCC_541\Debug\RADAR_Movement_Detector.a(ErikaOS_ee_activate.o)
 .debug_abbrev  0x0000159d      0x362 .\CortexM3\ARM_GCC_541\Debug\RADAR_Movement_Detector.a(ErikaOS_ee_altick.o)
 .debug_abbrev  0x000018ff      0x1e0 .\CortexM3\ARM_GCC_541\Debug\RADAR_Movement_Detector.a(ErikaOS_ee_evclear.o)
 .debug_abbrev  0x00001adf      0x150 .\CortexM3\ARM_GCC_541\Debug\RADAR_Movement_Detector.a(ErikaOS_ee_evget.o)
 .debug_abbrev  0x00001c2f      0x27f .\CortexM3\ARM_GCC_541\Debug\RADAR_Movement_Detector.a(ErikaOS_ee_evset.o)
 .debug_abbrev  0x00001eae      0x25d .\CortexM3\ARM_GCC_541\Debug\RADAR_Movement_Detector.a(ErikaOS_ee_evwait.o)
 .debug_abbrev  0x0000210b      0x1da .\CortexM3\ARM_GCC_541\Debug\RADAR_Movement_Detector.a(ErikaOS_ee_irqendin.o)
 .debug_abbrev  0x000022e5       0xcf .\CortexM3\ARM_GCC_541\Debug\RADAR_Movement_Detector.a(ErikaOS_ee_lookup.o)
 .debug_abbrev  0x000023b4       0xfc .\CortexM3\ARM_GCC_541\Debug\RADAR_Movement_Detector.a(ErikaOS_ee_rq_exchg.o)
 .debug_abbrev  0x000024b0       0xed .\CortexM3\ARM_GCC_541\Debug\RADAR_Movement_Detector.a(ErikaOS_ee_rq_first.o)
 .debug_abbrev  0x0000259d      0x109 .\CortexM3\ARM_GCC_541\Debug\RADAR_Movement_Detector.a(ErikaOS_ee_rq_inser.o)
 .debug_abbrev  0x000026a6      0x4a7 .\CortexM3\ARM_GCC_541\Debug\RADAR_Movement_Detector.a(ErikaOS_ee_startos.o)
 .debug_abbrev  0x00002b4d      0x1de .\CortexM3\ARM_GCC_541\Debug\RADAR_Movement_Detector.a(ErikaOS_ee_terminat.o)
 .debug_abbrev  0x00002d2b      0x1f0 .\CortexM3\ARM_GCC_541\Debug\RADAR_Movement_Detector.a(ErikaOS_cortex_mx_ee_utils.o)
 .debug_abbrev  0x00002f1b       0xcf .\CortexM3\ARM_GCC_541\Debug\RADAR_Movement_Detector.a(ErikaOS_common_ee_hal_structs.o)
 .debug_abbrev  0x00002fea      0x127 .\CortexM3\ARM_GCC_541\Debug\RADAR_Movement_Detector.a(ErikaOS_eecfg.o)
 .debug_abbrev  0x00003111       0x90 .\CortexM3\ARM_GCC_541\Debug\RADAR_Movement_Detector.a(LED_green.o)
 .debug_abbrev  0x000031a1       0x90 .\CortexM3\ARM_GCC_541\Debug\RADAR_Movement_Detector.a(LED_orange.o)
 .debug_abbrev  0x00003231       0x90 .\CortexM3\ARM_GCC_541\Debug\RADAR_Movement_Detector.a(LED_red.o)
 .debug_abbrev  0x000032c1      0x175 .\CortexM3\ARM_GCC_541\Debug\RADAR_Movement_Detector.a(UART_LOG.o)
 .debug_abbrev  0x00003436      0x139 .\CortexM3\ARM_GCC_541\Debug\RADAR_Movement_Detector.a(UART_LOG_IntClock.o)
 .debug_abbrev  0x0000356f      0x114 .\CortexM3\ARM_GCC_541\Debug\RADAR_Movement_Detector.a(WaveDAC8.o)
 .debug_abbrev  0x00003683      0x139 .\CortexM3\ARM_GCC_541\Debug\RADAR_Movement_Detector.a(WaveDAC8_DacClk.o)
 .debug_abbrev  0x000037bc       0xcd .\CortexM3\ARM_GCC_541\Debug\RADAR_Movement_Detector.a(WaveDAC8_Wave1_DMA_dma.o)
 .debug_abbrev  0x00003889       0xcd .\CortexM3\ARM_GCC_541\Debug\RADAR_Movement_Detector.a(WaveDAC8_Wave2_DMA_dma.o)
 .debug_abbrev  0x00003956       0xf7 .\CortexM3\ARM_GCC_541\Debug\RADAR_Movement_Detector.a(WaveDAC8_VDAC8.o)
 .debug_abbrev  0x00003a4d      0x1eb .\CortexM3\ARM_GCC_541\Debug\RADAR_Movement_Detector.a(ADC_DelSig.o)
 .debug_abbrev  0x00003c38       0x42 .\CortexM3\ARM_GCC_541\Debug\RADAR_Movement_Detector.a(ADC_DelSig_INT.o)
 .debug_abbrev  0x00003c7a       0xb1 .\CortexM3\ARM_GCC_541\Debug\RADAR_Movement_Detector.a(ADC_DelSig_AMux.o)
 .debug_abbrev  0x00003d2b      0x139 .\CortexM3\ARM_GCC_541\Debug\RADAR_Movement_Detector.a(ADC_DelSig_Ext_CP_Clk.o)
 .debug_abbrev  0x00003e64      0x121 .\CortexM3\ARM_GCC_541\Debug\RADAR_Movement_Detector.a(ADC_DelSig_theACLK.o)
 .debug_abbrev  0x00003f85       0xcd .\CortexM3\ARM_GCC_541\Debug\RADAR_Movement_Detector.a(DMA_ADC_MEM_dma.o)
 .debug_abbrev  0x00004052       0xcd .\CortexM3\ARM_GCC_541\Debug\RADAR_Movement_Detector.a(DMA_MEM_UART_dma.o)
 .debug_abbrev  0x0000411f      0x139 .\CortexM3\ARM_GCC_541\Debug\RADAR_Movement_Detector.a(Clock_DMA_MEM_UART.o)
 .debug_abbrev  0x00004258       0xcd .\CortexM3\ARM_GCC_541\Debug\RADAR_Movement_Detector.a(DMA_FFT_UART_dma.o)
 .debug_abbrev  0x00004325      0x139 .\CortexM3\ARM_GCC_541\Debug\RADAR_Movement_Detector.a(Clock_DMA_FFT_UART.o)
 .debug_abbrev  0x0000445e       0x14 .\CortexM3\ARM_GCC_541\Debug\RADAR_Movement_Detector.a(CyBootAsmGnu.o)
 .debug_abbrev  0x00004472       0x14 .\CortexM3\ARM_GCC_541\Debug\RADAR_Movement_Detector.a(ErikaOS_ee_gnu_change_context_isr.o)
 .debug_abbrev  0x00004486       0x14 .\CortexM3\ARM_GCC_541\Debug\RADAR_Movement_Detector.a(ErikaOS_ee_gnu_irq_stack.o)
 .debug_abbrev  0x0000449a       0x14 .\CortexM3\ARM_GCC_541\Debug\RADAR_Movement_Detector.a(ErikaOS_ee_gnu_multi_context.o)
 .debug_abbrev  0x000044ae       0x14 .\CortexM3\ARM_GCC_541\Debug\RADAR_Movement_Detector.a(ErikaOS_ee_gnu_oo.o)
 .debug_abbrev  0x000044c2      0x1a7 .\CortexM3\ARM_GCC_541\Debug\RADAR_Movement_Detector.a(CyFlash.o)
 .debug_abbrev  0x00004669      0x194 .\CortexM3\ARM_GCC_541\Debug\RADAR_Movement_Detector.a(CySpc.o)
 .debug_abbrev  0x000047fd      0x157 .\CortexM3\ARM_GCC_541\Debug\RADAR_Movement_Detector.a(ErikaOS_ee_tnterm.o)
 .debug_abbrev  0x00004954      0x143 .\CortexM3\ARM_GCC_541\Debug\RADAR_Movement_Detector.a(ErikaOS_ee_tstub.o)
 .debug_abbrev  0x00004a97      0x156 .\CortexM3\ARM_GCC_541\Debug\RADAR_Movement_Detector.a(ErikaOS_cortex_mx_ee_context.o)
 .debug_abbrev  0x00004bed      0x229 .\CortexM3\ARM_GCC_541\Debug\RADAR_Movement_Detector.a(ErikaOS_ee_thendin.o)
 .debug_abbrev  0x00004e16      0x15d .\source\bsw\fft_application\libfft_application.a(fft_application.o)
 .debug_abbrev  0x00004f73      0x128 .\source\bsw\fft_application\libfft_application.a(arm_rfft_q31.o)
 .debug_abbrev  0x0000509b      0x12e .\source\bsw\fft_application\libfft_application.a(arm_rfft_init_q31.o)
 .debug_abbrev  0x000051c9       0xfb .\source\bsw\fft_application\libfft_application.a(arm_cfft_q31.o)
 .debug_abbrev  0x000052c4      0x142 .\source\bsw\fft_application\libfft_application.a(arm_cfft_radix4_q31.o)
 .debug_abbrev  0x00005406       0xcb .\source\bsw\fft_application\libfft_application.a(arm_const_structs.o)
 .debug_abbrev  0x000054d1       0x14 .\source\bsw\fft_application\libfft_application.a(arm_bitreversal2.o)
 .debug_abbrev  0x000054e5       0x84 .\source\bsw\fft_application\libfft_application.a(arm_common_tables.o)

.debug_line     0x00000000     0x7bc7
 *(.debug_line)
 .debug_line    0x00000000      0x79a .\CortexM3\ARM_GCC_541\Debug\main.o
 .debug_line    0x0000079a      0x350 .\CortexM3\ARM_GCC_541\Debug\detector.o
 .debug_line    0x00000aea      0x2f8 .\CortexM3\ARM_GCC_541\Debug\led.o
 .debug_line    0x00000de2       0x75 .\CortexM3\ARM_GCC_541\Debug\uart.o
 .debug_line    0x00000e57      0x2f9 .\CortexM3\ARM_GCC_541\Debug\dma.o
 .debug_line    0x00001150      0x27e .\CortexM3\ARM_GCC_541\Debug\dac_adc.o
 .debug_line    0x000013ce      0x210 .\CortexM3\ARM_GCC_541\Debug\cyfitter_cfg.o
 .debug_line    0x000015de      0x141 .\CortexM3\ARM_GCC_541\Debug\cymetadata.o
 .debug_line    0x0000171f      0x241 .\CortexM3\ARM_GCC_541\Debug\Cm3Start.o
 .debug_line    0x00001960      0x2e4 .\CortexM3\ARM_GCC_541\Debug\RADAR_Movement_Detector.a(CyDmac.o)
 .debug_line    0x00001c44      0x816 .\CortexM3\ARM_GCC_541\Debug\RADAR_Movement_Detector.a(CyLib.o)
 .debug_line    0x0000245a      0x367 .\CortexM3\ARM_GCC_541\Debug\RADAR_Movement_Detector.a(cyPm.o)
 .debug_line    0x000027c1      0x1e6 .\CortexM3\ARM_GCC_541\Debug\RADAR_Movement_Detector.a(ErikaOS_ee_activate.o)
 .debug_line    0x000029a7      0x2f1 .\CortexM3\ARM_GCC_541\Debug\RADAR_Movement_Detector.a(ErikaOS_ee_altick.o)
 .debug_line    0x00002c98      0x1c1 .\CortexM3\ARM_GCC_541\Debug\RADAR_Movement_Detector.a(ErikaOS_ee_evclear.o)
 .debug_line    0x00002e59      0x14b .\CortexM3\ARM_GCC_541\Debug\RADAR_Movement_Detector.a(ErikaOS_ee_evget.o)
 .debug_line    0x00002fa4      0x1e3 .\CortexM3\ARM_GCC_541\Debug\RADAR_Movement_Detector.a(ErikaOS_ee_evset.o)
 .debug_line    0x00003187      0x1ef .\CortexM3\ARM_GCC_541\Debug\RADAR_Movement_Detector.a(ErikaOS_ee_evwait.o)
 .debug_line    0x00003376      0x190 .\CortexM3\ARM_GCC_541\Debug\RADAR_Movement_Detector.a(ErikaOS_ee_irqendin.o)
 .debug_line    0x00003506      0x10b .\CortexM3\ARM_GCC_541\Debug\RADAR_Movement_Detector.a(ErikaOS_ee_lookup.o)
 .debug_line    0x00003611      0x14b .\CortexM3\ARM_GCC_541\Debug\RADAR_Movement_Detector.a(ErikaOS_ee_rq_exchg.o)
 .debug_line    0x0000375c      0x142 .\CortexM3\ARM_GCC_541\Debug\RADAR_Movement_Detector.a(ErikaOS_ee_rq_first.o)
 .debug_line    0x0000389e      0x146 .\CortexM3\ARM_GCC_541\Debug\RADAR_Movement_Detector.a(ErikaOS_ee_rq_inser.o)
 .debug_line    0x000039e4      0x3e8 .\CortexM3\ARM_GCC_541\Debug\RADAR_Movement_Detector.a(ErikaOS_ee_startos.o)
 .debug_line    0x00003dcc      0x1ac .\CortexM3\ARM_GCC_541\Debug\RADAR_Movement_Detector.a(ErikaOS_ee_terminat.o)
 .debug_line    0x00003f78      0x180 .\CortexM3\ARM_GCC_541\Debug\RADAR_Movement_Detector.a(ErikaOS_cortex_mx_ee_utils.o)
 .debug_line    0x000040f8       0xed .\CortexM3\ARM_GCC_541\Debug\RADAR_Movement_Detector.a(ErikaOS_common_ee_hal_structs.o)
 .debug_line    0x000041e5      0x12c .\CortexM3\ARM_GCC_541\Debug\RADAR_Movement_Detector.a(ErikaOS_eecfg.o)
 .debug_line    0x00004311       0x96 .\CortexM3\ARM_GCC_541\Debug\RADAR_Movement_Detector.a(LED_green.o)
 .debug_line    0x000043a7       0x97 .\CortexM3\ARM_GCC_541\Debug\RADAR_Movement_Detector.a(LED_orange.o)
 .debug_line    0x0000443e       0x94 .\CortexM3\ARM_GCC_541\Debug\RADAR_Movement_Detector.a(LED_red.o)
 .debug_line    0x000044d2      0x2c4 .\CortexM3\ARM_GCC_541\Debug\RADAR_Movement_Detector.a(UART_LOG.o)
 .debug_line    0x00004796      0x180 .\CortexM3\ARM_GCC_541\Debug\RADAR_Movement_Detector.a(UART_LOG_IntClock.o)
 .debug_line    0x00004916      0x156 .\CortexM3\ARM_GCC_541\Debug\RADAR_Movement_Detector.a(WaveDAC8.o)
 .debug_line    0x00004a6c      0x17e .\CortexM3\ARM_GCC_541\Debug\RADAR_Movement_Detector.a(WaveDAC8_DacClk.o)
 .debug_line    0x00004bea       0x8f .\CortexM3\ARM_GCC_541\Debug\RADAR_Movement_Detector.a(WaveDAC8_Wave1_DMA_dma.o)
 .debug_line    0x00004c79       0x8f .\CortexM3\ARM_GCC_541\Debug\RADAR_Movement_Detector.a(WaveDAC8_Wave2_DMA_dma.o)
 .debug_line    0x00004d08       0xea .\CortexM3\ARM_GCC_541\Debug\RADAR_Movement_Detector.a(WaveDAC8_VDAC8.o)
 .debug_line    0x00004df2      0x372 .\CortexM3\ARM_GCC_541\Debug\RADAR_Movement_Detector.a(ADC_DelSig.o)
 .debug_line    0x00005164       0x87 .\CortexM3\ARM_GCC_541\Debug\RADAR_Movement_Detector.a(ADC_DelSig_INT.o)
 .debug_line    0x000051eb       0xb3 .\CortexM3\ARM_GCC_541\Debug\RADAR_Movement_Detector.a(ADC_DelSig_AMux.o)
 .debug_line    0x0000529e      0x184 .\CortexM3\ARM_GCC_541\Debug\RADAR_Movement_Detector.a(ADC_DelSig_Ext_CP_Clk.o)
 .debug_line    0x00005422      0x1a4 .\CortexM3\ARM_GCC_541\Debug\RADAR_Movement_Detector.a(ADC_DelSig_theACLK.o)
 .debug_line    0x000055c6       0x88 .\CortexM3\ARM_GCC_541\Debug\RADAR_Movement_Detector.a(DMA_ADC_MEM_dma.o)
 .debug_line    0x0000564e       0x89 .\CortexM3\ARM_GCC_541\Debug\RADAR_Movement_Detector.a(DMA_MEM_UART_dma.o)
 .debug_line    0x000056d7      0x181 .\CortexM3\ARM_GCC_541\Debug\RADAR_Movement_Detector.a(Clock_DMA_MEM_UART.o)
 .debug_line    0x00005858       0x89 .\CortexM3\ARM_GCC_541\Debug\RADAR_Movement_Detector.a(DMA_FFT_UART_dma.o)
 .debug_line    0x000058e1      0x181 .\CortexM3\ARM_GCC_541\Debug\RADAR_Movement_Detector.a(Clock_DMA_FFT_UART.o)
 .debug_line    0x00005a62       0x66 .\CortexM3\ARM_GCC_541\Debug\RADAR_Movement_Detector.a(CyBootAsmGnu.o)
 .debug_line    0x00005ac8       0xac .\CortexM3\ARM_GCC_541\Debug\RADAR_Movement_Detector.a(ErikaOS_ee_gnu_change_context_isr.o)
 .debug_line    0x00005b74       0x72 .\CortexM3\ARM_GCC_541\Debug\RADAR_Movement_Detector.a(ErikaOS_ee_gnu_irq_stack.o)
 .debug_line    0x00005be6       0x9b .\CortexM3\ARM_GCC_541\Debug\RADAR_Movement_Detector.a(ErikaOS_ee_gnu_multi_context.o)
 .debug_line    0x00005c81       0x97 .\CortexM3\ARM_GCC_541\Debug\RADAR_Movement_Detector.a(ErikaOS_ee_gnu_oo.o)
 .debug_line    0x00005d18      0x21a .\CortexM3\ARM_GCC_541\Debug\RADAR_Movement_Detector.a(CyFlash.o)
 .debug_line    0x00005f32      0x260 .\CortexM3\ARM_GCC_541\Debug\RADAR_Movement_Detector.a(CySpc.o)
 .debug_line    0x00006192      0x169 .\CortexM3\ARM_GCC_541\Debug\RADAR_Movement_Detector.a(ErikaOS_ee_tnterm.o)
 .debug_line    0x000062fb      0x160 .\CortexM3\ARM_GCC_541\Debug\RADAR_Movement_Detector.a(ErikaOS_ee_tstub.o)
 .debug_line    0x0000645b      0x19a .\CortexM3\ARM_GCC_541\Debug\RADAR_Movement_Detector.a(ErikaOS_cortex_mx_ee_context.o)
 .debug_line    0x000065f5      0x1b7 .\CortexM3\ARM_GCC_541\Debug\RADAR_Movement_Detector.a(ErikaOS_ee_thendin.o)
 .debug_line    0x000067ac      0x22f .\source\bsw\fft_application\libfft_application.a(fft_application.o)
 .debug_line    0x000069db      0x1ff .\source\bsw\fft_application\libfft_application.a(arm_rfft_q31.o)
 .debug_line    0x00006bda      0x1dd .\source\bsw\fft_application\libfft_application.a(arm_rfft_init_q31.o)
 .debug_line    0x00006db7      0x2f5 .\source\bsw\fft_application\libfft_application.a(arm_cfft_q31.o)
 .debug_line    0x000070ac      0x792 .\source\bsw\fft_application\libfft_application.a(arm_cfft_radix4_q31.o)
 .debug_line    0x0000783e      0x17c .\source\bsw\fft_application\libfft_application.a(arm_const_structs.o)
 .debug_line    0x000079ba       0xa8 .\source\bsw\fft_application\libfft_application.a(arm_bitreversal2.o)
 .debug_line    0x00007a62      0x165 .\source\bsw\fft_application\libfft_application.a(arm_common_tables.o)

.debug_frame    0x00000000     0x2c28
 *(.debug_frame)
 .debug_frame   0x00000000      0x240 .\CortexM3\ARM_GCC_541\Debug\main.o
 .debug_frame   0x00000240       0x88 .\CortexM3\ARM_GCC_541\Debug\detector.o
 .debug_frame   0x000002c8       0x6c .\CortexM3\ARM_GCC_541\Debug\led.o
 .debug_frame   0x00000334       0x2c .\CortexM3\ARM_GCC_541\Debug\uart.o
 .debug_frame   0x00000360       0x4c .\CortexM3\ARM_GCC_541\Debug\dma.o
 .debug_frame   0x000003ac       0x74 .\CortexM3\ARM_GCC_541\Debug\dac_adc.o
 .debug_frame   0x00000420      0x104 .\CortexM3\ARM_GCC_541\Debug\cyfitter_cfg.o
 .debug_frame   0x00000524       0xb8 .\CortexM3\ARM_GCC_541\Debug\Cm3Start.o
 .debug_frame   0x000005dc      0x1f8 .\CortexM3\ARM_GCC_541\Debug\RADAR_Movement_Detector.a(CyDmac.o)
 .debug_frame   0x000007d4      0x738 .\CortexM3\ARM_GCC_541\Debug\RADAR_Movement_Detector.a(CyLib.o)
 .debug_frame   0x00000f0c      0x1f8 .\CortexM3\ARM_GCC_541\Debug\RADAR_Movement_Detector.a(cyPm.o)
 .debug_frame   0x00001104       0x30 .\CortexM3\ARM_GCC_541\Debug\RADAR_Movement_Detector.a(ErikaOS_ee_activate.o)
 .debug_frame   0x00001134      0x10c .\CortexM3\ARM_GCC_541\Debug\RADAR_Movement_Detector.a(ErikaOS_ee_altick.o)
 .debug_frame   0x00001240       0x38 .\CortexM3\ARM_GCC_541\Debug\RADAR_Movement_Detector.a(ErikaOS_ee_evclear.o)
 .debug_frame   0x00001278       0x20 .\CortexM3\ARM_GCC_541\Debug\RADAR_Movement_Detector.a(ErikaOS_ee_evget.o)
 .debug_frame   0x00001298       0x30 .\CortexM3\ARM_GCC_541\Debug\RADAR_Movement_Detector.a(ErikaOS_ee_evset.o)
 .debug_frame   0x000012c8       0x30 .\CortexM3\ARM_GCC_541\Debug\RADAR_Movement_Detector.a(ErikaOS_ee_evwait.o)
 .debug_frame   0x000012f8       0x58 .\CortexM3\ARM_GCC_541\Debug\RADAR_Movement_Detector.a(ErikaOS_ee_irqendin.o)
 .debug_frame   0x00001350       0x3c .\CortexM3\ARM_GCC_541\Debug\RADAR_Movement_Detector.a(ErikaOS_ee_rq_exchg.o)
 .debug_frame   0x0000138c       0x20 .\CortexM3\ARM_GCC_541\Debug\RADAR_Movement_Detector.a(ErikaOS_ee_rq_first.o)
 .debug_frame   0x000013ac       0x30 .\CortexM3\ARM_GCC_541\Debug\RADAR_Movement_Detector.a(ErikaOS_ee_rq_inser.o)