Archive member included to satisfy reference by file (symbol)

.\CortexM3\ARM_GCC_541\Debug\RADAR_Movement_Detector.a(CyDmac.o)
                              .\CortexM3\ARM_GCC_541\Debug\Cm3Start.o (CyDmacConfigure)
.\CortexM3\ARM_GCC_541\Debug\RADAR_Movement_Detector.a(CyLib.o)
                              .\CortexM3\ARM_GCC_541\Debug\Cm3Start.o (CyHalt)
.\CortexM3\ARM_GCC_541\Debug\RADAR_Movement_Detector.a(cyPm.o)
                              .\CortexM3\ARM_GCC_541\Debug\RADAR_Movement_Detector.a(CyLib.o) (CyPmReadStatus)
.\CortexM3\ARM_GCC_541\Debug\RADAR_Movement_Detector.a(ErikaOS_ee_activate.o)
                              .\CortexM3\ARM_GCC_541\Debug\main.o (EE_oo_ActivateTask)
.\CortexM3\ARM_GCC_541\Debug\RADAR_Movement_Detector.a(ErikaOS_ee_altick.o)
                              .\CortexM3\ARM_GCC_541\Debug\main.o (EE_oo_IncrementCounter)
.\CortexM3\ARM_GCC_541\Debug\RADAR_Movement_Detector.a(ErikaOS_ee_evclear.o)
                              .\CortexM3\ARM_GCC_541\Debug\main.o (EE_oo_ClearEvent)
.\CortexM3\ARM_GCC_541\Debug\RADAR_Movement_Detector.a(ErikaOS_ee_evget.o)
                              .\CortexM3\ARM_GCC_541\Debug\main.o (EE_oo_GetEvent)
.\CortexM3\ARM_GCC_541\Debug\RADAR_Movement_Detector.a(ErikaOS_ee_evset.o)
                              .\CortexM3\ARM_GCC_541\Debug\main.o (EE_oo_SetEvent)
.\CortexM3\ARM_GCC_541\Debug\RADAR_Movement_Detector.a(ErikaOS_ee_evwait.o)
                              .\CortexM3\ARM_GCC_541\Debug\main.o (EE_oo_WaitEvent)
.\CortexM3\ARM_GCC_541\Debug\RADAR_Movement_Detector.a(ErikaOS_ee_irqendin.o)
                              .\CortexM3\ARM_GCC_541\Debug\main.o (EE_IRQ_end_post_stub)
.\CortexM3\ARM_GCC_541\Debug\RADAR_Movement_Detector.a(ErikaOS_ee_lookup.o)
                              .\CortexM3\ARM_GCC_541\Debug\RADAR_Movement_Detector.a(ErikaOS_ee_irqendin.o) (EE_oo_IRQ_disable_count)
.\CortexM3\ARM_GCC_541\Debug\RADAR_Movement_Detector.a(ErikaOS_ee_rq_exchg.o)
                              .\CortexM3\ARM_GCC_541\Debug\RADAR_Movement_Detector.a(ErikaOS_ee_activate.o) (EE_rq2stk_exchange)
.\CortexM3\ARM_GCC_541\Debug\RADAR_Movement_Detector.a(ErikaOS_ee_rq_first.o)
                              .\CortexM3\ARM_GCC_541\Debug\RADAR_Movement_Detector.a(ErikaOS_ee_activate.o) (EE_rq_queryfirst)
.\CortexM3\ARM_GCC_541\Debug\RADAR_Movement_Detector.a(ErikaOS_ee_rq_inser.o)
                              .\CortexM3\ARM_GCC_541\Debug\RADAR_Movement_Detector.a(ErikaOS_ee_activate.o) (EE_rq_insert)
.\CortexM3\ARM_GCC_541\Debug\RADAR_Movement_Detector.a(ErikaOS_ee_startos.o)
                              .\CortexM3\ARM_GCC_541\Debug\main.o (EE_oo_StartOS)
.\CortexM3\ARM_GCC_541\Debug\RADAR_Movement_Detector.a(ErikaOS_ee_terminat.o)
                              .\CortexM3\ARM_GCC_541\Debug\main.o (EE_oo_TerminateTask)
.\CortexM3\ARM_GCC_541\Debug\RADAR_Movement_Detector.a(ErikaOS_cortex_mx_ee_utils.o)
                              .\CortexM3\ARM_GCC_541\Debug\main.o (EE_system_init)
.\CortexM3\ARM_GCC_541\Debug\RADAR_Movement_Detector.a(ErikaOS_common_ee_hal_structs.o)
                              .\CortexM3\ARM_GCC_541\Debug\RADAR_Movement_Detector.a(ErikaOS_ee_irqendin.o) (EE_std_endcycle_next_tid)
.\CortexM3\ARM_GCC_541\Debug\RADAR_Movement_Detector.a(ErikaOS_eecfg.o)
                              .\CortexM3\ARM_GCC_541\Debug\RADAR_Movement_Detector.a(ErikaOS_ee_startos.o) (EE_oo_autostart_task_data)
.\CortexM3\ARM_GCC_541\Debug\RADAR_Movement_Detector.a(LED_green.o)
                              .\CortexM3\ARM_GCC_541\Debug\led.o (LED_green_Write)
.\CortexM3\ARM_GCC_541\Debug\RADAR_Movement_Detector.a(LED_orange.o)
                              .\CortexM3\ARM_GCC_541\Debug\led.o (LED_orange_Write)
.\CortexM3\ARM_GCC_541\Debug\RADAR_Movement_Detector.a(LED_red.o)
                              .\CortexM3\ARM_GCC_541\Debug\led.o (LED_red_Write)
.\CortexM3\ARM_GCC_541\Debug\RADAR_Movement_Detector.a(UART_LOG.o)
                              .\CortexM3\ARM_GCC_541\Debug\uart.o (UART_LOG_Start)
.\CortexM3\ARM_GCC_541\Debug\RADAR_Movement_Detector.a(UART_LOG_IntClock.o)
                              .\CortexM3\ARM_GCC_541\Debug\RADAR_Movement_Detector.a(UART_LOG.o) (UART_LOG_IntClock_Start)
.\CortexM3\ARM_GCC_541\Debug\RADAR_Movement_Detector.a(WaveDAC8.o)
                              .\CortexM3\ARM_GCC_541\Debug\main.o (WaveDAC8_Stop)
.\CortexM3\ARM_GCC_541\Debug\RADAR_Movement_Detector.a(WaveDAC8_DacClk.o)
                              .\CortexM3\ARM_GCC_541\Debug\RADAR_Movement_Detector.a(WaveDAC8.o) (WaveDAC8_DacClk_Start)
.\CortexM3\ARM_GCC_541\Debug\RADAR_Movement_Detector.a(WaveDAC8_Wave1_DMA_dma.o)
                              .\CortexM3\ARM_GCC_541\Debug\RADAR_Movement_Detector.a(WaveDAC8.o) (WaveDAC8_Wave1_DMA_DmaInitialize)
.\CortexM3\ARM_GCC_541\Debug\RADAR_Movement_Detector.a(WaveDAC8_Wave2_DMA_dma.o)
                              .\CortexM3\ARM_GCC_541\Debug\RADAR_Movement_Detector.a(WaveDAC8.o) (WaveDAC8_Wave2_DMA_DmaInitialize)
[...]
Memory Configuration

Name             Origin             Length             Attributes
rom              0x00000000         0x00040000         xr
ram              0x1fff8000         0x00010000         xrw
*default*        0x00000000         0xffffffff

Linker script and memory map

LOAD c:/program files (x86)/cypress/psoc creator/4.4/psoc creator/import/gnu/arm/5.4.1/bin/../lib/gcc/arm-none-eabi/5.4.1/armv7-m/crti.o
LOAD c:/program files (x86)/cypress/psoc creator/4.4/psoc creator/import/gnu/arm/5.4.1/bin/../lib/gcc/arm-none-eabi/5.4.1/armv7-m/crtbegin.o
LOAD c:/program files (x86)/cypress/psoc creator/4.4/psoc creator/import/gnu/arm/5.4.1/bin/../lib/gcc/arm-none-eabi/5.4.1/../../../../arm-none-eabi/lib/armv7-m/crt0.o
START GROUP
LOAD .\CortexM3\ARM_GCC_541\Debug\main.o
LOAD .\CortexM3\ARM_GCC_541\Debug\led.o
LOAD .\CortexM3\ARM_GCC_541\Debug\uart.o
LOAD .\CortexM3\ARM_GCC_541\Debug\cyfitter_cfg.o
LOAD .\CortexM3\ARM_GCC_541\Debug\cymetadata.o
LOAD .\CortexM3\ARM_GCC_541\Debug\Cm3Start.o
LOAD .\CortexM3\ARM_GCC_541\Debug\RADAR_Movement_Detector.a
LOAD C:\Program Files (x86)\Cypress\PSoC Creator\4.4\PSoC Creator\psoc\content\cycomponentlibrary\CyComponentLibrary.cylib\CortexM3\ARM_GCC_541\Debug\CyComponentLibrary.a
END GROUP
START GROUP
LOAD c:/program files (x86)/cypress/psoc creator/4.4/psoc creator/import/gnu/arm/5.4.1/bin/../lib/gcc/arm-none-eabi/5.4.1/armv7-m\libgcc.a
LOAD c:/program files (x86)/cypress/psoc creator/4.4/psoc creator/import/gnu/arm/5.4.1/bin/../lib/gcc/arm-none-eabi/5.4.1/../../../../arm-none-eabi/lib/armv7-m\libg_nano.a
LOAD c:/program files (x86)/cypress/psoc creator/4.4/psoc creator/import/gnu/arm/5.4.1/bin/../lib/gcc/arm-none-eabi/5.4.1/../../../../arm-none-eabi/lib/armv7-m\libc_nano.a
END GROUP
START GROUP
LOAD c:/program files (x86)/cypress/psoc creator/4.4/psoc creator/import/gnu/arm/5.4.1/bin/../lib/gcc/arm-none-eabi/5.4.1/armv7-m\libgcc.a
LOAD c:/program files (x86)/cypress/psoc creator/4.4/psoc creator/import/gnu/arm/5.4.1/bin/../lib/gcc/arm-none-eabi/5.4.1/../../../../arm-none-eabi/lib/armv7-m\libc_nano.a
END GROUP
LOAD c:/program files (x86)/cypress/psoc creator/4.4/psoc creator/import/gnu/arm/5.4.1/bin/../lib/gcc/arm-none-eabi/5.4.1/armv7-m/crtend.o
LOAD c:/program files (x86)/cypress/psoc creator/4.4/psoc creator/import/gnu/arm/5.4.1/bin/../lib/gcc/arm-none-eabi/5.4.1/armv7-m/crtn.o
START GROUP
LOAD c:/program files (x86)/cypress/psoc creator/4.4/psoc creator/import/gnu/arm/5.4.1/bin/../lib/gcc/arm-none-eabi/5.4.1/armv7-m\libgcc.a
LOAD c:/program files (x86)/cypress/psoc creator/4.4/psoc creator/import/gnu/arm/5.4.1/bin/../lib/gcc/arm-none-eabi/5.4.1/../../../../arm-none-eabi/lib/armv7-m\libc.a
LOAD c:/program files (x86)/cypress/psoc creator/4.4/psoc creator/import/gnu/arm/5.4.1/bin/../lib/gcc/arm-none-eabi/5.4.1/../../../../arm-none-eabi/lib/armv7-m\libnosys.a
END GROUP
                0x00000000                CY_APPL_ORIGIN = 0x0
                0x00000100                CY_FLASH_ROW_SIZE = 0x100
                0x00000020                CY_ECC_ROW_SIZE = 0x20
                0x00000000                CY_EE_IN_BTLDR = 0x0
                0x00000000                CY_APPL_LOADABLE = 0x0
                0x00000800                CY_EE_SIZE = 0x800
                0x00000001                CY_APPL_NUM = 0x1
                0x00000001                CY_APPL_MAX = 0x1
                0x00000040                CY_METADATA_SIZE = 0x40
                0x00000000                CY_APPL_LOADABLE = 0x0
                0x00000000                CY_CHECKSUM_EXCLUDE_SIZE = ALIGN (0x0, CY_FLASH_ROW_SIZE)
                [!provide]                PROVIDE (__cy_heap_start, _end)
                0x00000001                PROVIDE (__cy_region_num, ((__cy_regions_end - __cy_regions) / 0x10))
                0x20008000                PROVIDE (__cy_stack, (ORIGIN (ram) + LENGTH (ram)))
                [!provide]                PROVIDE (__cy_heap_end, (__cy_stack - 0x800))

.cybootloader   0x00000000        0x0
 *(.cybootloader)
                0x00000000                appl1_start = CY_APPL_ORIGIN?CY_APPL_ORIGIN:ALIGN (CY_FLASH_ROW_SIZE)
                0x0001ff00                appl2_start = (appl1_start + ALIGN ((((LENGTH (rom) - appl1_start) - (0x2 * CY_FLASH_ROW_SIZE)) / 0x2), CY_FLASH_ROW_SIZE))
                0x00000000                appl_start = (CY_APPL_NUM == 0x1)?appl1_start:appl2_start
                0x00000000                ecc_offset = ((appl_start / CY_FLASH_ROW_SIZE) * CY_ECC_ROW_SIZE)
                0x00000000                ee_offset = (CY_APPL_LOADABLE && ! (CY_EE_IN_BTLDR))?((CY_EE_SIZE / CY_APPL_MAX) * (CY_APPL_NUM - 0x1)):0x0
                0x00000800                ee_size = (CY_APPL_LOADABLE && ! (CY_EE_IN_BTLDR))?(CY_EE_SIZE / CY_APPL_MAX):CY_EE_SIZE
                [!provide]                PROVIDE (CY_ECC_OFFSET, ecc_offset)

.text           0x00000000     0x24c6
 CREATE_OBJECT_SYMBOLS
                0x00000000                PROVIDE (__cy_interrupt_vector, RomVectors)
 *(.romvectors)
 .romvectors    0x00000000       0x10 .\CortexM3\ARM_GCC_541\Debug\Cm3Start.o
                0x00000000                RomVectors
                0x00000001                ASSERT ((. != __cy_interrupt_vector), No interrupt vector)
                0x00000001                ASSERT (CY_APPL_ORIGIN?(SIZEOF (.cybootloader) <= CY_APPL_ORIGIN):0x1, Wrong image location)
                0x00000010                PROVIDE (__cy_reset, Reset)
 *(.text.Reset)
 .text.Reset    0x00000010       0x18 .\CortexM3\ARM_GCC_541\Debug\Cm3Start.o
                0x00000010                Reset
                0x00000001                ASSERT ((. != __cy_reset), No reset code)
 *(.dma_init)
                0x00000001                ASSERT ((((appl_start + .) <= 0x10000) || 0x1), DMA Init must be within the first 64k of flash)
 *(.text .text.* .gnu.linkonce.t.*)
 .text          0x00000028       0x5c c:/program files (x86)/cypress/psoc creator/4.4/psoc creator/import/gnu/arm/5.4.1/bin/../lib/gcc/arm-none-eabi/5.4.1/armv7-m/crtbegin.o
 .text.ISR2_systick_handler
                0x00000084        0xc .\CortexM3\ARM_GCC_541\Debug\main.o
                0x00000084                ISR2_systick_handler
 .text.systick_handler
                0x00000090       0x98 .\CortexM3\ARM_GCC_541\Debug\main.o
                0x00000090                systick_handler
 .text.main     0x00000128       0x28 .\CortexM3\ARM_GCC_541\Debug\main.o
                0x00000128                main
 .text.Functsk_init
                0x00000150       0xe8 .\CortexM3\ARM_GCC_541\Debug\main.o
                0x00000150                Functsk_init
 .text.Functsk_background
                0x00000238        0x4 .\CortexM3\ARM_GCC_541\Debug\main.o
                0x00000238                Functsk_background
 .text.Functsk_control
                0x0000023c      0x12c .\CortexM3\ARM_GCC_541\Debug\main.o
                0x0000023c                Functsk_control
 .text.ISR2_isr_UART_Rx
                0x00000368       0x34 .\CortexM3\ARM_GCC_541\Debug\main.o
                0x00000368                ISR2_isr_UART_Rx
 .text.isr_UART_Rx
                0x0000039c       0x98 .\CortexM3\ARM_GCC_541\Debug\main.o
                0x0000039c                isr_UART_Rx
 .text.ISR2_isr_DMA_ADC_MEM
                0x00000434        0xc .\CortexM3\ARM_GCC_541\Debug\main.o
                0x00000434                ISR2_isr_DMA_ADC_MEM
 .text.isr_DMA_ADC_MEM
                0x00000440       0x98 .\CortexM3\ARM_GCC_541\Debug\main.o
                0x00000440                isr_DMA_ADC_MEM
 .text.ISR2_isr_DMA_MEM_UART
                0x000004d8        0xc .\CortexM3\ARM_GCC_541\Debug\main.o
                0x000004d8                ISR2_isr_DMA_MEM_UART
 .text.isr_DMA_MEM_UART
                0x000004e4       0x98 .\CortexM3\ARM_GCC_541\Debug\main.o
                0x000004e4                isr_DMA_MEM_UART
 .text.ISR2_isr_pushButton
                0x0000057c        0xc .\CortexM3\ARM_GCC_541\Debug\main.o
                0x0000057c                ISR2_isr_pushButton
 .text.isr_pushButton
                0x00000588       0x98 .\CortexM3\ARM_GCC_541\Debug\main.o
                0x00000588                isr_pushButton
 .text.UART_init
                0x00000620        0xc .\CortexM3\ARM_GCC_541\Debug\uart.o
                0x00000620                UART_init
 .text.CyClockStartupError
                0x0000062c        0x4 .\CortexM3\ARM_GCC_541\Debug\cyfitter_cfg.o
 .text.cfg_write_bytes32
                0x00000630       0x34 .\CortexM3\ARM_GCC_541\Debug\cyfitter_cfg.o
 .text.AnalogSetDefault
                0x00000664       0x34 .\CortexM3\ARM_GCC_541\Debug\cyfitter_cfg.o
 .text.CYMEMZERO
                0x00000698        0xc .\CortexM3\ARM_GCC_541\Debug\cyfitter_cfg.o
 .text.CYCONFIGCPY
                0x000006a4        0x8 .\CortexM3\ARM_GCC_541\Debug\cyfitter_cfg.o
 .text.ClockSetup
                0x000006ac      0x110 .\CortexM3\ARM_GCC_541\Debug\cyfitter_cfg.o
 .text.ADC_DelSig_AMux_Set
                0x000007bc       0x1c .\CortexM3\ARM_GCC_541\Debug\cyfitter_cfg.o
                0x000007bc                ADC_DelSig_AMux_Set
 .text.ADC_DelSig_AMux_Unset
                0x000007d8       0x1c .\CortexM3\ARM_GCC_541\Debug\cyfitter_cfg.o
                0x000007d8                ADC_DelSig_AMux_Unset
 .text.cyfitter_cfg
                0x000007f4      0x13c .\CortexM3\ARM_GCC_541\Debug\cyfitter_cfg.o
                0x000007f4                cyfitter_cfg
 .text.IntDefaultHandler
                0x00000930       0x10 .\CortexM3\ARM_GCC_541\Debug\Cm3Start.o
                0x00000930                IntDefaultHandler
 .text.Start_c  0x00000940       0x4c .\CortexM3\ARM_GCC_541\Debug\Cm3Start.o
                0x00000940                Start_c
 .text.initialize_psoc
                0x0000098c       0x6c .\CortexM3\ARM_GCC_541\Debug\Cm3Start.o
                0x0000098c                initialize_psoc
 .text.CyDmacConfigure
                0x000009f8       0x34 .\CortexM3\ARM_GCC_541\Debug\RADAR_Movement_Detector.a(CyDmac.o)
                0x000009f8                CyDmacConfigure
 .text.CyDmaChEnable
                0x00000a2c       0x38 .\CortexM3\ARM_GCC_541\Debug\RADAR_Movement_Detector.a(CyDmac.o)
                0x00000a2c                CyDmaChEnable
 .text.CyDmaChDisable
                0x00000a64       0x24 .\CortexM3\ARM_GCC_541\Debug\RADAR_Movement_Detector.a(CyDmac.o)
                0x00000a64                CyDmaChDisable
 .text.CyDmaChPriority
                0x00000a88       0x24 .\CortexM3\ARM_GCC_541\Debug\RADAR_Movement_Detector.a(CyDmac.o)
                0x00000a88                CyDmaChPriority
 .text.CyDmaChSetExtendedAddress
                0x00000aac       0x34 .\CortexM3\ARM_GCC_541\Debug\RADAR_Movement_Detector.a(CyDmac.o)
                0x00000aac                CyDmaChSetExtendedAddress
 .text.CyDmaChSetInitialTd
                0x00000ae0       0x18 .\CortexM3\ARM_GCC_541\Debug\RADAR_Movement_Detector.a(CyDmac.o)
                0x00000ae0                CyDmaChSetInitialTd
 .text.CyDmaChSetConfiguration
                0x00000af8       0x44 .\CortexM3\ARM_GCC_541\Debug\RADAR_Movement_Detector.a(CyDmac.o)
                0x00000af8                CyDmaChSetConfiguration
 .text.CyDmaTdAllocate
                0x00000b3c       0x34 .\CortexM3\ARM_GCC_541\Debug\RADAR_Movement_Detector.a(CyDmac.o)
                0x00000b3c                CyDmaTdAllocate
 .text.CyDmaTdSetConfiguration
                0x00000b70       0x28 .\CortexM3\ARM_GCC_541\Debug\RADAR_Movement_Detector.a(CyDmac.o)
                0x00000b70                CyDmaTdSetConfiguration
 .text.CyDmaTdSetAddress
                0x00000b98       0x1c .\CortexM3\ARM_GCC_541\Debug\RADAR_Movement_Detector.a(CyDmac.o)
                0x00000b98                CyDmaTdSetAddress
 .text.CyHalt   0x00000bb4        0x4 .\CortexM3\ARM_GCC_541\Debug\RADAR_Movement_Detector.a(CyLib.o)
                0x00000bb4                CyHalt
 .text.CyDelayUs
                0x00000bb8       0x14 .\CortexM3\ARM_GCC_541\Debug\RADAR_Movement_Detector.a(CyLib.o)
                0x00000bb8                CyDelayUs
 .text.CyIntSetVector
                0x00000bcc       0x28 .\CortexM3\ARM_GCC_541\Debug\RADAR_Movement_Detector.a(CyLib.o)
                0x00000bcc                CyIntSetVector
 .text.CyIntSetPriority
                0x00000bf4       0x30 .\CortexM3\ARM_GCC_541\Debug\RADAR_Movement_Detector.a(CyLib.o)
                0x00000bf4                CyIntSetPriority
 .text.EE_oo_ActivateTask
                0x00000c24       0xe8 .\CortexM3\ARM_GCC_541\Debug\RADAR_Movement_Detector.a(ErikaOS_ee_activate.o)
                0x00000c24                EE_oo_ActivateTask
 .text.EE_oo_handle_action_callback
                0x00000d0c        0xc .\CortexM3\ARM_GCC_541\Debug\RADAR_Movement_Detector.a(ErikaOS_ee_altick.o)
 .text.EE_oo_handle_action_task
                0x00000d18       0x4c .\CortexM3\ARM_GCC_541\Debug\RADAR_Movement_Detector.a(ErikaOS_ee_altick.o)
 .text.EE_oo_handle_action_event
                0x00000d64       0x60 .\CortexM3\ARM_GCC_541\Debug\RADAR_Movement_Detector.a(ErikaOS_ee_altick.o)
 .text.EE_oo_handle_action
                0x00000dc4       0x28 .\CortexM3\ARM_GCC_541\Debug\RADAR_Movement_Detector.a(ErikaOS_ee_altick.o)
 .text.EE_oo_counter_object_insert
                0x00000dec       0x9c .\CortexM3\ARM_GCC_541\Debug\RADAR_Movement_Detector.a(ErikaOS_ee_altick.o)
                0x00000dec                EE_oo_counter_object_insert
 .text.EE_oo_IncrementCounterImplementation
                0x00000e88      0x100 .\CortexM3\ARM_GCC_541\Debug\RADAR_Movement_Detector.a(ErikaOS_ee_altick.o)
                0x00000e88                EE_oo_IncrementCounterImplementation
 .text.EE_oo_IncrementCounter
                0x00000f88       0xb0 .\CortexM3\ARM_GCC_541\Debug\RADAR_Movement_Detector.a(ErikaOS_ee_altick.o)
                0x00000f88                EE_oo_IncrementCounter
 .text.EE_oo_ClearEvent
                0x00001038       0x5c .\CortexM3\ARM_GCC_541\Debug\RADAR_Movement_Detector.a(ErikaOS_ee_evclear.o)
                0x00001038                EE_oo_ClearEvent
 .text.EE_oo_GetEvent
                0x00001094       0x40 .\CortexM3\ARM_GCC_541\Debug\RADAR_Movement_Detector.a(ErikaOS_ee_evget.o)
                0x00001094                EE_oo_GetEvent
 .text.EE_oo_SetEvent
                0x000010d4      0x100 .\CortexM3\ARM_GCC_541\Debug\RADAR_Movement_Detector.a(ErikaOS_ee_evset.o)
                0x000010d4                EE_oo_SetEvent
 .text.EE_oo_WaitEvent
                0x000011d4      0x110 .\CortexM3\ARM_GCC_541\Debug\RADAR_Movement_Detector.a(ErikaOS_ee_evwait.o)
                0x000011d4                EE_oo_WaitEvent
 .text.EE_IRQ_run_next_task
                0x000012e4       0x30 .\CortexM3\ARM_GCC_541\Debug\RADAR_Movement_Detector.a(ErikaOS_ee_irqendin.o)
 .text.EE_IRQ_end_instance
                0x00001314       0x68 .\CortexM3\ARM_GCC_541\Debug\RADAR_Movement_Detector.a(ErikaOS_ee_irqendin.o)
                0x00001314                EE_IRQ_end_instance
 .text.EE_IRQ_end_post_stub
                0x0000137c       0x14 .\CortexM3\ARM_GCC_541\Debug\RADAR_Movement_Detector.a(ErikaOS_ee_irqendin.o)
                0x0000137c                EE_IRQ_end_post_stub
 .text.EE_rq2stk_exchange
                0x00001390       0x88 .\CortexM3\ARM_GCC_541\Debug\RADAR_Movement_Detector.a(ErikaOS_ee_rq_exchg.o)
                0x00001390                EE_rq2stk_exchange
 .text.EE_rq_queryfirst
                0x00001418       0x44 .\CortexM3\ARM_GCC_541\Debug\RADAR_Movement_Detector.a(ErikaOS_ee_rq_first.o)
                0x00001418                EE_rq_queryfirst
 .text.EE_rq_insert
                0x0000145c       0x74 .\CortexM3\ARM_GCC_541\Debug\RADAR_Movement_Detector.a(ErikaOS_ee_rq_inser.o)
                0x0000145c                EE_rq_insert
 .text.compute_task_tid
                0x000014d0       0x10 .\CortexM3\ARM_GCC_541\Debug\RADAR_Movement_Detector.a(ErikaOS_ee_startos.o)
 .text.EE_oo_start_os
                0x000014e0        0xc .\CortexM3\ARM_GCC_541\Debug\RADAR_Movement_Detector.a(ErikaOS_ee_startos.o)
 .text.EE_oo_autostart_tasks
                0x000014ec       0x60 .\CortexM3\ARM_GCC_541\Debug\RADAR_Movement_Detector.a(ErikaOS_ee_startos.o)
 .text.EE_oo_autostart_os
                0x0000154c        0xc .\CortexM3\ARM_GCC_541\Debug\RADAR_Movement_Detector.a(ErikaOS_ee_startos.o)
 .text.EE_oo_StartOS
                0x00001558       0x8c .\CortexM3\ARM_GCC_541\Debug\RADAR_Movement_Detector.a(ErikaOS_ee_startos.o)
                0x00001558                EE_oo_StartOS
 .text.EE_oo_TerminateTask
                0x000015e4       0x3c .\CortexM3\ARM_GCC_541\Debug\RADAR_Movement_Detector.a(ErikaOS_ee_terminat.o)
                0x000015e4                EE_oo_TerminateTask
 .text.EE_system_init
                0x00001620       0x90 .\CortexM3\ARM_GCC_541\Debug\RADAR_Movement_Detector.a(ErikaOS_cortex_mx_ee_utils.o)
                0x00001620                EE_system_init
 .text.UART_LOG_Init
                0x000016b0       0x24 .\CortexM3\ARM_GCC_541\Debug\RADAR_Movement_Detector.a(UART_LOG.o)
                0x000016b0                UART_LOG_Init
 .text.UART_LOG_Enable
                0x000016d4       0x38 .\CortexM3\ARM_GCC_541\Debug\RADAR_Movement_Detector.a(UART_LOG.o)
                0x000016d4                UART_LOG_Enable
 .text.UART_LOG_Start
                0x0000170c       0x1c .\CortexM3\ARM_GCC_541\Debug\RADAR_Movement_Detector.a(UART_LOG.o)
                0x0000170c                UART_LOG_Start
 .text.UART_LOG_ReadRxData
                0x00001728        0xc .\CortexM3\ARM_GCC_541\Debug\RADAR_Movement_Detector.a(UART_LOG.o)
                0x00001728                UART_LOG_ReadRxData
 .text.UART_LOG_ReadRxStatus
                0x00001734       0x10 .\CortexM3\ARM_GCC_541\Debug\RADAR_Movement_Detector.a(UART_LOG.o)
                0x00001734                UART_LOG_ReadRxStatus
 .text.UART_LOG_GetByte
                0x00001744       0x14 .\CortexM3\ARM_GCC_541\Debug\RADAR_Movement_Detector.a(UART_LOG.o)
                0x00001744                UART_LOG_GetByte
 .text.UART_LOG_IntClock_Start
                0x00001758       0x1c .\CortexM3\ARM_GCC_541\Debug\RADAR_Movement_Detector.a(UART_LOG_IntClock.o)
                0x00001758                UART_LOG_IntClock_Start
 .text.WaveDAC8_Enable
                0x00001774       0x28 .\CortexM3\ARM_GCC_541\Debug\RADAR_Movement_Detector.a(WaveDAC8.o)
                0x00001774                WaveDAC8_Enable
 .text.WaveDAC8_Stop
                0x0000179c       0x20 .\CortexM3\ARM_GCC_541\Debug\RADAR_Movement_Detector.a(WaveDAC8.o)
                0x0000179c                WaveDAC8_Stop
 .text.WaveDAC8_Wave1Setup
                0x000017bc       0x40 .\CortexM3\ARM_GCC_541\Debug\RADAR_Movement_Detector.a(WaveDAC8.o)
                0x000017bc                WaveDAC8_Wave1Setup
 .text.WaveDAC8_Wave2Setup
                0x000017fc       0x40 .\CortexM3\ARM_GCC_541\Debug\RADAR_Movement_Detector.a(WaveDAC8.o)
                0x000017fc                WaveDAC8_Wave2Setup
 .text.WaveDAC8_Init
                0x0000183c       0x40 .\CortexM3\ARM_GCC_541\Debug\RADAR_Movement_Detector.a(WaveDAC8.o)
                0x0000183c                WaveDAC8_Init
 .text.WaveDAC8_Start
                0x0000187c       0x1c .\CortexM3\ARM_GCC_541\Debug\RADAR_Movement_Detector.a(WaveDAC8.o)
                0x0000187c                WaveDAC8_Start
 .text.WaveDAC8_DacClk_Start
                0x00001898       0x1c .\CortexM3\ARM_GCC_541\Debug\RADAR_Movement_Detector.a(WaveDAC8_DacClk.o)
                0x00001898                WaveDAC8_DacClk_Start
 .text.WaveDAC8_DacClk_Stop
                0x000018b4       0x1c .\CortexM3\ARM_GCC_541\Debug\RADAR_Movement_Detector.a(WaveDAC8_DacClk.o)
                0x000018b4                WaveDAC8_DacClk_Stop
 .text.WaveDAC8_Wave1_DMA_DmaInitialize
                0x000018d0       0x3c .\CortexM3\ARM_GCC_541\Debug\RADAR_Movement_Detector.a(WaveDAC8_Wave1_DMA_dma.o)
                0x000018d0                WaveDAC8_Wave1_DMA_DmaInitialize
 .text.WaveDAC8_Wave2_DMA_DmaInitialize
                0x0000190c       0x3c .\CortexM3\ARM_GCC_541\Debug\RADAR_Movement_Detector.a(WaveDAC8_Wave2_DMA_dma.o)
                0x0000190c                WaveDAC8_Wave2_DMA_DmaInitialize
 .text.WaveDAC8_VDAC8_Enable
                0x00001948       0x1c .\CortexM3\ARM_GCC_541\Debug\RADAR_Movement_Detector.a(WaveDAC8_VDAC8.o)
                0x00001948                WaveDAC8_VDAC8_Enable
 .text.WaveDAC8_VDAC8_Stop
                0x00001964       0x1c .\CortexM3\ARM_GCC_541\Debug\RADAR_Movement_Detector.a(WaveDAC8_VDAC8.o)
                0x00001964                WaveDAC8_VDAC8_Stop
 .text.WaveDAC8_VDAC8_SetSpeed
                0x00001980       0x1c .\CortexM3\ARM_GCC_541\Debug\RADAR_Movement_Detector.a(WaveDAC8_VDAC8.o)
                0x00001980                WaveDAC8_VDAC8_SetSpeed
 .text.WaveDAC8_VDAC8_SetValue
                0x0000199c        0xc .\CortexM3\ARM_GCC_541\Debug\RADAR_Movement_Detector.a(WaveDAC8_VDAC8.o)
                0x0000199c                WaveDAC8_VDAC8_SetValue
 .text.WaveDAC8_VDAC8_DacTrim
                0x000019a8       0x24 .\CortexM3\ARM_GCC_541\Debug\RADAR_Movement_Detector.a(WaveDAC8_VDAC8.o)
                0x000019a8                WaveDAC8_VDAC8_DacTrim
 .text.WaveDAC8_VDAC8_SetRange
                0x000019cc       0x20 .\CortexM3\ARM_GCC_541\Debug\RADAR_Movement_Detector.a(WaveDAC8_VDAC8.o)
                0x000019cc                WaveDAC8_VDAC8_SetRange
 .text.WaveDAC8_VDAC8_Init
                0x000019ec       0x2c .\CortexM3\ARM_GCC_541\Debug\RADAR_Movement_Detector.a(WaveDAC8_VDAC8.o)
                0x000019ec                WaveDAC8_VDAC8_Init
 .text.ADC_DelSig_GainCompensation
                0x00001a18       0xdc .\CortexM3\ARM_GCC_541\Debug\RADAR_Movement_Detector.a(ADC_DelSig.o)
 .text.ADC_DelSig_SetDSMRef0Reg
                0x00001af4       0x4c .\CortexM3\ARM_GCC_541\Debug\RADAR_Movement_Detector.a(ADC_DelSig.o)
 .text.ADC_DelSig_InitConfig
                0x00001b40       0xe0 .\CortexM3\ARM_GCC_541\Debug\RADAR_Movement_Detector.a(ADC_DelSig.o)
 .text.ADC_DelSig_Init
                0x00001c20       0xc4 .\CortexM3\ARM_GCC_541\Debug\RADAR_Movement_Detector.a(ADC_DelSig.o)
                0x00001c20                ADC_DelSig_Init
 .text.ADC_DelSig_Enable
                0x00001ce4       0xd8 .\CortexM3\ARM_GCC_541\Debug\RADAR_Movement_Detector.a(ADC_DelSig.o)
                0x00001ce4                ADC_DelSig_Enable
 .text.ADC_DelSig_Start
                0x00001dbc       0x28 .\CortexM3\ARM_GCC_541\Debug\RADAR_Movement_Detector.a(ADC_DelSig.o)
                0x00001dbc                ADC_DelSig_Start
 .text.ADC_DelSig_StartConvert
                0x00001de4       0x10 .\CortexM3\ARM_GCC_541\Debug\RADAR_Movement_Detector.a(ADC_DelSig.o)
                0x00001de4                ADC_DelSig_StartConvert
 .text.ADC_DelSig_StopConvert
                0x00001df4       0x10 .\CortexM3\ARM_GCC_541\Debug\RADAR_Movement_Detector.a(ADC_DelSig.o)
                0x00001df4                ADC_DelSig_StopConvert
 .text.ADC_DelSig_ISR1
                0x00001e04        0x4 .\CortexM3\ARM_GCC_541\Debug\RADAR_Movement_Detector.a(ADC_DelSig_INT.o)
                0x00001e04                ADC_DelSig_ISR1
 .text.ADC_DelSig_AMux_Start
                0x00001e08       0x20 .\CortexM3\ARM_GCC_541\Debug\RADAR_Movement_Detector.a(ADC_DelSig_AMux.o)
                0x00001e08                ADC_DelSig_AMux_Start
 .text.ADC_DelSig_AMux_Select
                0x00001e28       0x18 .\CortexM3\ARM_GCC_541\Debug\RADAR_Movement_Detector.a(ADC_DelSig_AMux.o)
                0x00001e28                ADC_DelSig_AMux_Select
 .text.ADC_DelSig_Ext_CP_Clk_GetDividerRegister
                0x00001e40        0xc .\CortexM3\ARM_GCC_541\Debug\RADAR_Movement_Detector.a(ADC_DelSig_Ext_CP_Clk.o)
                0x00001e40                ADC_DelSig_Ext_CP_Clk_GetDividerRegister
 .text.ADC_DelSig_Ext_CP_Clk_SetModeRegister
                0x00001e4c       0x14 .\CortexM3\ARM_GCC_541\Debug\RADAR_Movement_Detector.a(ADC_DelSig_Ext_CP_Clk.o)
                0x00001e4c                ADC_DelSig_Ext_CP_Clk_SetModeRegister
 .text.ADC_DelSig_Ext_CP_Clk_GetSourceRegister
                0x00001e60       0x10 .\CortexM3\ARM_GCC_541\Debug\RADAR_Movement_Detector.a(ADC_DelSig_Ext_CP_Clk.o)
                0x00001e60                ADC_DelSig_Ext_CP_Clk_GetSourceRegister
 .text.ADC_DelSig_Ext_CP_Clk_SetDividerRegister
                0x00001e70       0xd8 .\CortexM3\ARM_GCC_541\Debug\RADAR_Movement_Detector.a(ADC_DelSig_Ext_CP_Clk.o)
                0x00001e70                ADC_DelSig_Ext_CP_Clk_SetDividerRegister
 .text.ADC_DelSig_theACLK_GetDividerRegister
                0x00001f48        0xc .\CortexM3\ARM_GCC_541\Debug\RADAR_Movement_Detector.a(ADC_DelSig_theACLK.o)
                0x00001f48                ADC_DelSig_theACLK_GetDividerRegister
 .text.ADC_DelSig_theACLK_SetModeRegister
                0x00001f54       0x14 .\CortexM3\ARM_GCC_541\Debug\RADAR_Movement_Detector.a(ADC_DelSig_theACLK.o)
                0x00001f54                ADC_DelSig_theACLK_SetModeRegister
 .text.ADC_DelSig_theACLK_GetSourceRegister
                0x00001f68       0x10 .\CortexM3\ARM_GCC_541\Debug\RADAR_Movement_Detector.a(ADC_DelSig_theACLK.o)
                0x00001f68                ADC_DelSig_theACLK_GetSourceRegister
 .text.ADC_DelSig_theACLK_SetDividerRegister
                0x00001f78       0xd8 .\CortexM3\ARM_GCC_541\Debug\RADAR_Movement_Detector.a(ADC_DelSig_theACLK.o)
                0x00001f78                ADC_DelSig_theACLK_SetDividerRegister
 .text.DMA_ADC_MEM_DmaInitialize
                0x00002050       0x3c .\CortexM3\ARM_GCC_541\Debug\RADAR_Movement_Detector.a(DMA_ADC_MEM_dma.o)
                0x00002050                DMA_ADC_MEM_DmaInitialize
 .text.DMA_MEM_UART_DmaInitialize
                0x0000208c       0x3c .\CortexM3\ARM_GCC_541\Debug\RADAR_Movement_Detector.a(DMA_MEM_UART_dma.o)
                0x0000208c                DMA_MEM_UART_DmaInitialize
 .text.Clock_1_Start
                0x000020c8       0x1c .\CortexM3\ARM_GCC_541\Debug\RADAR_Movement_Detector.a(Clock_1.o)
                0x000020c8                Clock_1_Start
 *fill*         0x000020e4        0x4 
 .text          0x000020e8       0x20 .\CortexM3\ARM_GCC_541\Debug\RADAR_Movement_Detector.a(CyBootAsmGnu.o)
                0x000020e8                CyDelayCycles
                0x000020f8                CyEnterCriticalSection
                0x00002100                CyExitCriticalSection
 .text          0x00002108       0x7c .\CortexM3\ARM_GCC_541\Debug\RADAR_Movement_Detector.a(ErikaOS_ee_gnu_change_context_isr.o)
                0x00002108                EE_set_switch_context_pri
                0x00002122                EE_switch_context
                0x0000212c                EE_cortex_mx_pendsv_ISR
                0x00002168                EE_cortex_mx_svc_ISR
 .text          0x00002184       0x24 .\CortexM3\ARM_GCC_541\Debug\RADAR_Movement_Detector.a(ErikaOS_ee_gnu_irq_stack.o)
                0x00002184                EE_cortex_mx_change_IRQ_stack
                0x00002196                EE_cortex_mx_change_IRQ_stack_back
 .text          0x000021a8       0x68 .\CortexM3\ARM_GCC_541\Debug\RADAR_Movement_Detector.a(ErikaOS_ee_gnu_multi_context.o)
                0x000021a8                EE_cortex_mx_change_context
 .text          0x00002210       0x80 .\CortexM3\ARM_GCC_541\Debug\RADAR_Movement_Detector.a(ErikaOS_ee_gnu_oo.o)
                0x00002210                EE_hal_terminate_savestk
                0x0000225a                EE_hal_terminate_task
 .text.EE_thread_not_terminated
                0x00002290       0x10 .\CortexM3\ARM_GCC_541\Debug\RADAR_Movement_Detector.a(ErikaOS_ee_tnterm.o)
                0x00002290                EE_thread_not_terminated
 .text.EE_oo_thread_stub
                0x000022a0       0x10 .\CortexM3\ARM_GCC_541\Debug\RADAR_Movement_Detector.a(ErikaOS_ee_tstub.o)
                0x000022a0                EE_oo_thread_stub
 .text.EE_std_run_task_code
                0x000022b0       0x18 .\CortexM3\ARM_GCC_541\Debug\RADAR_Movement_Detector.a(ErikaOS_cortex_mx_ee_context.o)
                0x000022b0                EE_std_run_task_code
 .text.EE_std_need_context_change
                0x000022c8       0x28 .\CortexM3\ARM_GCC_541\Debug\RADAR_Movement_Detector.a(ErikaOS_cortex_mx_ee_context.o)
                0x000022c8                EE_std_need_context_change
 .text.EE_thread_rnact_max
                0x000022f0       0x20 .\CortexM3\ARM_GCC_541\Debug\RADAR_Movement_Detector.a(ErikaOS_ee_thendin.o)
 .text.EE_thread_endcycle_next
                0x00002310       0x30 .\CortexM3\ARM_GCC_541\Debug\RADAR_Movement_Detector.a(ErikaOS_ee_thendin.o)
 .text.EE_thread_end_instance
                0x00002340      0x108 .\CortexM3\ARM_GCC_541\Debug\RADAR_Movement_Detector.a(ErikaOS_ee_thendin.o)
                0x00002340                EE_thread_end_instance
 .text.__errno  0x00002448        0xc c:/program files (x86)/cypress/psoc creator/4.4/psoc creator/import/gnu/arm/5.4.1/bin/../lib/gcc/arm-none-eabi/5.4.1/../../../../arm-none-eabi/lib/armv7-m\libg_nano.a(lib_a-errno.o)
                0x00002448                __errno
 .text.__libc_init_array
                0x00002454       0x4c c:/program files (x86)/cypress/psoc creator/4.4/psoc creator/import/gnu/arm/5.4.1/bin/../lib/gcc/arm-none-eabi/5.4.1/../../../../arm-none-eabi/lib/armv7-m\libg_nano.a(lib_a-init.o)
                0x00002454                __libc_init_array
 .text.memcpy   0x000024a0       0x16 c:/program files (x86)/cypress/psoc creator/4.4/psoc creator/import/gnu/arm/5.4.1/bin/../lib/gcc/arm-none-eabi/5.4.1/../../../../arm-none-eabi/lib/armv7-m\libg_nano.a(lib_a-memcpy-stub.o)
                0x000024a0                memcpy
 .text.memset   0x000024b6       0x10 c:/program files (x86)/cypress/psoc creator/4.4/psoc creator/import/gnu/arm/5.4.1/bin/../lib/gcc/arm-none-eabi/5.4.1/../../../../arm-none-eabi/lib/armv7-m\libg_nano.a(lib_a-memset.o)
                0x000024b6                memset
 *(.plt)
 *(.gnu.warning)
 *(.glue_7t)
 .glue_7t       0x000024c6        0x0 linker stubs
 *(.glue_7)
 .glue_7        0x000024c6        0x0 linker stubs
 *(.vfp11_veneer)
 .vfp11_veneer  0x000024c6        0x0 linker stubs
 *(.bootloader)
 *(.ARM.extab* .gnu.linkonce.armextab.*)
 *(.gcc_except_table)

.v4_bx          0x000024c8        0x0
 .v4_bx         0x000024c8        0x0 linker stubs

.iplt           0x000024c8        0x0
 .iplt          0x000024c8        0x0 c:/program files (x86)/cypress/psoc creator/4.4/psoc creator/import/gnu/arm/5.4.1/bin/../lib/gcc/arm-none-eabi/5.4.1/armv7-m/crtbegin.o

.eh_frame_hdr
 *(.eh_frame_hdr)

.eh_frame       0x000024c8        0x4
 *(.eh_frame)
 .eh_frame      0x000024c8        0x0 c:/program files (x86)/cypress/psoc creator/4.4/psoc creator/import/gnu/arm/5.4.1/bin/../lib/gcc/arm-none-eabi/5.4.1/armv7-m/crtbegin.o
 .eh_frame      0x000024c8        0x4 c:/program files (x86)/cypress/psoc creator/4.4/psoc creator/import/gnu/arm/5.4.1/bin/../lib/gcc/arm-none-eabi/5.4.1/armv7-m/crtend.o
                [!provide]                PROVIDE (__exidx_start, .)

.ARM.exidx
 *(.ARM.exidx* .gnu.linkonce.armexidx.*)
                0x000024cc                __exidx_end = .

.rodata         0x000024cc      0xb2c
 *(.rodata .rodata.* .gnu.linkonce.r.*)
 .rodata        0x000024cc       0x52 .\CortexM3\ARM_GCC_541\Debug\cyfitter_cfg.o
                0x000024cc                ADC_DelSig_AMux__addrTable
                0x000024d4                ADC_DelSig_AMux__maskTable
 *fill*         0x0000251e        0x2 
 .rodata        0x00002520      0x100 .\CortexM3\ARM_GCC_541\Debug\RADAR_Movement_Detector.a(ErikaOS_ee_lookup.o)
                0x00002520                EE_rq_lookup
 .rodata        0x00002620       0xb8 .\CortexM3\ARM_GCC_541\Debug\RADAR_Movement_Detector.a(ErikaOS_eecfg.o)
                0x00002620                EE_oo_autostart_task_data
                0x0000262c                EE_oo_action_ROM
                0x00002640                EE_oo_counter_object_ROM
                0x0000264c                EE_ALARM_ID
                0x00002650                EE_alarm_ROM
                0x00002654                EE_counter_ROM
                0x00002660                EE_th_is_extended
                0x0000266c                EE_th_rnact_max
                0x00002678                EE_th_dispatch_prio
                0x00002684                EE_EVENT_ID
                0x000026a4                EE_th_ready_prio
                0x000026b0                EE_terminate_real_th_body
                0x000026bc                EE_hal_thread_body
                0x000026c8                EE_std_thread_tos
 .rodata.str1.4
                0x000026d8       0xb0 .\CortexM3\ARM_GCC_541\Debug\RADAR_Movement_Detector.a(ErikaOS_eecfg.o)
 .rodata        0x00002788      0x834 .\CortexM3\ARM_GCC_541\Debug\RADAR_Movement_Detector.a(WaveDAC8.o)
                0x00002788                WaveDAC8_wave1
                0x00002f58                WaveDAC8_wave2
 .rodata.str1.1
                0x00002fbc        0x2 c:/program files (x86)/cypress/psoc creator/4.4/psoc creator/import/gnu/arm/5.4.1/bin/../lib/gcc/arm-none-eabi/5.4.1/../../../../arm-none-eabi/lib/armv7-m\libg_nano.a(lib_a-impure.o)
                0x00002fc0                . = ALIGN (0x4)
 *fill*         0x00002fbe        0x2 
 *(.init)
 .init          0x00002fc0        0x4 c:/program files (x86)/cypress/psoc creator/4.4/psoc creator/import/gnu/arm/5.4.1/bin/../lib/gcc/arm-none-eabi/5.4.1/armv7-m/crti.o
                0x00002fc0                _init
 .init          0x00002fc4        0x8 c:/program files (x86)/cypress/psoc creator/4.4/psoc creator/import/gnu/arm/5.4.1/bin/../lib/gcc/arm-none-eabi/5.4.1/armv7-m/crtn.o
                0x00002fcc                . = ALIGN (0x4)
                0x00002fcc                __preinit_array_start = .
 *(.preinit_array)
                0x00002fcc                __preinit_array_end = .
                0x00002fcc                . = ALIGN (0x4)
                0x00002fcc                __init_array_start = .
 *(SORT(.init_array.*))
 *(.init_array)
 .init_array    0x00002fcc        0x4 c:/program files (x86)/cypress/psoc creator/4.4/psoc creator/import/gnu/arm/5.4.1/bin/../lib/gcc/arm-none-eabi/5.4.1/armv7-m/crtbegin.o
 .init_array    0x00002fd0        0x4 .\CortexM3\ARM_GCC_541\Debug\Cm3Start.o
                0x00002fd4                __init_array_end = .
                0x00002fd4                . = ALIGN (0x4)
 *(.fini)
 .fini          0x00002fd4        0x4 c:/program files (x86)/cypress/psoc creator/4.4/psoc creator/import/gnu/arm/5.4.1/bin/../lib/gcc/arm-none-eabi/5.4.1/armv7-m/crti.o
                0x00002fd4                _fini
 .fini          0x00002fd8        0x8 c:/program files (x86)/cypress/psoc creator/4.4/psoc creator/import/gnu/arm/5.4.1/bin/../lib/gcc/arm-none-eabi/5.4.1/armv7-m/crtn.o
                0x00002fe0                . = ALIGN (0x4)
                0x00002fe0                __fini_array_start = .
 *(.fini_array)
 .fini_array    0x00002fe0        0x4 c:/program files (x86)/cypress/psoc creator/4.4/psoc creator/import/gnu/arm/5.4.1/bin/../lib/gcc/arm-none-eabi/5.4.1/armv7-m/crtbegin.o
 *(SORT(.fini_array.*))
                0x00002fe4                __fini_array_end = .
                0x00002fe4                . = ALIGN (0x4)
 *crtbegin.o(.ctors)
 *(EXCLUDE_FILE(*crtend.o) .ctors)
 *(SORT(.ctors.*))
 *crtend.o(.ctors)
                0x00002fe4                . = ALIGN (0x4)
 *crtbegin.o(.dtors)
 *(EXCLUDE_FILE(*crtend.o) .dtors)
 *(SORT(.dtors.*))
 *crtend.o(.dtors)
                0x00002fe4                . = ALIGN (0x4)
                0x00002fe4                __cy_regions = .
                0x00002fe4        0x4 LONG 0x2ff8 __cy_region_init_ram
                0x00002fe8        0x4 LONG 0x1fff80c8 __cy_region_start_data
                0x00002fec        0x4 LONG 0x1a0 __cy_region_init_size_ram
                0x00002ff0        0x4 LONG 0x1098 __cy_region_zero_size_ram
                0x00002ff4                __cy_regions_end = .
                0x00002ff8                . = ALIGN (0x8)
 *fill*         0x00002ff4        0x4 
                0x00002ff8                _etext = .

.cy_checksum_exclude
                0x00002ff8        0x0
 *(.cy_checksum_exclude)

.ramvectors     0x1fff8000       0xc0
                0x1fff8000                __cy_region_start_ram = .
 *(.ramvectors)
 .ramvectors    0x1fff8000       0xc0 .\CortexM3\ARM_GCC_541\Debug\Cm3Start.o
                0x1fff8000                CyRamVectors

.noinit         0x1fff80c0        0x1
 *(.noinit)
 .noinit        0x1fff80c0        0x1 .\CortexM3\ARM_GCC_541\Debug\RADAR_Movement_Detector.a(CyLib.o)
                0x1fff80c0                CyResetStatus

.data           0x1fff80c8      0x1a0 load address 0x00002ff8
                0x1fff80c8                __cy_region_start_data = .
 *(.jcr)
 .jcr           0x1fff80c8        0x0 c:/program files (x86)/cypress/psoc creator/4.4/psoc creator/import/gnu/arm/5.4.1/bin/../lib/gcc/arm-none-eabi/5.4.1/armv7-m/crtbegin.o
 .jcr           0x1fff80c8        0x4 c:/program files (x86)/cypress/psoc creator/4.4/psoc creator/import/gnu/arm/5.4.1/bin/../lib/gcc/arm-none-eabi/5.4.1/armv7-m/crtend.o
 *(.got.plt)
 *(.got)
 *(.shdata)
 *(.data .data.* .gnu.linkonce.d.*)
 .data          0x1fff80cc        0x8 .\CortexM3\ARM_GCC_541\Debug\RADAR_Movement_Detector.a(CyDmac.o)
 .data          0x1fff80d4       0x10 .\CortexM3\ARM_GCC_541\Debug\RADAR_Movement_Detector.a(CyLib.o)
                0x1fff80d4                cydelay_32k_ms
                0x1fff80d8                cydelay_freq_khz
                0x1fff80dc                cydelay_freq_mhz
                0x1fff80e0                cydelay_freq_hz
 .data          0x1fff80e4      0x114 .\CortexM3\ARM_GCC_541\Debug\RADAR_Movement_Detector.a(ErikaOS_eecfg.o)
                0x1fff80e4                EE_ALARM_NAME
                0x1fff80e8                EE_counter_RAM
                0x1fff80f0                EE_th_terminate_nextask
                0x1fff80fc                EE_rq_pairs_next
                0x1fff8108                EE_rq_link
                0x1fff8114                EE_th_rnact
                0x1fff8120                EE_rq_queues_tail
                0x1fff8160                EE_rq_queues_head
                0x1fff81a0                EE_stkfirst
                0x1fff81a4                EE_th_next
                0x1fff81b0                EE_th_status
                0x1fff81bc                EE_EVENT_NAME
                0x1fff81dc                EE_TASK_NAME
                0x1fff81e8                EE_cortex_mx_IRQ_tos
                0x1fff81ec                EE_cortex_mx_system_tos
 .data          0x1fff81f8        0x1 .\CortexM3\ARM_GCC_541\Debug\RADAR_Movement_Detector.a(WaveDAC8_Wave1_DMA_dma.o)
                0x1fff81f8                WaveDAC8_Wave1_DMA_DmaHandle
 .data          0x1fff81f9        0x1 .\CortexM3\ARM_GCC_541\Debug\RADAR_Movement_Detector.a(WaveDAC8_Wave2_DMA_dma.o)
                0x1fff81f9                WaveDAC8_Wave2_DMA_DmaHandle
 .data          0x1fff81fa        0x1 .\CortexM3\ARM_GCC_541\Debug\RADAR_Movement_Detector.a(ADC_DelSig.o)
                0x1fff81fa                ADC_DelSig_Config
 .data          0x1fff81fb        0x1 .\CortexM3\ARM_GCC_541\Debug\RADAR_Movement_Detector.a(ADC_DelSig_AMux.o)
 .data          0x1fff81fc        0x1 .\CortexM3\ARM_GCC_541\Debug\RADAR_Movement_Detector.a(DMA_ADC_MEM_dma.o)
                0x1fff81fc                DMA_ADC_MEM_DmaHandle
 .data          0x1fff81fd        0x1 .\CortexM3\ARM_GCC_541\Debug\RADAR_Movement_Detector.a(DMA_MEM_UART_dma.o)
                0x1fff81fd                DMA_MEM_UART_DmaHandle
 .data          0x1fff81fe        0x4 .\CortexM3\ARM_GCC_541\Debug\RADAR_Movement_Detector.a(ErikaOS_ee_gnu_irq_stack.o)
 *fill*         0x1fff8202        0x2 
 .data.impure_data
                0x1fff8204       0x60 c:/program files (x86)/cypress/psoc creator/4.4/psoc creator/import/gnu/arm/5.4.1/bin/../lib/gcc/arm-none-eabi/5.4.1/../../../../arm-none-eabi/lib/armv7-m\libg_nano.a(lib_a-impure.o)
 .data._impure_ptr
                0x1fff8264        0x4 c:/program files (x86)/cypress/psoc creator/4.4/psoc creator/import/gnu/arm/5.4.1/bin/../lib/gcc/arm-none-eabi/5.4.1/../../../../arm-none-eabi/lib/armv7-m\libg_nano.a(lib_a-impure.o)
                0x1fff8264                _impure_ptr
                0x1fff8268                . = ALIGN (0x8)
 *(.ram)
                0x1fff8268                _edata = .

.igot.plt       0x1fff8268        0x0 load address 0x00003198
 .igot.plt      0x1fff8268        0x0 c:/program files (x86)/cypress/psoc creator/4.4/psoc creator/import/gnu/arm/5.4.1/bin/../lib/gcc/arm-none-eabi/5.4.1/armv7-m/crtbegin.o

.bss            0x1fff8268     0x1098 load address 0x00003198
                0x1fff8268                PROVIDE (__bss_start__, .)
 *(.shbss)
 *(.bss .bss.* .gnu.linkonce.b.*)
 .bss           0x1fff8268       0x1c c:/program files (x86)/cypress/psoc creator/4.4/psoc creator/import/gnu/arm/5.4.1/bin/../lib/gcc/arm-none-eabi/5.4.1/armv7-m/crtbegin.o
 .bss           0x1fff8284       0x34 .\CortexM3\ARM_GCC_541\Debug\RADAR_Movement_Detector.a(ErikaOS_eecfg.o)
                0x1fff8284                EE_th_waswaiting
                0x1fff8290                EE_th_event_waitmask
                0x1fff829c                EE_th_event_active
                0x1fff82a8                EE_rq_free
                0x1fff82ac                EE_rq_bitmask
                0x1fff82b0                EE_sys_ceiling
                0x1fff82b4                EE_cortex_mx_active_tos
 .bss           0x1fff82b8        0x2 .\CortexM3\ARM_GCC_541\Debug\RADAR_Movement_Detector.a(UART_LOG.o)
                0x1fff82b8                UART_LOG_initVar
 .bss           0x1fff82ba        0x5 .\CortexM3\ARM_GCC_541\Debug\RADAR_Movement_Detector.a(WaveDAC8.o)
                0x1fff82be                WaveDAC8_initVar
 *fill*         0x1fff82bf        0x1 
 .bss           0x1fff82c0        0xc .\CortexM3\ARM_GCC_541\Debug\RADAR_Movement_Detector.a(ADC_DelSig.o)
                0x1fff82c4                ADC_DelSig_stopConversion
                0x1fff82c5                ADC_DelSig_convDone
                0x1fff82c6                ADC_DelSig_initVar
                0x1fff82c7                ADC_DelSig_started
                0x1fff82c8                ADC_DelSig_Offset
 *(COMMON)
 COMMON         0x1fff82cc      0x80e .\CortexM3\ARM_GCC_541\Debug\main.o
                0x1fff82cc                DMA_ADC_MEM_TD
                0x1fff82d0                ADCBuffer
                0x1fff8ad0                DMA_MEM_UART_TD
                0x1fff8ad1                DMA_MEM_UART_Chan
                0x1fff8ad2                DMA_ADC_MEM_Chan
                0x1fff8ad4                movementDetector
 *fill*         0x1fff8ada        0x2 
 COMMON         0x1fff8adc        0x8 .\CortexM3\ARM_GCC_541\Debug\RADAR_Movement_Detector.a(ErikaOS_ee_lookup.o)
                0x1fff8adc                EE_oo_IRQ_disable_count
                0x1fff8ae0                EE_oo_IRQ_suspend_status
 COMMON         0x1fff8ae4        0x4 .\CortexM3\ARM_GCC_541\Debug\RADAR_Movement_Detector.a(ErikaOS_ee_startos.o)
                0x1fff8ae4                EE_oo_started
 COMMON         0x1fff8ae8        0x8 .\CortexM3\ARM_GCC_541\Debug\RADAR_Movement_Detector.a(ErikaOS_common_ee_hal_structs.o)
                0x1fff8ae8                EE_IRQ_nesting_level
                0x1fff8aec                EE_std_endcycle_next_tid
 COMMON         0x1fff8af0      0x808 .\CortexM3\ARM_GCC_541\Debug\RADAR_Movement_Detector.a(ErikaOS_eecfg.o)
                0x1fff8af0                EE_cortex_mx_stack_3
                0x1fff8ed8                EE_rq_pairs_tid
                0x1fff8ee4                EE_terminate_data
                0x1fff8ef0                EE_oo_counter_object_RAM
                0x1fff8f00                EE_cortex_mx_stack_2
                0x1fff90f4                EE_ApplicationMode
                0x1fff90f8                EE_cortex_mx_stack_9
 COMMON         0x1fff92f8        0x4 .\CortexM3\ARM_GCC_541\Debug\RADAR_Movement_Detector.a(ADC_DelSig.o)
                0x1fff92f8                ADC_DelSig_CountsPerVolt
                0x1fff9300                . = ALIGN (0x8)
 *fill*         0x1fff92fc        0x4 
 *(.ram.b)
                0x1fff9300                _end = .
                0x1fff9300                __end = .
                0x1fff9300                PROVIDE (end, .)
                0x1fff9300                PROVIDE (__bss_end__, .)
                0x00002ff8                __cy_region_init_ram = LOADADDR (.data)
                0x000001a0                __cy_region_init_size_ram = (_edata - ADDR (.data))
                0x00001098                __cy_region_zero_size_ram = (_end - _edata)

.heap           0x1fff9300       0x80 load address 0x00003198
                0x1fff9300                . = _end
                0x1fff9380                . = (. + 0x80)
 *fill*         0x1fff9300       0x80 
                0x1fff9380                __cy_heap_limit = .

.stack          0x20007800      0x800
                0x20007800                __cy_stack_limit = .
                0x20008000                . = (. + 0x800)
 *fill*         0x20007800      0x800 
                0x00000001                ASSERT ((__cy_stack_limit >= __cy_heap_limit), region RAM overflowed with stack)
                0x00000000                cy_checksum_exclude_size = (CY_APPL_LOADABLE == 0x1)?SIZEOF (.cy_checksum_exclude):0x0
                0x00000001                ASSERT ((cy_checksum_exclude_size <= CY_CHECKSUM_EXCLUDE_SIZE), CY_BOOT: Section .cy_checksum_exclude size exceedes specified limit.)

.cyloadermeta
 *(.cyloadermeta)

.cyloadablemeta
 *(.cyloadablemeta)

.cyconfigecc    0x80000000      0x3ac
 *(.cyconfigecc)
 .cyconfigecc   0x80000000      0x3ac .\CortexM3\ARM_GCC_541\Debug\cymetadata.o
                0x80000000                cy_meta_configecc

.cycustnvl      0x90000000        0x4
 *(.cycustnvl)
 .cycustnvl     0x90000000        0x4 .\CortexM3\ARM_GCC_541\Debug\cymetadata.o
                0x90000000                cy_meta_custnvl

.cywolatch      0x90100000        0x4
 *(.cywolatch)
 .cywolatch     0x90100000        0x4 .\CortexM3\ARM_GCC_541\Debug\cymetadata.o
                0x90100000                cy_meta_wonvl

.cyeeprom       0x90200000        0x0
 *(.cyeeprom)
                0x00000001                ASSERT ((. <= ((0x90200000 + ee_offset) + ee_size)), .cyeeprom data will not fit in EEPROM)

.cyflashprotect
                0x90400000      0x100
 *(.cyflashprotect)
 .cyflashprotect
                0x90400000      0x100 .\CortexM3\ARM_GCC_541\Debug\cymetadata.o
                0x90400000                cy_meta_flashprotect

.cymeta         0x90500000        0xc
 *(.cymeta)
 .cymeta        0x90500000        0xc .\CortexM3\ARM_GCC_541\Debug\cymetadata.o
                0x90500000                cy_metadata

.rel.dyn        0x00003198        0x0 load address 0x9050000c
 .rel.iplt      0x00003198        0x0 c:/program files (x86)/cypress/psoc creator/4.4/psoc creator/import/gnu/arm/5.4.1/bin/../lib/gcc/arm-none-eabi/5.4.1/armv7-m/crtbegin.o

.stab
 *(.stab)

.stabstr
 *(.stabstr)

.debug
 *(.debug)

.line
 *(.line)

.debug_srcinfo
 *(.debug_srcinfo)

.debug_sfnames
 *(.debug_sfnames)

.debug_aranges  0x00000000     0x10c8
 *(.debug_aranges)
 .debug_aranges
                0x00000000       0x90 .\CortexM3\ARM_GCC_541\Debug\main.o
 .debug_aranges
                0x00000090       0x30 .\CortexM3\ARM_GCC_541\Debug\led.o
 .debug_aranges
                0x000000c0       0x30 .\CortexM3\ARM_GCC_541\Debug\uart.o
 .debug_aranges
                0x000000f0       0x68 .\CortexM3\ARM_GCC_541\Debug\cyfitter_cfg.o
 .debug_aranges
                0x00000158       0x18 .\CortexM3\ARM_GCC_541\Debug\cymetadata.o
 .debug_aranges
                0x00000170       0x48 .\CortexM3\ARM_GCC_541\Debug\Cm3Start.o
 .debug_aranges
                0x000001b8       0xd8 .\CortexM3\ARM_GCC_541\Debug\RADAR_Movement_Detector.a(CyDmac.o)
 .debug_aranges
                0x00000290      0x2a0 .\CortexM3\ARM_GCC_541\Debug\RADAR_Movement_Detector.a(CyLib.o)
 .debug_aranges
                0x00000530       0x98 .\CortexM3\ARM_GCC_541\Debug\RADAR_Movement_Detector.a(cyPm.o)
 .debug_aranges
                0x000005c8       0x20 .\CortexM3\ARM_GCC_541\Debug\RADAR_Movement_Detector.a(ErikaOS_ee_activate.o)
 .debug_aranges
                0x000005e8       0x58 .\CortexM3\ARM_GCC_541\Debug\RADAR_Movement_Detector.a(ErikaOS_ee_altick.o)
 .debug_aranges
                0x00000640       0x20 .\CortexM3\ARM_GCC_541\Debug\RADAR_Movement_Detector.a(ErikaOS_ee_evclear.o)
 .debug_aranges
                0x00000660       0x20 .\CortexM3\ARM_GCC_541\Debug\RADAR_Movement_Detector.a(ErikaOS_ee_evget.o)
 .debug_aranges
                0x00000680       0x20 .\CortexM3\ARM_GCC_541\Debug\RADAR_Movement_Detector.a(ErikaOS_ee_evset.o)
 .debug_aranges
                0x000006a0       0x20 .\CortexM3\ARM_GCC_541\Debug\RADAR_Movement_Detector.a(ErikaOS_ee_evwait.o)
 .debug_aranges
                0x000006c0       0x30 .\CortexM3\ARM_GCC_541\Debug\RADAR_Movement_Detector.a(ErikaOS_ee_irqendin.o)
 .debug_aranges
                0x000006f0       0x18 .\CortexM3\ARM_GCC_541\Debug\RADAR_Movement_Detector.a(ErikaOS_ee_lookup.o)
 .debug_aranges
                0x00000708       0x20 .\CortexM3\ARM_GCC_541\Debug\RADAR_Movement_Detector.a(ErikaOS_ee_rq_exchg.o)
 .debug_aranges
                0x00000728       0x20 .\CortexM3\ARM_GCC_541\Debug\RADAR_Movement_Detector.a(ErikaOS_ee_rq_first.o)
 .debug_aranges
                0x00000748       0x20 .\CortexM3\ARM_GCC_541\Debug\RADAR_Movement_Detector.a(ErikaOS_ee_rq_inser.o)
 .debug_aranges
                0x00000768       0x40 .\CortexM3\ARM_GCC_541\Debug\RADAR_Movement_Detector.a(ErikaOS_ee_startos.o)
 .debug_aranges
                0x000007a8       0x20 .\CortexM3\ARM_GCC_541\Debug\RADAR_Movement_Detector.a(ErikaOS_ee_terminat.o)
 .debug_aranges
                0x000007c8       0x20 .\CortexM3\ARM_GCC_541\Debug\RADAR_Movement_Detector.a(ErikaOS_cortex_mx_ee_utils.o)
 .debug_aranges
                0x000007e8       0x18 .\CortexM3\ARM_GCC_541\Debug\RADAR_Movement_Detector.a(ErikaOS_common_ee_hal_structs.o)
 .debug_aranges
                0x00000800       0x18 .\CortexM3\ARM_GCC_541\Debug\RADAR_Movement_Detector.a(ErikaOS_eecfg.o)
 .debug_aranges
                0x00000818       0x38 .\CortexM3\ARM_GCC_541\Debug\RADAR_Movement_Detector.a(LED_green.o)
 .debug_aranges
                0x00000850       0x38 .\CortexM3\ARM_GCC_541\Debug\RADAR_Movement_Detector.a(LED_orange.o)
 .debug_aranges
                0x00000888       0x38 .\CortexM3\ARM_GCC_541\Debug\RADAR_Movement_Detector.a(LED_red.o)
 .debug_aranges
                0x000008c0       0xf0 .\CortexM3\ARM_GCC_541\Debug\RADAR_Movement_Detector.a(UART_LOG.o)
 .debug_aranges
                0x000009b0       0x70 .\CortexM3\ARM_GCC_541\Debug\RADAR_Movement_Detector.a(UART_LOG_IntClock.o)
 .debug_aranges
                0x00000a20       0x50 .\CortexM3\ARM_GCC_541\Debug\RADAR_Movement_Detector.a(WaveDAC8.o)
 .debug_aranges
                0x00000a70       0x70 .\CortexM3\ARM_GCC_541\Debug\RADAR_Movement_Detector.a(WaveDAC8_DacClk.o)
 .debug_aranges
                0x00000ae0       0x28 .\CortexM3\ARM_GCC_541\Debug\RADAR_Movement_Detector.a(WaveDAC8_Wave1_DMA_dma.o)
 .debug_aranges
                0x00000b08       0x28 .\CortexM3\ARM_GCC_541\Debug\RADAR_Movement_Detector.a(WaveDAC8_Wave2_DMA_dma.o)
 .debug_aranges
                0x00000b30       0x58 .\CortexM3\ARM_GCC_541\Debug\RADAR_Movement_Detector.a(WaveDAC8_VDAC8.o)
 .debug_aranges
                0x00000b88       0xe8 .\CortexM3\ARM_GCC_541\Debug\RADAR_Movement_Detector.a(ADC_DelSig.o)
 .debug_aranges
                0x00000c70       0x38 .\CortexM3\ARM_GCC_541\Debug\RADAR_Movement_Detector.a(ADC_DelSig_INT.o)
 .debug_aranges
                0x00000ca8       0x30 .\CortexM3\ARM_GCC_541\Debug\RADAR_Movement_Detector.a(ADC_DelSig_AMux.o)
 .debug_aranges
                0x00000cd8       0x70 .\CortexM3\ARM_GCC_541\Debug\RADAR_Movement_Detector.a(ADC_DelSig_Ext_CP_Clk.o)
 .debug_aranges
                0x00000d48       0x80 .\CortexM3\ARM_GCC_541\Debug\RADAR_Movement_Detector.a(ADC_DelSig_theACLK.o)
 .debug_aranges
                0x00000dc8       0x28 .\CortexM3\ARM_GCC_541\Debug\RADAR_Movement_Detector.a(DMA_ADC_MEM_dma.o)
 .debug_aranges
                0x00000df0       0x28 .\CortexM3\ARM_GCC_541\Debug\RADAR_Movement_Detector.a(DMA_MEM_UART_dma.o)
 .debug_aranges
                0x00000e18       0x70 .\CortexM3\ARM_GCC_541\Debug\RADAR_Movement_Detector.a(Clock_1.o)
 .debug_aranges
                0x00000e88       0x20 .\CortexM3\ARM_GCC_541\Debug\RADAR_Movement_Detector.a(CyBootAsmGnu.o)
 .debug_aranges
                0x00000ea8       0x20 .\CortexM3\ARM_GCC_541\Debug\RADAR_Movement_Detector.a(ErikaOS_ee_gnu_change_context_isr.o)
 .debug_aranges
                0x00000ec8       0x20 .\CortexM3\ARM_GCC_541\Debug\RADAR_Movement_Detector.a(ErikaOS_ee_gnu_irq_stack.o)
 .debug_aranges
                0x00000ee8       0x20 .\CortexM3\ARM_GCC_541\Debug\RADAR_Movement_Detector.a(ErikaOS_ee_gnu_multi_context.o)
 .debug_aranges
                0x00000f08       0x20 .\CortexM3\ARM_GCC_541\Debug\RADAR_Movement_Detector.a(ErikaOS_ee_gnu_oo.o)
 .debug_aranges
                0x00000f28       0x88 .\CortexM3\ARM_GCC_541\Debug\RADAR_Movement_Detector.a(CyFlash.o)
 .debug_aranges
                0x00000fb0       0x80 .\CortexM3\ARM_GCC_541\Debug\RADAR_Movement_Detector.a(CySpc.o)
 .debug_aranges
                0x00001030       0x20 .\CortexM3\ARM_GCC_541\Debug\RADAR_Movement_Detector.a(ErikaOS_ee_tnterm.o)
 .debug_aranges
                0x00001050       0x20 .\CortexM3\ARM_GCC_541\Debug\RADAR_Movement_Detector.a(ErikaOS_ee_tstub.o)
 .debug_aranges
                0x00001070       0x28 .\CortexM3\ARM_GCC_541\Debug\RADAR_Movement_Detector.a(ErikaOS_cortex_mx_ee_context.o)
 .debug_aranges
                0x00001098       0x30 .\CortexM3\ARM_GCC_541\Debug\RADAR_Movement_Detector.a(ErikaOS_ee_thendin.o)

.debug_pubnames
 *(.debug_pubnames)

.debug_info     0x00000000    0x11d84
 *(.debug_info .gnu.linkonce.wi.*)
 .debug_info    0x00000000      0xfdc .\CortexM3\ARM_GCC_541\Debug\main.o
 .debug_info    0x00000fdc      0x68e .\CortexM3\ARM_GCC_541\Debug\led.o
 .debug_info    0x0000166a      0x26d .\CortexM3\ARM_GCC_541\Debug\uart.o
 .debug_info    0x000018d7      0x6bc .\CortexM3\ARM_GCC_541\Debug\cyfitter_cfg.o
 .debug_info    0x00001f93      0x135 .\CortexM3\ARM_GCC_541\Debug\cymetadata.o
 .debug_info    0x000020c8      0x3cf .\CortexM3\ARM_GCC_541\Debug\Cm3Start.o
 .debug_info    0x00002497      0x94e .\CortexM3\ARM_GCC_541\Debug\RADAR_Movement_Detector.a(CyDmac.o)
 .debug_info    0x00002de5     0x1374 .\CortexM3\ARM_GCC_541\Debug\RADAR_Movement_Detector.a(CyLib.o)
 .debug_info    0x00004159      0xa2a .\CortexM3\ARM_GCC_541\Debug\RADAR_Movement_Detector.a(cyPm.o)
 .debug_info    0x00004b83      0x80d .\CortexM3\ARM_GCC_541\Debug\RADAR_Movement_Detector.a(ErikaOS_ee_activate.o)
 .debug_info    0x00005390      0xc3b .\CortexM3\ARM_GCC_541\Debug\RADAR_Movement_Detector.a(ErikaOS_ee_altick.o)
 .debug_info    0x00005fcb      0x5a7 .\CortexM3\ARM_GCC_541\Debug\RADAR_Movement_Detector.a(ErikaOS_ee_evclear.o)
 .debug_info    0x00006572      0x4ca .\CortexM3\ARM_GCC_541\Debug\RADAR_Movement_Detector.a(ErikaOS_ee_evget.o)
 .debug_info    0x00006a3c      0x7c3 .\CortexM3\ARM_GCC_541\Debug\RADAR_Movement_Detector.a(ErikaOS_ee_evset.o)
 .debug_info    0x000071ff      0x84e .\CortexM3\ARM_GCC_541\Debug\RADAR_Movement_Detector.a(ErikaOS_ee_evwait.o)
 .debug_info    0x00007a4d      0x5cb .\CortexM3\ARM_GCC_541\Debug\RADAR_Movement_Detector.a(ErikaOS_ee_irqendin.o)
 .debug_info    0x00008018      0x3d0 .\CortexM3\ARM_GCC_541\Debug\RADAR_Movement_Detector.a(ErikaOS_ee_lookup.o)
 .debug_info    0x000083e8      0x46f .\CortexM3\ARM_GCC_541\Debug\RADAR_Movement_Detector.a(ErikaOS_ee_rq_exchg.o)
 .debug_info    0x00008857      0x421 .\CortexM3\ARM_GCC_541\Debug\RADAR_Movement_Detector.a(ErikaOS_ee_rq_first.o)
 .debug_info    0x00008c78      0x475 .\CortexM3\ARM_GCC_541\Debug\RADAR_Movement_Detector.a(ErikaOS_ee_rq_inser.o)
 .debug_info    0x000090ed     0x2040 .\CortexM3\ARM_GCC_541\Debug\RADAR_Movement_Detector.a(ErikaOS_ee_startos.o)
 .debug_info    0x0000b12d      0x589 .\CortexM3\ARM_GCC_541\Debug\RADAR_Movement_Detector.a(ErikaOS_ee_terminat.o)
 .debug_info    0x0000b6b6      0x55b .\CortexM3\ARM_GCC_541\Debug\RADAR_Movement_Detector.a(ErikaOS_cortex_mx_ee_utils.o)
 .debug_info    0x0000bc11      0x3cb .\CortexM3\ARM_GCC_541\Debug\RADAR_Movement_Detector.a(ErikaOS_common_ee_hal_structs.o)
 .debug_info    0x0000bfdc      0x8d7 .\CortexM3\ARM_GCC_541\Debug\RADAR_Movement_Detector.a(ErikaOS_eecfg.o)
 .debug_info    0x0000c8b3      0x11f .\CortexM3\ARM_GCC_541\Debug\RADAR_Movement_Detector.a(LED_green.o)
 .debug_info    0x0000c9d2      0x11f .\CortexM3\ARM_GCC_541\Debug\RADAR_Movement_Detector.a(LED_orange.o)
 .debug_info    0x0000caf1      0x11f .\CortexM3\ARM_GCC_541\Debug\RADAR_Movement_Detector.a(LED_red.o)
 .debug_info    0x0000cc10      0x60c .\CortexM3\ARM_GCC_541\Debug\RADAR_Movement_Detector.a(UART_LOG.o)
 .debug_info    0x0000d21c      0x283 .\CortexM3\ARM_GCC_541\Debug\RADAR_Movement_Detector.a(UART_LOG_IntClock.o)
 .debug_info    0x0000d49f      0x519 .\CortexM3\ARM_GCC_541\Debug\RADAR_Movement_Detector.a(WaveDAC8.o)
 .debug_info    0x0000d9b8      0x283 .\CortexM3\ARM_GCC_541\Debug\RADAR_Movement_Detector.a(WaveDAC8_DacClk.o)
 .debug_info    0x0000dc3b      0x1a7 .\CortexM3\ARM_GCC_541\Debug\RADAR_Movement_Detector.a(WaveDAC8_Wave1_DMA_dma.o)
 .debug_info    0x0000dde2      0x1a8 .\CortexM3\ARM_GCC_541\Debug\RADAR_Movement_Detector.a(WaveDAC8_Wave2_DMA_dma.o)
 .debug_info    0x0000df8a      0x1de .\CortexM3\ARM_GCC_541\Debug\RADAR_Movement_Detector.a(WaveDAC8_VDAC8.o)
 .debug_info    0x0000e168      0xa18 .\CortexM3\ARM_GCC_541\Debug\RADAR_Movement_Detector.a(ADC_DelSig.o)
 .debug_info    0x0000eb80       0xd3 .\CortexM3\ARM_GCC_541\Debug\RADAR_Movement_Detector.a(ADC_DelSig_INT.o)
 .debug_info    0x0000ec53      0x165 .\CortexM3\ARM_GCC_541\Debug\RADAR_Movement_Detector.a(ADC_DelSig_AMux.o)
 .debug_info    0x0000edb8      0x283 .\CortexM3\ARM_GCC_541\Debug\RADAR_Movement_Detector.a(ADC_DelSig_Ext_CP_Clk.o)
 .debug_info    0x0000f03b      0x2c4 .\CortexM3\ARM_GCC_541\Debug\RADAR_Movement_Detector.a(ADC_DelSig_theACLK.o)
 .debug_info    0x0000f2ff      0x1a8 .\CortexM3\ARM_GCC_541\Debug\RADAR_Movement_Detector.a(DMA_ADC_MEM_dma.o)
 .debug_info    0x0000f4a7      0x1aa .\CortexM3\ARM_GCC_541\Debug\RADAR_Movement_Detector.a(DMA_MEM_UART_dma.o)
 .debug_info    0x0000f651      0x283 .\CortexM3\ARM_GCC_541\Debug\RADAR_Movement_Detector.a(Clock_1.o)
 .debug_info    0x0000f8d4       0xd3 .\CortexM3\ARM_GCC_541\Debug\RADAR_Movement_Detector.a(CyBootAsmGnu.o)
 .debug_info    0x0000f9a7       0xe8 .\CortexM3\ARM_GCC_541\Debug\RADAR_Movement_Detector.a(ErikaOS_ee_gnu_change_context_isr.o)
 .debug_info    0x0000fa8f       0xdf .\CortexM3\ARM_GCC_541\Debug\RADAR_Movement_Detector.a(ErikaOS_ee_gnu_irq_stack.o)
 .debug_info    0x0000fb6e       0xe3 .\CortexM3\ARM_GCC_541\Debug\RADAR_Movement_Detector.a(ErikaOS_ee_gnu_multi_context.o)
 .debug_info    0x0000fc51       0xd8 .\CortexM3\ARM_GCC_541\Debug\RADAR_Movement_Detector.a(ErikaOS_ee_gnu_oo.o)
 .debug_info    0x0000fd29      0x64d .\CortexM3\ARM_GCC_541\Debug\RADAR_Movement_Detector.a(CyFlash.o)
 .debug_info    0x00010376      0x550 .\CortexM3\ARM_GCC_541\Debug\RADAR_Movement_Detector.a(CySpc.o)
 .debug_info    0x000108c6      0x43d .\CortexM3\ARM_GCC_541\Debug\RADAR_Movement_Detector.a(ErikaOS_ee_tnterm.o)
 .debug_info    0x00010d03      0x487 .\CortexM3\ARM_GCC_541\Debug\RADAR_Movement_Detector.a(ErikaOS_ee_tstub.o)
 .debug_info    0x0001118a      0x501 .\CortexM3\ARM_GCC_541\Debug\RADAR_Movement_Detector.a(ErikaOS_cortex_mx_ee_context.o)
 .debug_info    0x0001168b      0x6f9 .\CortexM3\ARM_GCC_541\Debug\RADAR_Movement_Detector.a(ErikaOS_ee_thendin.o)

.debug_abbrev   0x00000000     0x48df
 *(.debug_abbrev)
 .debug_abbrev  0x00000000      0x307 .\CortexM3\ARM_GCC_541\Debug\main.o
 .debug_abbrev  0x00000307      0x1cc .\CortexM3\ARM_GCC_541\Debug\led.o
 .debug_abbrev  0x000004d3       0xe9 .\CortexM3\ARM_GCC_541\Debug\uart.o
 .debug_abbrev  0x000005bc      0x22d .\CortexM3\ARM_GCC_541\Debug\cyfitter_cfg.o
 .debug_abbrev  0x000007e9       0x66 .\CortexM3\ARM_GCC_541\Debug\cymetadata.o
 .debug_abbrev  0x0000084f      0x1e8 .\CortexM3\ARM_GCC_541\Debug\Cm3Start.o
 .debug_abbrev  0x00000a37      0x1b2 .\CortexM3\ARM_GCC_541\Debug\RADAR_Movement_Detector.a(CyDmac.o)
 .debug_abbrev  0x00000be9      0x254 .\CortexM3\ARM_GCC_541\Debug\RADAR_Movement_Detector.a(CyLib.o)
 .debug_abbrev  0x00000e3d      0x1ab .\CortexM3\ARM_GCC_541\Debug\RADAR_Movement_Detector.a(cyPm.o)
 .debug_abbrev  0x00000fe8      0x284 .\CortexM3\ARM_GCC_541\Debug\RADAR_Movement_Detector.a(ErikaOS_ee_activate.o)
 .debug_abbrev  0x0000126c      0x362 .\CortexM3\ARM_GCC_541\Debug\RADAR_Movement_Detector.a(ErikaOS_ee_altick.o)
 .debug_abbrev  0x000015ce      0x1e0 .\CortexM3\ARM_GCC_541\Debug\RADAR_Movement_Detector.a(ErikaOS_ee_evclear.o)
 .debug_abbrev  0x000017ae      0x150 .\CortexM3\ARM_GCC_541\Debug\RADAR_Movement_Detector.a(ErikaOS_ee_evget.o)
 .debug_abbrev  0x000018fe      0x27f .\CortexM3\ARM_GCC_541\Debug\RADAR_Movement_Detector.a(ErikaOS_ee_evset.o)
 .debug_abbrev  0x00001b7d      0x25d .\CortexM3\ARM_GCC_541\Debug\RADAR_Movement_Detector.a(ErikaOS_ee_evwait.o)
 .debug_abbrev  0x00001dda      0x1da .\CortexM3\ARM_GCC_541\Debug\RADAR_Movement_Detector.a(ErikaOS_ee_irqendin.o)
 .debug_abbrev  0x00001fb4       0xcf .\CortexM3\ARM_GCC_541\Debug\RADAR_Movement_Detector.a(ErikaOS_ee_lookup.o)
 .debug_abbrev  0x00002083       0xfc .\CortexM3\ARM_GCC_541\Debug\RADAR_Movement_Detector.a(ErikaOS_ee_rq_exchg.o)
 .debug_abbrev  0x0000217f       0xed .\CortexM3\ARM_GCC_541\Debug\RADAR_Movement_Detector.a(ErikaOS_ee_rq_first.o)
 .debug_abbrev  0x0000226c      0x109 .\CortexM3\ARM_GCC_541\Debug\RADAR_Movement_Detector.a(ErikaOS_ee_rq_inser.o)
 .debug_abbrev  0x00002375      0x4a7 .\CortexM3\ARM_GCC_541\Debug\RADAR_Movement_Detector.a(ErikaOS_ee_startos.o)
 .debug_abbrev  0x0000281c      0x1de .\CortexM3\ARM_GCC_541\Debug\RADAR_Movement_Detector.a(ErikaOS_ee_terminat.o)
 .debug_abbrev  0x000029fa      0x1f0 .\CortexM3\ARM_GCC_541\Debug\RADAR_Movement_Detector.a(ErikaOS_cortex_mx_ee_utils.o)
 .debug_abbrev  0x00002bea       0xcf .\CortexM3\ARM_GCC_541\Debug\RADAR_Movement_Detector.a(ErikaOS_common_ee_hal_structs.o)
 .debug_abbrev  0x00002cb9      0x127 .\CortexM3\ARM_GCC_541\Debug\RADAR_Movement_Detector.a(ErikaOS_eecfg.o)
 .debug_abbrev  0x00002de0       0x90 .\CortexM3\ARM_GCC_541\Debug\RADAR_Movement_Detector.a(LED_green.o)
 .debug_abbrev  0x00002e70       0x90 .\CortexM3\ARM_GCC_541\Debug\RADAR_Movement_Detector.a(LED_orange.o)
 .debug_abbrev  0x00002f00       0x90 .\CortexM3\ARM_GCC_541\Debug\RADAR_Movement_Detector.a(LED_red.o)
 .debug_abbrev  0x00002f90      0x175 .\CortexM3\ARM_GCC_541\Debug\RADAR_Movement_Detector.a(UART_LOG.o)
 .debug_abbrev  0x00003105      0x139 .\CortexM3\ARM_GCC_541\Debug\RADAR_Movement_Detector.a(UART_LOG_IntClock.o)
 .debug_abbrev  0x0000323e      0x114 .\CortexM3\ARM_GCC_541\Debug\RADAR_Movement_Detector.a(WaveDAC8.o)
 .debug_abbrev  0x00003352      0x139 .\CortexM3\ARM_GCC_541\Debug\RADAR_Movement_Detector.a(WaveDAC8_DacClk.o)
 .debug_abbrev  0x0000348b       0xcd .\CortexM3\ARM_GCC_541\Debug\RADAR_Movement_Detector.a(WaveDAC8_Wave1_DMA_dma.o)
 .debug_abbrev  0x00003558       0xcd .\CortexM3\ARM_GCC_541\Debug\RADAR_Movement_Detector.a(WaveDAC8_Wave2_DMA_dma.o)
 .debug_abbrev  0x00003625       0xf7 .\CortexM3\ARM_GCC_541\Debug\RADAR_Movement_Detector.a(WaveDAC8_VDAC8.o)
 .debug_abbrev  0x0000371c      0x1eb .\CortexM3\ARM_GCC_541\Debug\RADAR_Movement_Detector.a(ADC_DelSig.o)
 .debug_abbrev  0x00003907       0x42 .\CortexM3\ARM_GCC_541\Debug\RADAR_Movement_Detector.a(ADC_DelSig_INT.o)
 .debug_abbrev  0x00003949       0xb1 .\CortexM3\ARM_GCC_541\Debug\RADAR_Movement_Detector.a(ADC_DelSig_AMux.o)
 .debug_abbrev  0x000039fa      0x139 .\CortexM3\ARM_GCC_541\Debug\RADAR_Movement_Detector.a(ADC_DelSig_Ext_CP_Clk.o)
 .debug_abbrev  0x00003b33      0x121 .\CortexM3\ARM_GCC_541\Debug\RADAR_Movement_Detector.a(ADC_DelSig_theACLK.o)
 .debug_abbrev  0x00003c54       0xcd .\CortexM3\ARM_GCC_541\Debug\RADAR_Movement_Detector.a(DMA_ADC_MEM_dma.o)
 .debug_abbrev  0x00003d21       0xcd .\CortexM3\ARM_GCC_541\Debug\RADAR_Movement_Detector.a(DMA_MEM_UART_dma.o)
 .debug_abbrev  0x00003dee      0x139 .\CortexM3\ARM_GCC_541\Debug\RADAR_Movement_Detector.a(Clock_1.o)
 .debug_abbrev  0x00003f27       0x14 .\CortexM3\ARM_GCC_541\Debug\RADAR_Movement_Detector.a(CyBootAsmGnu.o)
 .debug_abbrev  0x00003f3b       0x14 .\CortexM3\ARM_GCC_541\Debug\RADAR_Movement_Detector.a(ErikaOS_ee_gnu_change_context_isr.o)
 .debug_abbrev  0x00003f4f       0x14 .\CortexM3\ARM_GCC_541\Debug\RADAR_Movement_Detector.a(ErikaOS_ee_gnu_irq_stack.o)
 .debug_abbrev  0x00003f63       0x14 .\CortexM3\ARM_GCC_541\Debug\RADAR_Movement_Detector.a(ErikaOS_ee_gnu_multi_context.o)
 .debug_abbrev  0x00003f77       0x14 .\CortexM3\ARM_GCC_541\Debug\RADAR_Movement_Detector.a(ErikaOS_ee_gnu_oo.o)
 .debug_abbrev  0x00003f8b      0x1a7 .\CortexM3\ARM_GCC_541\Debug\RADAR_Movement_Detector.a(CyFlash.o)
 .debug_abbrev  0x00004132      0x194 .\CortexM3\ARM_GCC_541\Debug\RADAR_Movement_Detector.a(CySpc.o)
 .debug_abbrev  0x000042c6      0x157 .\CortexM3\ARM_GCC_541\Debug\RADAR_Movement_Detector.a(ErikaOS_ee_tnterm.o)
 .debug_abbrev  0x0000441d      0x143 .\CortexM3\ARM_GCC_541\Debug\RADAR_Movement_Detector.a(ErikaOS_ee_tstub.o)
 .debug_abbrev  0x00004560      0x156 .\CortexM3\ARM_GCC_541\Debug\RADAR_Movement_Detector.a(ErikaOS_cortex_mx_ee_context.o)
 .debug_abbrev  0x000046b6      0x229 .\CortexM3\ARM_GCC_541\Debug\RADAR_Movement_Detector.a(ErikaOS_ee_thendin.o)

.debug_line     0x00000000     0x5d35
 *(.debug_line)
 .debug_line    0x00000000      0x7b5 .\CortexM3\ARM_GCC_541\Debug\main.o
 .debug_line    0x000007b5      0x305 .\CortexM3\ARM_GCC_541\Debug\led.o
 .debug_line    0x00000aba       0x9d .\CortexM3\ARM_GCC_541\Debug\uart.o
 .debug_line    0x00000b57      0x227 .\CortexM3\ARM_GCC_541\Debug\cyfitter_cfg.o
 .debug_line    0x00000d7e      0x141 .\CortexM3\ARM_GCC_541\Debug\cymetadata.o
 .debug_line    0x00000ebf      0x241 .\CortexM3\ARM_GCC_541\Debug\Cm3Start.o
 .debug_line    0x00001100      0x2e4 .\CortexM3\ARM_GCC_541\Debug\RADAR_Movement_Detector.a(CyDmac.o)
 .debug_line    0x000013e4      0x816 .\CortexM3\ARM_GCC_541\Debug\RADAR_Movement_Detector.a(CyLib.o)
 .debug_line    0x00001bfa      0x367 .\CortexM3\ARM_GCC_541\Debug\RADAR_Movement_Detector.a(cyPm.o)
 .debug_line    0x00001f61      0x1e6 .\CortexM3\ARM_GCC_541\Debug\RADAR_Movement_Detector.a(ErikaOS_ee_activate.o)
 .debug_line    0x00002147      0x2f1 .\CortexM3\ARM_GCC_541\Debug\RADAR_Movement_Detector.a(ErikaOS_ee_altick.o)
 .debug_line    0x00002438      0x1c1 .\CortexM3\ARM_GCC_541\Debug\RADAR_Movement_Detector.a(ErikaOS_ee_evclear.o)
 .debug_line    0x000025f9      0x14b .\CortexM3\ARM_GCC_541\Debug\RADAR_Movement_Detector.a(ErikaOS_ee_evget.o)
 .debug_line    0x00002744      0x1e3 .\CortexM3\ARM_GCC_541\Debug\RADAR_Movement_Detector.a(ErikaOS_ee_evset.o)
 .debug_line    0x00002927      0x1ef .\CortexM3\ARM_GCC_541\Debug\RADAR_Movement_Detector.a(ErikaOS_ee_evwait.o)
 .debug_line    0x00002b16      0x190 .\CortexM3\ARM_GCC_541\Debug\RADAR_Movement_Detector.a(ErikaOS_ee_irqendin.o)
 .debug_line    0x00002ca6      0x10b .\CortexM3\ARM_GCC_541\Debug\RADAR_Movement_Detector.a(ErikaOS_ee_lookup.o)
 .debug_line    0x00002db1      0x14b .\CortexM3\ARM_GCC_541\Debug\RADAR_Movement_Detector.a(ErikaOS_ee_rq_exchg.o)
 .debug_line    0x00002efc      0x142 .\CortexM3\ARM_GCC_541\Debug\RADAR_Movement_Detector.a(ErikaOS_ee_rq_first.o)
 .debug_line    0x0000303e      0x146 .\CortexM3\ARM_GCC_541\Debug\RADAR_Movement_Detector.a(ErikaOS_ee_rq_inser.o)
 .debug_line    0x00003184      0x3e8 .\CortexM3\ARM_GCC_541\Debug\RADAR_Movement_Detector.a(ErikaOS_ee_startos.o)
 .debug_line    0x0000356c      0x1ac .\CortexM3\ARM_GCC_541\Debug\RADAR_Movement_Detector.a(ErikaOS_ee_terminat.o)
 .debug_line    0x00003718      0x17d .\CortexM3\ARM_GCC_541\Debug\RADAR_Movement_Detector.a(ErikaOS_cortex_mx_ee_utils.o)
 .debug_line    0x00003895       0xed .\CortexM3\ARM_GCC_541\Debug\RADAR_Movement_Detector.a(ErikaOS_common_ee_hal_structs.o)
 .debug_line    0x00003982      0x12c .\CortexM3\ARM_GCC_541\Debug\RADAR_Movement_Detector.a(ErikaOS_eecfg.o)
 .debug_line    0x00003aae       0x96 .\CortexM3\ARM_GCC_541\Debug\RADAR_Movement_Detector.a(LED_green.o)
 .debug_line    0x00003b44       0x97 .\CortexM3\ARM_GCC_541\Debug\RADAR_Movement_Detector.a(LED_orange.o)
 .debug_line    0x00003bdb       0x94 .\CortexM3\ARM_GCC_541\Debug\RADAR_Movement_Detector.a(LED_red.o)
 .debug_line    0x00003c6f      0x2c4 .\CortexM3\ARM_GCC_541\Debug\RADAR_Movement_Detector.a(UART_LOG.o)
 .debug_line    0x00003f33      0x180 .\CortexM3\ARM_GCC_541\Debug\RADAR_Movement_Detector.a(UART_LOG_IntClock.o)
 .debug_line    0x000040b3      0x156 .\CortexM3\ARM_GCC_541\Debug\RADAR_Movement_Detector.a(WaveDAC8.o)
 .debug_line    0x00004209      0x17e .\CortexM3\ARM_GCC_541\Debug\RADAR_Movement_Detector.a(WaveDAC8_DacClk.o)
 .debug_line    0x00004387       0x8f .\CortexM3\ARM_GCC_541\Debug\RADAR_Movement_Detector.a(WaveDAC8_Wave1_DMA_dma.o)
 .debug_line    0x00004416       0x8f .\CortexM3\ARM_GCC_541\Debug\RADAR_Movement_Detector.a(WaveDAC8_Wave2_DMA_dma.o)
 .debug_line    0x000044a5       0xea .\CortexM3\ARM_GCC_541\Debug\RADAR_Movement_Detector.a(WaveDAC8_VDAC8.o)
 .debug_line    0x0000458f      0x373 .\CortexM3\ARM_GCC_541\Debug\RADAR_Movement_Detector.a(ADC_DelSig.o)
 .debug_line    0x00004902       0x87 .\CortexM3\ARM_GCC_541\Debug\RADAR_Movement_Detector.a(ADC_DelSig_INT.o)
 .debug_line    0x00004989       0xb3 .\CortexM3\ARM_GCC_541\Debug\RADAR_Movement_Detector.a(ADC_DelSig_AMux.o)
 .debug_line    0x00004a3c      0x184 .\CortexM3\ARM_GCC_541\Debug\RADAR_Movement_Detector.a(ADC_DelSig_Ext_CP_Clk.o)
 .debug_line    0x00004bc0      0x1a4 .\CortexM3\ARM_GCC_541\Debug\RADAR_Movement_Detector.a(ADC_DelSig_theACLK.o)
 .debug_line    0x00004d64       0x88 .\CortexM3\ARM_GCC_541\Debug\RADAR_Movement_Detector.a(DMA_ADC_MEM_dma.o)
 .debug_line    0x00004dec       0x89 .\CortexM3\ARM_GCC_541\Debug\RADAR_Movement_Detector.a(DMA_MEM_UART_dma.o)
 .debug_line    0x00004e75      0x176 .\CortexM3\ARM_GCC_541\Debug\RADAR_Movement_Detector.a(Clock_1.o)
 .debug_line    0x00004feb       0x66 .\CortexM3\ARM_GCC_541\Debug\RADAR_Movement_Detector.a(CyBootAsmGnu.o)
 .debug_line    0x00005051       0xac .\CortexM3\ARM_GCC_541\Debug\RADAR_Movement_Detector.a(ErikaOS_ee_gnu_change_context_isr.o)
 .debug_line    0x000050fd       0x72 .\CortexM3\ARM_GCC_541\Debug\RADAR_Movement_Detector.a(ErikaOS_ee_gnu_irq_stack.o)
 .debug_line    0x0000516f       0x9b .\CortexM3\ARM_GCC_541\Debug\RADAR_Movement_Detector.a(ErikaOS_ee_gnu_multi_context.o)
 .debug_line    0x0000520a       0x97 .\CortexM3\ARM_GCC_541\Debug\RADAR_Movement_Detector.a(ErikaOS_ee_gnu_oo.o)
 .debug_line    0x000052a1      0x21a .\CortexM3\ARM_GCC_541\Debug\RADAR_Movement_Detector.a(CyFlash.o)
 .debug_line    0x000054bb      0x260 .\CortexM3\ARM_GCC_541\Debug\RADAR_Movement_Detector.a(CySpc.o)
 .debug_line    0x0000571b      0x169 .\CortexM3\ARM_GCC_541\Debug\RADAR_Movement_Detector.a(ErikaOS_ee_tnterm.o)
 .debug_line    0x00005884      0x160 .\CortexM3\ARM_GCC_541\Debug\RADAR_Movement_Detector.a(ErikaOS_ee_tstub.o)
 .debug_line    0x000059e4      0x19a .\CortexM3\ARM_GCC_541\Debug\RADAR_Movement_Detector.a(ErikaOS_cortex_mx_ee_context.o)
 .debug_line    0x00005b7e      0x1b7 .\CortexM3\ARM_GCC_541\Debug\RADAR_Movement_Detector.a(ErikaOS_ee_thendin.o)

.debug_frame    0x00000000     0x2614
 *(.debug_frame)
 .debug_frame   0x00000000      0x200 .\CortexM3\ARM_GCC_541\Debug\main.o
 .debug_frame   0x00000200       0x6c .\CortexM3\ARM_GCC_541\Debug\led.o
 .debug_frame   0x0000026c       0x64 .\CortexM3\ARM_GCC_541\Debug\uart.o
 .debug_frame   0x000002d0      0x104 .\CortexM3\ARM_GCC_541\Debug\cyfitter_cfg.o
 .debug_frame   0x000003d4       0xb8 .\CortexM3\ARM_GCC_541\Debug\Cm3Start.o
 .debug_frame   0x0000048c      0x1f8 .\CortexM3\ARM_GCC_541\Debug\RADAR_Movement_Detector.a(CyDmac.o)
 .debug_frame   0x00000684      0x738 .\CortexM3\ARM_GCC_541\Debug\RADAR_Movement_Detector.a(CyLib.o)
 .debug_frame   0x00000dbc      0x1f8 .\CortexM3\ARM_GCC_541\Debug\RADAR_Movement_Detector.a(cyPm.o)
 .debug_frame   0x00000fb4       0x30 .\CortexM3\ARM_GCC_541\Debug\RADAR_Movement_Detector.a(ErikaOS_ee_activate.o)
 .debug_frame   0x00000fe4      0x10c .\CortexM3\ARM_GCC_541\Debug\RADAR_Movement_Detector.a(ErikaOS_ee_altick.o)
 .debug_frame   0x000010f0       0x38 .\CortexM3\ARM_GCC_541\Debug\RADAR_Movement_Detector.a(ErikaOS_ee_evclear.o)
 .debug_frame   0x00001128       0x20 .\CortexM3\ARM_GCC_541\Debug\RADAR_Movement_Detector.a(ErikaOS_ee_evget.o)
 .debug_frame   0x00001148       0x30 .\CortexM3\ARM_GCC_541\Debug\RADAR_Movement_Detector.a(ErikaOS_ee_evset.o)
 .debug_frame   0x00001178       0x30 .\CortexM3\ARM_GCC_541\Debug\RADAR_Movement_Detector.a(ErikaOS_ee_evwait.o)
 .debug_frame   0x000011a8       0x58 .\CortexM3\ARM_GCC_541\Debug\RADAR_Movement_Detector.a(ErikaOS_ee_irqendin.o)
 .debug_frame   0x00001200       0x3c .\CortexM3\ARM_GCC_541\Debug\RADAR_Movement_Detector.a(ErikaOS_ee_rq_exchg.o)
 .debug_frame   0x0000123c       0x20 .\CortexM3\ARM_GCC_541\Debug\RADAR_Movement_Detector.a(ErikaOS_ee_rq_first.o)
 .debug_frame   0x0000125c       0x30 .\CortexM3\ARM_GCC_541\Debug\RADAR_Movement_Detector.a(ErikaOS_ee_rq_inser.o)
 .debug_frame   0x0000128c       0x90 .\CortexM3\ARM_GCC_541\Debug\RADAR_Movement_Detector.a(ErikaOS_ee_startos.o)
 .debug_frame   0x0000131c       0x2c .\CortexM3\ARM_GCC_541\Debug\RADAR_Movement_Detector.a(ErikaOS_ee_terminat.o)
 .debug_frame   0x00001348       0x30 .\CortexM3\ARM_GCC_541\Debug\RADAR_Movement_Detector.a(ErikaOS_cortex_mx_ee_utils.o)
 .debug_frame   0x00001378       0x50 .\CortexM3\ARM_GCC_541\Debug\RADAR_Movement_Detector.a(LED_green.o)
 .debug_frame   0x000013c8       0x50 .\CortexM3\ARM_GCC_541\Debug\RADAR_Movement_Detector.a(LED_orange.o)
 .debug_frame   0x00001418       0x50 .\CortexM3\ARM_GCC_541\Debug\RADAR_Movement_Detector.a(LED_red.o)
 .debug_frame   0x00001468      0x250 .\CortexM3\ARM_GCC_541\Debug\RADAR_Movement_Detector.a(UART_LOG.o)
 .debug_frame   0x000016b8       0xe0 .\CortexM3\ARM_GCC_541\Debug\RADAR_Movement_Detector.a(UART_LOG_IntClock.o)
 .debug_frame   0x00001798       0xe0 .\CortexM3\ARM_GCC_541\Debug\RADAR_Movement_Detector.a(WaveDAC8.o)
 .debug_frame   0x00001878       0xe0 .\CortexM3\ARM_GCC_541\Debug\RADAR_Movement_Detector.a(WaveDAC8_DacClk.o)
 .debug_frame   0x00001958       0x54 .\CortexM3\ARM_GCC_541\Debug\RADAR_Movement_Detector.a(WaveDAC8_Wave1_DMA_dma.o)
 .debug_frame   0x000019ac       0x54 .\CortexM3\ARM_GCC_541\Debug\RADAR_Movement_Detector.a(WaveDAC8_Wave2_DMA_dma.o)
 .debug_frame   0x00001a00       0xb4 .\CortexM3\ARM_GCC_541\Debug\RADAR_Movement_Detector.a(WaveDAC8_VDAC8.o)
 .debug_frame   0x00001ab4      0x284 .\CortexM3\ARM_GCC_541\Debug\RADAR_Movement_Detector.a(ADC_DelSig.o)
 .debug_frame   0x00001d38       0x50 .\CortexM3\ARM_GCC_541\Debug\RADAR_Movement_Detector.a(ADC_DelSig_INT.o)
 .debug_frame   0x00001d88       0x64 .\CortexM3\ARM_GCC_541\Debug\RADAR_Movement_Detector.a(ADC_DelSig_AMux.o)
 .debug_frame   0x00001dec       0xe0 .\CortexM3\ARM_GCC_541\Debug\RADAR_Movement_Detector.a(ADC_DelSig_Ext_CP_Clk.o)
 .debug_frame   0x00001ecc      0x100 .\CortexM3\ARM_GCC_541\Debug\RADAR_Movement_Detector.a(ADC_DelSig_theACLK.o)
 .debug_frame   0x00001fcc       0x54 .\CortexM3\ARM_GCC_541\Debug\RADAR_Movement_Detector.a(DMA_ADC_MEM_dma.o)
 .debug_frame   0x00002020       0x54 .\CortexM3\ARM_GCC_541\Debug\RADAR_Movement_Detector.a(DMA_MEM_UART_dma.o)
 .debug_frame   0x00002074       0xe0 .\CortexM3\ARM_GCC_541\Debug\RADAR_Movement_Detector.a(Clock_1.o)
 .debug_frame   0x00002154      0x194 .\CortexM3\ARM_GCC_541\Debug\RADAR_Movement_Detector.a(CyFlash.o)
 .debug_frame   0x000022e8      0x180 .\CortexM3\ARM_GCC_541\Debug\RADAR_Movement_Detector.a(CySpc.o)
 .debug_frame   0x00002468       0x2c .\CortexM3\ARM_GCC_541\Debug\RADAR_Movement_Detector.a(ErikaOS_ee_tnterm.o)
 .debug_frame   0x00002494       0x2c .\CortexM3\ARM_GCC_541\Debug\RADAR_Movement_Detector.a(ErikaOS_ee_tstub.o)
 .debug_frame   0x000024c0       0x3c .\CortexM3\ARM_GCC_541\Debug\RADAR_Movement_Detector.a(ErikaOS_cortex_mx_ee_context.o)
 .debug_frame   0x000024fc       0x5c .\CortexM3\ARM_GCC_541\Debug\RADAR_Movement_Detector.a(ErikaOS_ee_thendin.o)
 .debug_frame   0x00002558       0x20 c:/program files (x86)/cypress/psoc creator/4.4/psoc creator/import/gnu/arm/5.4.1/bin/../lib/gcc/arm-none-eabi/5.4.1/../../../../arm-none-eabi/lib/armv7-m\libg_nano.a(lib_a-errno.o)
 .debug_frame   0x00002578       0x28 c:/program files (x86)/cypress/psoc creator/4.4/psoc creator/import/gnu/arm/5.4.1/bin/../lib/gcc/arm-none-eabi/5.4.1/../../../../arm-none-eabi/lib/armv7-m\libg_nano.a(lib_a-exit.o)
 .debug_frame   0x000025a0       0x2c c:/program files (x86)/cypress/psoc creator/4.4/psoc creator/import/gnu/arm/5.4.1/bin/../lib/gcc/arm-none-eabi/5.4.1/../../../../arm-none-eabi/lib/armv7-m\libg_nano.a(lib_a-init.o)
 .debug_frame   0x000025cc       0x28 c:/program files (x86)/cypress/psoc creator/4.4/psoc creator/import/gnu/arm/5.4.1/bin/../lib/gcc/arm-none-eabi/5.4.1/../../../../arm-none-eabi/lib/armv7-m\libg_nano.a(lib_a-memcpy-stub.o)
 .debug_frame   0x000025f4       0x20 c:/program files (x86)/cypress/psoc creator/4.4/psoc creator/import/gnu/arm/5.4.1/bin/../lib/gcc/arm-none-eabi/5.4.1/../../../../arm-none-eabi/lib/armv7-m\libg_nano.a(lib_a-memset.o)

.debug_str      0x00000000     0x4abc
 *(.debug_str)
 .debug_str     0x00000000      0x7c9 .\CortexM3\ARM_GCC_541\Debug\main.o
                                0x87f (size before relaxing)
 .debug_str     0x000007c9      0x2ce .\CortexM3\ARM_GCC_541\Debug\led.o
                                0x555 (size before relaxing)
 .debug_str     0x00000a97       0x93 .\CortexM3\ARM_GCC_541\Debug\uart.o
                                0x447 (size before relaxing)
 .debug_str     0x00000b2a      0x1f8 .\CortexM3\ARM_GCC_541\Debug\cyfitter_cfg.o
                                0x3ef (size before relaxing)
 .debug_str     0x00000d22       0x75 .\CortexM3\ARM_GCC_541\Debug\cymetadata.o
                                0x227 (size before relaxing)
 .debug_str     0x00000d97      0x14f .\CortexM3\ARM_GCC_541\Debug\Cm3Start.o
                                0x35d (size before relaxing)
 .debug_str     0x00000ee6      0x303 .\CortexM3\ARM_GCC_541\Debug\RADAR_Movement_Detector.a(CyDmac.o)
                                0x58d (size before relaxing)
 .debug_str     0x000011e9      0x7f4 .\CortexM3\ARM_GCC_541\Debug\RADAR_Movement_Detector.a(CyLib.o)
                                0xa8a (size before relaxing)
 .debug_str     0x000019dd      0x365 .\CortexM3\ARM_GCC_541\Debug\RADAR_Movement_Detector.a(cyPm.o)
                                0x776 (size before relaxing)
 .debug_str     0x00001d42      0x5be .\CortexM3\ARM_GCC_541\Debug\RADAR_Movement_Detector.a(ErikaOS_ee_activate.o)
                                0x848 (size before relaxing)
 .debug_str     0x00002300      0x25f .\CortexM3\ARM_GCC_541\Debug\RADAR_Movement_Detector.a(ErikaOS_ee_altick.o)
                                0xaa3 (size before relaxing)
 .debug_str     0x0000255f       0x2c .\CortexM3\ARM_GCC_541\Debug\RADAR_Movement_Detector.a(ErikaOS_ee_evclear.o)
                                0x620 (size before relaxing)
 .debug_str     0x0000258b       0x5b .\CortexM3\ARM_GCC_541\Debug\RADAR_Movement_Detector.a(ErikaOS_ee_evget.o)
                                0x590 (size before relaxing)
 .debug_str     0x000025e6       0x2a .\CortexM3\ARM_GCC_541\Debug\RADAR_Movement_Detector.a(ErikaOS_ee_evset.o)
                                0x820 (size before relaxing)
 .debug_str     0x00002610       0x8d .\CortexM3\ARM_GCC_541\Debug\RADAR_Movement_Detector.a(ErikaOS_ee_evwait.o)
                                0x864 (size before relaxing)
 .debug_str     0x0000269d       0xc8 .\CortexM3\ARM_GCC_541\Debug\RADAR_Movement_Detector.a(ErikaOS_ee_irqendin.o)
                                0x6fd (size before relaxing)
 .debug_str     0x00002765       0x2b .\CortexM3\ARM_GCC_541\Debug\RADAR_Movement_Detector.a(ErikaOS_ee_lookup.o)
                                0x4cc (size before relaxing)
 .debug_str     0x00002790       0x8a .\CortexM3\ARM_GCC_541\Debug\RADAR_Movement_Detector.a(ErikaOS_ee_rq_exchg.o)
                                0x53e (size before relaxing)
 .debug_str     0x0000281a       0x2d .\CortexM3\ARM_GCC_541\Debug\RADAR_Movement_Detector.a(ErikaOS_ee_rq_first.o)
                                0x509 (size before relaxing)
 .debug_str     0x00002847       0x38 .\CortexM3\ARM_GCC_541\Debug\RADAR_Movement_Detector.a(ErikaOS_ee_rq_inser.o)
                                0x543 (size before relaxing)
 .debug_str     0x0000287f      0x8a8 .\CortexM3\ARM_GCC_541\Debug\RADAR_Movement_Detector.a(ErikaOS_ee_startos.o)
                               0x176f (size before relaxing)
 .debug_str     0x00003127       0x5b .\CortexM3\ARM_GCC_541\Debug\RADAR_Movement_Detector.a(ErikaOS_ee_terminat.o)
                                0x62d (size before relaxing)
 .debug_str     0x00003182       0x71 .\CortexM3\ARM_GCC_541\Debug\RADAR_Movement_Detector.a(ErikaOS_cortex_mx_ee_utils.o)
                                0x59b (size before relaxing)
 .debug_str     0x000031f3       0x37 .\CortexM3\ARM_GCC_541\Debug\RADAR_Movement_Detector.a(ErikaOS_common_ee_hal_structs.o)
                                0x4d8 (size before relaxing)
 .debug_str     0x0000322a      0x19d .\CortexM3\ARM_GCC_541\Debug\RADAR_Movement_Detector.a(ErikaOS_eecfg.o)
                                0x826 (size before relaxing)
 .debug_str     0x000033c7       0x6a .\CortexM3\ARM_GCC_541\Debug\RADAR_Movement_Detector.a(LED_green.o)
                                0x239 (size before relaxing)
 .debug_str     0x00003431       0x63 .\CortexM3\ARM_GCC_541\Debug\RADAR_Movement_Detector.a(LED_orange.o)
                                0x23e (size before relaxing)
 .debug_str     0x00003494       0x57 .\CortexM3\ARM_GCC_541\Debug\RADAR_Movement_Detector.a(LED_red.o)
                                0x22f (size before relaxing)
 .debug_str     0x000034eb      0x2db .\CortexM3\ARM_GCC_541\Debug\RADAR_Movement_Detector.a(UART_LOG.o)
                                0x534 (size before relaxing)
 .debug_str     0x000037c6      0x1ab .\CortexM3\ARM_GCC_541\Debug\RADAR_Movement_Detector.a(UART_LOG_IntClock.o)
                                0x3a9 (size before relaxing)
 .debug_str     0x00003971      0x220 .\CortexM3\ARM_GCC_541\Debug\RADAR_Movement_Detector.a(WaveDAC8.o)
                                0x47a (size before relaxing)
 .debug_str     0x00003b91      0x14c .\CortexM3\ARM_GCC_541\Debug\RADAR_Movement_Detector.a(WaveDAC8_DacClk.o)
                                0x391 (size before relaxing)
 .debug_str     0x00003cdd       0xa6 .\CortexM3\ARM_GCC_541\Debug\RADAR_Movement_Detector.a(WaveDAC8_Wave1_DMA_dma.o)
                                0x2e3 (size before relaxing)
 .debug_str     0x00003d83       0x6b .\CortexM3\ARM_GCC_541\Debug\RADAR_Movement_Detector.a(WaveDAC8_Wave2_DMA_dma.o)
                                0x2e3 (size before relaxing)
 .debug_str     0x00003dee       0x77 .\CortexM3\ARM_GCC_541\Debug\RADAR_Movement_Detector.a(WaveDAC8_VDAC8.o)
                                0x2bc (size before relaxing)
 .debug_str     0x00003e65      0x43d .\CortexM3\ARM_GCC_541\Debug\RADAR_Movement_Detector.a(ADC_DelSig.o)
                                0x72b (size before relaxing)
 .debug_str     0x000042a2       0x68 .\CortexM3\ARM_GCC_541\Debug\RADAR_Movement_Detector.a(ADC_DelSig_INT.o)
                                0x226 (size before relaxing)
 .debug_str     0x0000430a       0x7b .\CortexM3\ARM_GCC_541\Debug\RADAR_Movement_Detector.a(ADC_DelSig_AMux.o)
                                0x273 (size before relaxing)
 .debug_str     0x00004385      0x170 .\CortexM3\ARM_GCC_541\Debug\RADAR_Movement_Detector.a(ADC_DelSig_Ext_CP_Clk.o)
                                0x3d9 (size before relaxing)
 .debug_str     0x000044f5      0x1a3 .\CortexM3\ARM_GCC_541\Debug\RADAR_Movement_Detector.a(ADC_DelSig_theACLK.o)
                                0x406 (size before relaxing)
 .debug_str     0x00004698       0x56 .\CortexM3\ARM_GCC_541\Debug\RADAR_Movement_Detector.a(DMA_ADC_MEM_dma.o)
                                0x2c7 (size before relaxing)
 .debug_str     0x000046ee       0x59 .\CortexM3\ARM_GCC_541\Debug\RADAR_Movement_Detector.a(DMA_MEM_UART_dma.o)
                                0x2cb (size before relaxing)
 .debug_str     0x00004747      0x109 .\CortexM3\ARM_GCC_541\Debug\RADAR_Movement_Detector.a(Clock_1.o)
                                0x331 (size before relaxing)
 .debug_str     0x00004850       0x6c .\CortexM3\ARM_GCC_541\Debug\RADAR_Movement_Detector.a(CyFlash.o)
                                0x403 (size before relaxing)
 .debug_str     0x000048bc       0x64 .\CortexM3\ARM_GCC_541\Debug\RADAR_Movement_Detector.a(CySpc.o)
                                0x37b (size before relaxing)
 .debug_str     0x00004920       0x56 .\CortexM3\ARM_GCC_541\Debug\RADAR_Movement_Detector.a(ErikaOS_ee_tnterm.o)
                                0x53f (size before relaxing)
 .debug_str     0x00004976       0x55 .\CortexM3\ARM_GCC_541\Debug\RADAR_Movement_Detector.a(ErikaOS_ee_tstub.o)
                                0x616 (size before relaxing)
 .debug_str     0x000049cb       0x8a .\CortexM3\ARM_GCC_541\Debug\RADAR_Movement_Detector.a(ErikaOS_cortex_mx_ee_context.o)
                                0x5cd (size before relaxing)
 .debug_str     0x00004a55       0x67 .\CortexM3\ARM_GCC_541\Debug\RADAR_Movement_Detector.a(ErikaOS_ee_thendin.o)
                                0x793 (size before relaxing)

.debug_loc      0x00000000     0x4e25
 *(.debug_loc)
 .debug_loc     0x00000000      0x30e .\CortexM3\ARM_GCC_541\Debug\main.o
 .debug_loc     0x0000030e      0x2bf .\CortexM3\ARM_GCC_541\Debug\led.o
 .debug_loc     0x000005cd       0x13 .\CortexM3\ARM_GCC_541\Debug\uart.o
 .debug_loc     0x000005e0      0x29c .\CortexM3\ARM_GCC_541\Debug\cyfitter_cfg.o
 .debug_loc     0x0000087c      0x144 .\CortexM3\ARM_GCC_541\Debug\Cm3Start.o
 .debug_loc     0x000009c0      0xb8e .\CortexM3\ARM_GCC_541\Debug\RADAR_Movement_Detector.a(CyDmac.o)
 .debug_loc     0x0000154e      0xa11 .\CortexM3\ARM_GCC_541\Debug\RADAR_Movement_Detector.a(CyLib.o)
 .debug_loc     0x00001f5f      0x1e4 .\CortexM3\ARM_GCC_541\Debug\RADAR_Movement_Detector.a(cyPm.o)
 .debug_loc     0x00002143      0x12d .\CortexM3\ARM_GCC_541\Debug\RADAR_Movement_Detector.a(ErikaOS_ee_activate.o)
 .debug_loc     0x00002270      0x46c .\CortexM3\ARM_GCC_541\Debug\RADAR_Movement_Detector.a(ErikaOS_ee_altick.o)
 .debug_loc     0x000026dc       0xbc .\CortexM3\ARM_GCC_541\Debug\RADAR_Movement_Detector.a(ErikaOS_ee_evclear.o)
 .debug_loc     0x00002798       0xa4 .\CortexM3\ARM_GCC_541\Debug\RADAR_Movement_Detector.a(ErikaOS_ee_evget.o)
 .debug_loc     0x0000283c      0x16b .\CortexM3\ARM_GCC_541\Debug\RADAR_Movement_Detector.a(ErikaOS_ee_evset.o)
 .debug_loc     0x000029a7      0x13f .\CortexM3\ARM_GCC_541\Debug\RADAR_Movement_Detector.a(ErikaOS_ee_evwait.o)
 .debug_loc     0x00002ae6       0x62 .\CortexM3\ARM_GCC_541\Debug\RADAR_Movement_Detector.a(ErikaOS_ee_irqendin.o)
 .debug_loc     0x00002b48       0x4a .\CortexM3\ARM_GCC_541\Debug\RADAR_Movement_Detector.a(ErikaOS_ee_rq_exchg.o)
 .debug_loc     0x00002b92       0x36 .\CortexM3\ARM_GCC_541\Debug\RADAR_Movement_Detector.a(ErikaOS_ee_rq_first.o)
 .debug_loc     0x00002bc8       0x1e .\CortexM3\ARM_GCC_541\Debug\RADAR_Movement_Detector.a(ErikaOS_ee_rq_inser.o)
 .debug_loc     0x00002be6      0x1d8 .\CortexM3\ARM_GCC_541\Debug\RADAR_Movement_Detector.a(ErikaOS_ee_startos.o)
 .debug_loc     0x00002dbe       0x50 .\CortexM3\ARM_GCC_541\Debug\RADAR_Movement_Detector.a(ErikaOS_ee_terminat.o)
 .debug_loc     0x00002e0e       0x13 .\CortexM3\ARM_GCC_541\Debug\RADAR_Movement_Detector.a(ErikaOS_cortex_mx_ee_utils.o)
 .debug_loc     0x00002e21       0x42 .\CortexM3\ARM_GCC_541\Debug\RADAR_Movement_Detector.a(LED_green.o)
 .debug_loc     0x00002e63       0x42 .\CortexM3\ARM_GCC_541\Debug\RADAR_Movement_Detector.a(LED_orange.o)
 .debug_loc     0x00002ea5       0x42 .\CortexM3\ARM_GCC_541\Debug\RADAR_Movement_Detector.a(LED_red.o)
 .debug_loc     0x00002ee7      0x258 .\CortexM3\ARM_GCC_541\Debug\RADAR_Movement_Detector.a(UART_LOG.o)
 .debug_loc     0x0000313f      0x128 .\CortexM3\ARM_GCC_541\Debug\RADAR_Movement_Detector.a(UART_LOG_IntClock.o)
 .debug_loc     0x00003267      0x11b .\CortexM3\ARM_GCC_541\Debug\RADAR_Movement_Detector.a(WaveDAC8.o)
 .debug_loc     0x00003382      0x128 .\CortexM3\ARM_GCC_541\Debug\RADAR_Movement_Detector.a(WaveDAC8_DacClk.o)
 .debug_loc     0x000034aa       0x84 .\CortexM3\ARM_GCC_541\Debug\RADAR_Movement_Detector.a(WaveDAC8_Wave1_DMA_dma.o)
 .debug_loc     0x0000352e       0x84 .\CortexM3\ARM_GCC_541\Debug\RADAR_Movement_Detector.a(WaveDAC8_Wave2_DMA_dma.o)
 .debug_loc     0x000035b2       0x79 .\CortexM3\ARM_GCC_541\Debug\RADAR_Movement_Detector.a(WaveDAC8_VDAC8.o)
 .debug_loc     0x0000362b      0x68c .\CortexM3\ARM_GCC_541\Debug\RADAR_Movement_Detector.a(ADC_DelSig.o)
 .debug_loc     0x00003cb7       0x6c .\CortexM3\ARM_GCC_541\Debug\RADAR_Movement_Detector.a(ADC_DelSig_AMux.o)
 .debug_loc     0x00003d23      0x12c .\CortexM3\ARM_GCC_541\Debug\RADAR_Movement_Detector.a(ADC_DelSig_Ext_CP_Clk.o)
 .debug_loc     0x00003e4f      0x14d .\CortexM3\ARM_GCC_541\Debug\RADAR_Movement_Detector.a(ADC_DelSig_theACLK.o)
 .debug_loc     0x00003f9c       0x84 .\CortexM3\ARM_GCC_541\Debug\RADAR_Movement_Detector.a(DMA_ADC_MEM_dma.o)
 .debug_loc     0x00004020       0x84 .\CortexM3\ARM_GCC_541\Debug\RADAR_Movement_Detector.a(DMA_MEM_UART_dma.o)
 .debug_loc     0x000040a4      0x128 .\CortexM3\ARM_GCC_541\Debug\RADAR_Movement_Detector.a(Clock_1.o)
 .debug_loc     0x000041cc      0x3b2 .\CortexM3\ARM_GCC_541\Debug\RADAR_Movement_Detector.a(CyFlash.o)
 .debug_loc     0x0000457e      0x705 .\CortexM3\ARM_GCC_541\Debug\RADAR_Movement_Detector.a(CySpc.o)
 .debug_loc     0x00004c83       0xc5 .\CortexM3\ARM_GCC_541\Debug\RADAR_Movement_Detector.a(ErikaOS_cortex_mx_ee_context.o)
 .debug_loc     0x00004d48       0xdd .\CortexM3\ARM_GCC_541\Debug\RADAR_Movement_Detector.a(ErikaOS_ee_thendin.o)

.debug_macinfo
 *(.debug_macinfo)

.debug_ranges   0x00000000      0xdf8
 *(.debug_ranges)
 .debug_ranges  0x00000000       0x80 .\CortexM3\ARM_GCC_541\Debug\main.o
 .debug_ranges  0x00000080       0x78 .\CortexM3\ARM_GCC_541\Debug\led.o
 .debug_ranges  0x000000f8       0x20 .\CortexM3\ARM_GCC_541\Debug\uart.o
 .debug_ranges  0x00000118       0x58 .\CortexM3\ARM_GCC_541\Debug\cyfitter_cfg.o
 .debug_ranges  0x00000170       0x38 .\CortexM3\ARM_GCC_541\Debug\Cm3Start.o
 .debug_ranges  0x000001a8       0xc8 .\CortexM3\ARM_GCC_541\Debug\RADAR_Movement_Detector.a(CyDmac.o)
 .debug_ranges  0x00000270      0x290 .\CortexM3\ARM_GCC_541\Debug\RADAR_Movement_Detector.a(CyLib.o)
 .debug_ranges  0x00000500       0x88 .\CortexM3\ARM_GCC_541\Debug\RADAR_Movement_Detector.a(cyPm.o)
 .debug_ranges  0x00000588       0x40 .\CortexM3\ARM_GCC_541\Debug\RADAR_Movement_Detector.a(ErikaOS_ee_activate.o)
 .debug_ranges  0x000005c8       0x78 .\CortexM3\ARM_GCC_541\Debug\RADAR_Movement_Detector.a(ErikaOS_ee_altick.o)
 .debug_ranges  0x00000640       0x28 .\CortexM3\ARM_GCC_541\Debug\RADAR_Movement_Detector.a(ErikaOS_ee_evclear.o)
 .debug_ranges  0x00000668       0x10 .\CortexM3\ARM_GCC_541\Debug\RADAR_Movement_Detector.a(ErikaOS_ee_evget.o)
 .debug_ranges  0x00000678       0x40 .\CortexM3\ARM_GCC_541\Debug\RADAR_Movement_Detector.a(ErikaOS_ee_evset.o)
 .debug_ranges  0x000006b8       0x10 .\CortexM3\ARM_GCC_541\Debug\RADAR_Movement_Detector.a(ErikaOS_ee_evwait.o)
 .debug_ranges  0x000006c8       0x20 .\CortexM3\ARM_GCC_541\Debug\RADAR_Movement_Detector.a(ErikaOS_ee_irqendin.o)
 .debug_ranges  0x000006e8       0x10 .\CortexM3\ARM_GCC_541\Debug\RADAR_Movement_Detector.a(ErikaOS_ee_rq_exchg.o)
 .debug_ranges  0x000006f8       0x10 .\CortexM3\ARM_GCC_541\Debug\RADAR_Movement_Detector.a(ErikaOS_ee_rq_first.o)
 .debug_ranges  0x00000708       0x10 .\CortexM3\ARM_GCC_541\Debug\RADAR_Movement_Detector.a(ErikaOS_ee_rq_inser.o)
 .debug_ranges  0x00000718       0x30 .\CortexM3\ARM_GCC_541\Debug\RADAR_Movement_Detector.a(ErikaOS_ee_startos.o)
 .debug_ranges  0x00000748       0x10 .\CortexM3\ARM_GCC_541\Debug\RADAR_Movement_Detector.a(ErikaOS_ee_terminat.o)
 .debug_ranges  0x00000758       0x10 .\CortexM3\ARM_GCC_541\Debug\RADAR_Movement_Detector.a(ErikaOS_cortex_mx_ee_utils.o)
 .debug_ranges  0x00000768       0x28 .\CortexM3\ARM_GCC_541\Debug\RADAR_Movement_Detector.a(LED_green.o)
 .debug_ranges  0x00000790       0x28 .\CortexM3\ARM_GCC_541\Debug\RADAR_Movement_Detector.a(LED_orange.o)
 .debug_ranges  0x000007b8       0x28 .\CortexM3\ARM_GCC_541\Debug\RADAR_Movement_Detector.a(LED_red.o)
 .debug_ranges  0x000007e0       0xe0 .\CortexM3\ARM_GCC_541\Debug\RADAR_Movement_Detector.a(UART_LOG.o)
 .debug_ranges  0x000008c0       0x60 .\CortexM3\ARM_GCC_541\Debug\RADAR_Movement_Detector.a(UART_LOG_IntClock.o)
 .debug_ranges  0x00000920       0x40 .\CortexM3\ARM_GCC_541\Debug\RADAR_Movement_Detector.a(WaveDAC8.o)
 .debug_ranges  0x00000960       0x60 .\CortexM3\ARM_GCC_541\Debug\RADAR_Movement_Detector.a(WaveDAC8_DacClk.o)
 .debug_ranges  0x000009c0       0x18 .\CortexM3\ARM_GCC_541\Debug\RADAR_Movement_Detector.a(WaveDAC8_Wave1_DMA_dma.o)
 .debug_ranges  0x000009d8       0x18 .\CortexM3\ARM_GCC_541\Debug\RADAR_Movement_Detector.a(WaveDAC8_Wave2_DMA_dma.o)
 .debug_ranges  0x000009f0       0x48 .\CortexM3\ARM_GCC_541\Debug\RADAR_Movement_Detector.a(WaveDAC8_VDAC8.o)
 .debug_ranges  0x00000a38       0xd8 .\CortexM3\ARM_GCC_541\Debug\RADAR_Movement_Detector.a(ADC_DelSig.o)
 .debug_ranges  0x00000b10       0x28 .\CortexM3\ARM_GCC_541\Debug\RADAR_Movement_Detector.a(ADC_DelSig_INT.o)